Component: ARM Compiler 5.06 update 5 (build 528) Tool: armlink [4d35e2]

==============================================================================

Section Cross References

    startup_stm32f401xe.o(RESET) refers to startup_stm32f401xe.o(STACK) for __initial_sp
    startup_stm32f401xe.o(RESET) refers to startup_stm32f401xe.o(.text) for Reset_Handler
    startup_stm32f401xe.o(RESET) refers to stm32f4xx_it.o(i.NMI_Handler) for NMI_Handler
    startup_stm32f401xe.o(RESET) refers to stm32f4xx_it.o(i.HardFault_Handler) for HardFault_Handler
    startup_stm32f401xe.o(RESET) refers to stm32f4xx_it.o(i.MemManage_Handler) for MemManage_Handler
    startup_stm32f401xe.o(RESET) refers to stm32f4xx_it.o(i.BusFault_Handler) for BusFault_Handler
    startup_stm32f401xe.o(RESET) refers to stm32f4xx_it.o(i.UsageFault_Handler) for UsageFault_Handler
    startup_stm32f401xe.o(RESET) refers to port.o(.emb_text) for SVC_Handler
    startup_stm32f401xe.o(RESET) refers to stm32f4xx_it.o(i.DebugMon_Handler) for DebugMon_Handler
    startup_stm32f401xe.o(RESET) refers to stm32f4xx_it.o(i.SysTick_Handler) for SysTick_Handler
    startup_stm32f401xe.o(RESET) refers to stm32f4xx_it.o(i.EXTI4_IRQHandler) for EXTI4_IRQHandler
    startup_stm32f401xe.o(RESET) refers to stm32f4xx_it.o(i.EXTI15_10_IRQHandler) for EXTI15_10_IRQHandler
    startup_stm32f401xe.o(.text) refers to system_stm32f4xx.o(i.SystemInit) for SystemInit
    startup_stm32f401xe.o(.text) refers to entry.o(.ARM.Collect$$$$00000000) for __main
    vl53l7cx_api.o(i._vl53l7cx_poll_for_answer) refers to platform.o(i.VL53L7CX_RdMulti) for VL53L7CX_RdMulti
    vl53l7cx_api.o(i._vl53l7cx_poll_for_answer) refers to platform.o(i.VL53L7CX_WaitMs) for VL53L7CX_WaitMs
    vl53l7cx_api.o(i._vl53l7cx_send_offset_data) refers to memcpya.o(.text) for __aeabi_memcpy4
    vl53l7cx_api.o(i._vl53l7cx_send_offset_data) refers to platform.o(i.VL53L7CX_SwapBuffer) for VL53L7CX_SwapBuffer
    vl53l7cx_api.o(i._vl53l7cx_send_offset_data) refers to memseta.o(.text) for __aeabi_memclr4
    vl53l7cx_api.o(i._vl53l7cx_send_offset_data) refers to platform.o(i.VL53L7CX_WrMulti) for VL53L7CX_WrMulti
    vl53l7cx_api.o(i._vl53l7cx_send_offset_data) refers to vl53l7cx_api.o(i._vl53l7cx_poll_for_answer) for _vl53l7cx_poll_for_answer
    vl53l7cx_api.o(i._vl53l7cx_send_xtalk_data) refers to memcpya.o(.text) for __aeabi_memcpy4
    vl53l7cx_api.o(i._vl53l7cx_send_xtalk_data) refers to platform.o(i.VL53L7CX_SwapBuffer) for VL53L7CX_SwapBuffer
    vl53l7cx_api.o(i._vl53l7cx_send_xtalk_data) refers to memseta.o(.text) for __aeabi_memclr4
    vl53l7cx_api.o(i._vl53l7cx_send_xtalk_data) refers to platform.o(i.VL53L7CX_WrMulti) for VL53L7CX_WrMulti
    vl53l7cx_api.o(i._vl53l7cx_send_xtalk_data) refers to vl53l7cx_api.o(i._vl53l7cx_poll_for_answer) for _vl53l7cx_poll_for_answer
    vl53l7cx_api.o(i.vl53l7cx_check_data_ready) refers to platform.o(i.VL53L7CX_RdMulti) for VL53L7CX_RdMulti
    vl53l7cx_api.o(i.vl53l7cx_dci_read_data) refers to platform.o(i.VL53L7CX_WrMulti) for VL53L7CX_WrMulti
    vl53l7cx_api.o(i.vl53l7cx_dci_read_data) refers to vl53l7cx_api.o(i._vl53l7cx_poll_for_answer) for _vl53l7cx_poll_for_answer
    vl53l7cx_api.o(i.vl53l7cx_dci_read_data) refers to platform.o(i.VL53L7CX_RdMulti) for VL53L7CX_RdMulti
    vl53l7cx_api.o(i.vl53l7cx_dci_read_data) refers to platform.o(i.VL53L7CX_SwapBuffer) for VL53L7CX_SwapBuffer
    vl53l7cx_api.o(i.vl53l7cx_dci_replace_data) refers to vl53l7cx_api.o(i.vl53l7cx_dci_read_data) for vl53l7cx_dci_read_data
    vl53l7cx_api.o(i.vl53l7cx_dci_replace_data) refers to memcpya.o(.text) for __aeabi_memcpy
    vl53l7cx_api.o(i.vl53l7cx_dci_replace_data) refers to vl53l7cx_api.o(i.vl53l7cx_dci_write_data) for vl53l7cx_dci_write_data
    vl53l7cx_api.o(i.vl53l7cx_dci_write_data) refers to platform.o(i.VL53L7CX_SwapBuffer) for VL53L7CX_SwapBuffer
    vl53l7cx_api.o(i.vl53l7cx_dci_write_data) refers to platform.o(i.VL53L7CX_WrMulti) for VL53L7CX_WrMulti
    vl53l7cx_api.o(i.vl53l7cx_dci_write_data) refers to vl53l7cx_api.o(i._vl53l7cx_poll_for_answer) for _vl53l7cx_poll_for_answer
    vl53l7cx_api.o(i.vl53l7cx_disable_internal_cp) refers to vl53l7cx_api.o(i.vl53l7cx_dci_replace_data) for vl53l7cx_dci_replace_data
    vl53l7cx_api.o(i.vl53l7cx_enable_internal_cp) refers to vl53l7cx_api.o(i.vl53l7cx_dci_replace_data) for vl53l7cx_dci_replace_data
    vl53l7cx_api.o(i.vl53l7cx_get_VHV_repeat_count) refers to vl53l7cx_api.o(i.vl53l7cx_dci_read_data) for vl53l7cx_dci_read_data
    vl53l7cx_api.o(i.vl53l7cx_get_integration_time_ms) refers to vl53l7cx_api.o(i.vl53l7cx_dci_read_data) for vl53l7cx_dci_read_data
    vl53l7cx_api.o(i.vl53l7cx_get_power_mode) refers to platform.o(i.VL53L7CX_WrByte) for VL53L7CX_WrByte
    vl53l7cx_api.o(i.vl53l7cx_get_power_mode) refers to platform.o(i.VL53L7CX_RdByte) for VL53L7CX_RdByte
    vl53l7cx_api.o(i.vl53l7cx_get_ranging_data) refers to platform.o(i.VL53L7CX_RdMulti) for VL53L7CX_RdMulti
[...]
    .constdata                               0x08005ea4   Section    87868  vl53l8cx_api.o(.constdata)
    .constdata                               0x0801b5e0   Section        7  shell.o(.constdata)
    .constdata                               0x0801b5e7   Section        1  shell.o(.constdata)
    .constdata                               0x0801b5e8   Section       13  shell.o(.constdata)
    .constdata                               0x0801b5f5   Section        7  shell.o(.constdata)
    .constdata                               0x0801b5fc   Section        8  shell.o(.constdata)
    .constdata                               0x0801b604   Section        3  shell.o(.constdata)
    .constdata                               0x0801b607   Section        5  shell.o(.constdata)
    .constdata                               0x0801b60c   Section        6  shell.o(.constdata)
    .constdata                               0x0801b612   Section        5  shell.o(.constdata)
    .constdata                               0x0801b617   Section        4  shell.o(.constdata)
    .constdata                               0x0801b61b   Section       10  shell.o(.constdata)
    .constdata                               0x0801b625   Section       10  shell.o(.constdata)
    .constdata                               0x0801b62f   Section        7  shell.o(.constdata)
    .constdata                               0x0801b636   Section        6  shell.o(.constdata)
    .constdata                               0x0801b63c   Section        6  shell.o(.constdata)
    .constdata                               0x0801b642   Section        5  shell.o(.constdata)
    .constdata                               0x0801b647   Section       30  shell.o(.constdata)
    .constdata                               0x0801b665   Section        6  shell.o(.constdata)
    .constdata                               0x0801b66b   Section       14  shell.o(.constdata)
    .constdata                               0x0801b679   Section        5  shell.o(.constdata)
    .constdata                               0x0801b67e   Section       13  shell.o(.constdata)
    .constdata                               0x0801b68b   Section        5  shell.o(.constdata)
    .constdata                               0x0801b690   Section       13  shell.o(.constdata)
    .constdata                               0x0801b69d   Section        5  shell.o(.constdata)
    .constdata                               0x0801b6a2   Section       13  shell.o(.constdata)
    .constdata                               0x0801b6af   Section        6  shell.o(.constdata)
    .constdata                               0x0801b6b5   Section       14  shell.o(.constdata)
    .constdata                               0x0801b6c3   Section       14  shell_port.o(.constdata)
    __FUNCTION__                             0x0801b6c3   Data          14  shell_port.o(.constdata)
    .constdata                               0x0801b6d1   Section       12  log.o(.constdata)
    .constdata                               0x0801b6dd   Section       42  log.o(.constdata)
    .constdata                               0x0801b707   Section        8  log.o(.constdata)
    .constdata                               0x0801b70f   Section       46  log.o(.constdata)
    .constdata                               0x0801b73d   Section       12  log.o(.constdata)
    __FUNCTION__                             0x0801b73d   Data          12  log.o(.constdata)
    .constdata                               0x0801b749   Section       16  system_stm32f4xx.o(.constdata)
    .constdata                               0x0801b759   Section        8  system_stm32f4xx.o(.constdata)
    .conststring                             0x0801b764   Section       32  freertos.o(.conststring)
    .conststring                             0x0801b784   Section      673  shell.o(.conststring)
    .conststring                             0x0801ba28   Section       72  log.o(.conststring)
    shellCommand                             0x0801ba90   Section      288  shell.o(shellCommand)
    __tagsym$$used                           0x0801ba90   Number         0  shell.o(shellCommand)
    __tagsym$$used                           0x0801baa0   Number         0  shell.o(shellCommand)
    __tagsym$$used                           0x0801bab0   Number         0  shell.o(shellCommand)
    __tagsym$$used                           0x0801bac0   Number         0  shell.o(shellCommand)
    __tagsym$$used                           0x0801bad0   Number         0  shell.o(shellCommand)
    __tagsym$$used                           0x0801bae0   Number         0  shell.o(shellCommand)
    __tagsym$$used                           0x0801baf0   Number         0  shell.o(shellCommand)
    __tagsym$$used                           0x0801bb00   Number         0  shell.o(shellCommand)
    __tagsym$$used                           0x0801bb10   Number         0  shell.o(shellCommand)
    __tagsym$$used                           0x0801bb20   Number         0  shell.o(shellCommand)
    __tagsym$$used                           0x0801bb30   Number         0  shell.o(shellCommand)
    __tagsym$$used                           0x0801bb40   Number         0  shell.o(shellCommand)
    __tagsym$$used                           0x0801bb50   Number         0  shell.o(shellCommand)
    __tagsym$$used                           0x0801bb60   Number         0  shell.o(shellCommand)
    __tagsym$$used                           0x0801bb70   Number         0  shell.o(shellCommand)
    __tagsym$$used                           0x0801bb80   Number         0  shell.o(shellCommand)
    __tagsym$$used                           0x0801bb90   Number         0  shell.o(shellCommand)
    __tagsym$$used                           0x0801bba0   Number         0  shell.o(shellCommand)
    shellCommand                             0x0801bbb0   Section       32  log.o(shellCommand)
    __tagsym$$used                           0x0801bbb0   Number         0  log.o(shellCommand)
    __tagsym$$used                           0x0801bbc0   Number         0  log.o(shellCommand)
    .data                                    0x20000000   Section        1  main.o(.data)
    .data                                    0x20000004   Section        8  main.o(.data)
    .data                                    0x2000000c   Section        1  main.o(.data)
    .data                                    0x2000000d   Section        1  main.o(.data)
    .data                                    0x20000010   Section       16  freertos.o(.data)
    .data                                    0x20000020   Section       88  shell.o(.data)
    shellText                                0x20000024   Data          84  shell.o(.data)
    .data                                    0x20000078   Section        4  shell_port.o(.data)
    shellMutex                               0x20000078   Data           4  shell_port.o(.data)
    .data                                    0x2000007c   Section       12  stm32f4xx_hal.o(.data)
    .data                                    0x20000088   Section        4  system_stm32f4xx.o(.data)
    .data                                    0x2000008c   Section       60  tasks.o(.data)
    uxDeletedTasksWaitingCleanUp             0x20000090   Data           4  tasks.o(.data)
    uxCurrentNumberOfTasks                   0x20000094   Data           4  tasks.o(.data)
    xTickCount                               0x20000098   Data           4  tasks.o(.data)
    uxTopReadyPriority                       0x2000009c   Data           4  tasks.o(.data)
    xSchedulerRunning                        0x200000a0   Data           4  tasks.o(.data)
    xPendedTicks                             0x200000a4   Data           4  tasks.o(.data)
    xYieldPending                            0x200000a8   Data           4  tasks.o(.data)
    xNumOfOverflows                          0x200000ac   Data           4  tasks.o(.data)
    uxTaskNumber                             0x200000b0   Data           4  tasks.o(.data)
    xNextTaskUnblockTime                     0x200000b4   Data           4  tasks.o(.data)
    xIdleTaskHandle                          0x200000b8   Data           4  tasks.o(.data)
    uxSchedulerSuspended                     0x200000bc   Data           4  tasks.o(.data)
    pxDelayedTaskList                        0x200000c0   Data           4  tasks.o(.data)
    pxOverflowDelayedTaskList                0x200000c4   Data           4  tasks.o(.data)
    .data                                    0x200000c8   Section       32  heap_4.o(.data)
    pxEnd                                    0x200000c8   Data           4  heap_4.o(.data)
    xFreeBytesRemaining                      0x200000cc   Data           4  heap_4.o(.data)
    xMinimumEverFreeBytesRemaining           0x200000d0   Data           4  heap_4.o(.data)
    xNumberOfSuccessfulAllocations           0x200000d4   Data           4  heap_4.o(.data)
    xNumberOfSuccessfulFrees                 0x200000d8   Data           4  heap_4.o(.data)
    xBlockAllocatedBit                       0x200000dc   Data           4  heap_4.o(.data)
    xStart                                   0x200000e0   Data           8  heap_4.o(.data)
    .data                                    0x200000e8   Section       12  port.o(.data)
    ucMaxSysCallPriority                     0x200000e8   Data           1  port.o(.data)
    uxCriticalNesting                        0x200000ec   Data           4  port.o(.data)
    ulMaxPRIGROUPValue                       0x200000f0   Data           4  port.o(.data)
    .data                                    0x200000f4   Section        4  stdout.o(.data)
    .bss                                     0x200000f8   Section     2736  main.o(.bss)
    .bss                                     0x20000ba8   Section     1360  main.o(.bss)
    .bss                                     0x200010f8   Section      596  freertos.o(.bss)
    xIdleTaskTCBBuffer                       0x200010f8   Data          84  freertos.o(.bss)
    xIdleStack                               0x2000114c   Data         512  freertos.o(.bss)
    .bss                                     0x2000134c   Section      168  i2c.o(.bss)
    .bss                                     0x200013f4   Section       88  spi.o(.bss)
    .bss                                     0x2000144c   Section      144  usart.o(.bss)
    .bss                                     0x200014dc   Section       29  shell.o(.bss)
    shellList                                0x200014dc   Data          20  shell.o(.bss)
    buffer                                   0x200014f0   Data           9  shell.o(.bss)
    .bss                                     0x200014fc   Section      620  shell_port.o(.bss)
    .bss                                     0x20001768   Section      276  log.o(.bss)
    logBuffer                                0x2000177c   Data         256  log.o(.bss)
    .bss                                     0x2000187c   Section      240  tasks.o(.bss)
    pxReadyTasksLists                        0x2000187c   Data         140  tasks.o(.bss)
    xDelayedTaskList1                        0x20001908   Data          20  tasks.o(.bss)
    xDelayedTaskList2                        0x2000191c   Data          20  tasks.o(.bss)
    xPendingReadyList                        0x20001930   Data          20  tasks.o(.bss)
    xTasksWaitingTermination                 0x20001944   Data          20  tasks.o(.bss)
    xSuspendedTaskList                       0x20001958   Data          20  tasks.o(.bss)
    .bss                                     0x2000196c   Section    15360  heap_4.o(.bss)
    ucHeap                                   0x2000196c   Data       15360  heap_4.o(.bss)
    STACK                                    0x20005570   Section     1024  startup_stm32f401xe.o(STACK)

    Global Symbols

    Symbol Name                              Value     Ov Type        Size  Object(Section)

    BuildAttributes$$THM_ISAv4$E$P$D$K$B$S$7EM$VFPi3$EXTD16$VFPS$VFMA$PE$A:L22UL41UL21$X:L11$S22US41US21$IEEE1$IW$USESV6$~STKCKD$USESV7$~SHL$OSPACE$ROPI$EBA8$MICROLIB$REQ8$PRES8$EABIv2 0x00000000   Number         0  anon$$obj.o ABSOLUTE
    __ARM_use_no_argv                        0x00000000   Number         0  main.o ABSOLUTE
    _printf_a                                0x00000000   Number         0  stubs.o ABSOLUTE
    _printf_c                                0x00000000   Number         0  stubs.o ABSOLUTE
    _printf_charcount                        0x00000000   Number         0  stubs.o ABSOLUTE
    _printf_d                                0x00000000   Number         0  stubs.o ABSOLUTE
    _printf_e                                0x00000000   Number         0  stubs.o ABSOLUTE
    _printf_f                                0x00000000   Number         0  stubs.o ABSOLUTE
    _printf_flags                            0x00000000   Number         0  stubs.o ABSOLUTE
    _printf_fp_dec                           0x00000000   Number         0  stubs.o ABSOLUTE
    _printf_fp_hex                           0x00000000   Number         0  stubs.o ABSOLUTE
    _printf_g                                0x00000000   Number         0  stubs.o ABSOLUTE
    _printf_i                                0x00000000   Number         0  stubs.o ABSOLUTE
    _printf_int_dec                          0x00000000   Number         0  stubs.o ABSOLUTE
    _printf_l                                0x00000000   Number         0  stubs.o ABSOLUTE
    _printf_lc                               0x00000000   Number         0  stubs.o ABSOLUTE
    _printf_ll                               0x00000000   Number         0  stubs.o ABSOLUTE
    _printf_lld                              0x00000000   Number         0  stubs.o ABSOLUTE
    _printf_lli                              0x00000000   Number         0  stubs.o ABSOLUTE
    _printf_llo                              0x00000000   Number         0  stubs.o ABSOLUTE
    _printf_llu                              0x00000000   Number         0  stubs.o ABSOLUTE
    _printf_llx                              0x00000000   Number         0  stubs.o ABSOLUTE
    _printf_longlong_dec                     0x00000000   Number         0  stubs.o ABSOLUTE
    _printf_longlong_hex                     0x00000000   Number         0  stubs.o ABSOLUTE
    _printf_longlong_oct                     0x00000000   Number         0  stubs.o ABSOLUTE
    _printf_ls                               0x00000000   Number         0  stubs.o ABSOLUTE
    _printf_mbtowc                           0x00000000   Number         0  stubs.o ABSOLUTE
    _printf_n                                0x00000000   Number         0  stubs.o ABSOLUTE
    _printf_o                                0x00000000   Number         0  stubs.o ABSOLUTE
    _printf_p                                0x00000000   Number         0  stubs.o ABSOLUTE
    _printf_percent                          0x00000000   Number         0  stubs.o ABSOLUTE
    _printf_pre_padding                      0x00000000   Number         0  stubs.o ABSOLUTE
    _printf_return_value                     0x00000000   Number         0  stubs.o ABSOLUTE
    _printf_s                                0x00000000   Number         0  stubs.o ABSOLUTE
    _printf_sizespec                         0x00000000   Number         0  stubs.o ABSOLUTE
    _printf_str                              0x00000000   Number         0  stubs.o ABSOLUTE
    _printf_truncate_signed                  0x00000000   Number         0  stubs.o ABSOLUTE
    _printf_truncate_unsigned                0x00000000   Number         0  stubs.o ABSOLUTE
    _printf_u                                0x00000000   Number         0  stubs.o ABSOLUTE
    _printf_wc                               0x00000000   Number         0  stubs.o ABSOLUTE
    _printf_wctomb                           0x00000000   Number         0  stubs.o ABSOLUTE
    _printf_widthprec                        0x00000000   Number         0  stubs.o ABSOLUTE
    _printf_x                                0x00000000   Number         0  stubs.o ABSOLUTE
    __cpp_initialize__aeabi_                  - Undefined Weak Reference
    __cxa_finalize                            - Undefined Weak Reference
    __decompress                              - Undefined Weak Reference
    _clock_init                               - Undefined Weak Reference
    _microlib_exit                            - Undefined Weak Reference
    __Vectors_Size                           0x00000194   Number         0  startup_stm32f401xe.o ABSOLUTE
    __Vectors                                0x08000000   Data           4  startup_stm32f401xe.o(RESET)
    __Vectors_End                            0x08000194   Data           0  startup_stm32f401xe.o(RESET)
    __main                                   0x08000195   Thumb Code     0  entry.o(.ARM.Collect$$$$00000000)
    _main_stk                                0x08000195   Thumb Code     0  entry2.o(.ARM.Collect$$$$00000001)
    _main_scatterload                        0x08000199   Thumb Code     0  entry5.o(.ARM.Collect$$$$00000004)
    __main_after_scatterload                 0x0800019d   Thumb Code     0  entry5.o(.ARM.Collect$$$$00000004)
    _main_clock                              0x0800019d   Thumb Code     0  entry7b.o(.ARM.Collect$$$$00000008)
    _main_cpp_init                           0x0800019d   Thumb Code     0  entry8b.o(.ARM.Collect$$$$0000000A)
    _main_init                               0x0800019d   Thumb Code     0  entry9a.o(.ARM.Collect$$$$0000000B)
    __rt_final_cpp                           0x080001a5   Thumb Code     0  entry10a.o(.ARM.Collect$$$$0000000D)
    __rt_final_exit                          0x080001a5   Thumb Code     0  entry11a.o(.ARM.Collect$$$$0000000F)
    SVC_Handler                              0x080001a9   Thumb Code    28  port.o(.emb_text)
    __asm___6_port_c_39a90d8d__prvStartFirstTask 0x080001c9   Thumb Code    36  port.o(.emb_text)
    __asm___6_port_c_39a90d8d__prvEnableVFP  0x080001f1   Thumb Code    16  port.o(.emb_text)
    PendSV_Handler                           0x08000205   Thumb Code    88  port.o(.emb_text)
    vPortGetIPSR                             0x08000261   Thumb Code     6  port.o(.emb_text)
    Reset_Handler                            0x08000269   Thumb Code     8  startup_stm32f401xe.o(.text)
    ADC_IRQHandler                           0x08000283   Thumb Code     0  startup_stm32f401xe.o(.text)
    DMA1_Stream0_IRQHandler                  0x08000283   Thumb Code     0  startup_stm32f401xe.o(.text)
    DMA1_Stream1_IRQHandler                  0x08000283   Thumb Code     0  startup_stm32f401xe.o(.text)
    DMA1_Stream2_IRQHandler                  0x08000283   Thumb Code     0  startup_stm32f401xe.o(.text)
    DMA1_Stream3_IRQHandler                  0x08000283   Thumb Code     0  startup_stm32f401xe.o(.text)
    DMA1_Stream4_IRQHandler                  0x08000283   Thumb Code     0  startup_stm32f401xe.o(.text)
    DMA1_Stream5_IRQHandler                  0x08000283   Thumb Code     0  startup_stm32f401xe.o(.text)
    DMA1_Stream6_IRQHandler                  0x08000283   Thumb Code     0  startup_stm32f401xe.o(.text)
    DMA1_Stream7_IRQHandler                  0x08000283   Thumb Code     0  startup_stm32f401xe.o(.text)
    DMA2_Stream0_IRQHandler                  0x08000283   Thumb Code     0  startup_stm32f401xe.o(.text)
    DMA2_Stream1_IRQHandler                  0x08000283   Thumb Code     0  startup_stm32f401xe.o(.text)
    DMA2_Stream2_IRQHandler                  0x08000283   Thumb Code     0  startup_stm32f401xe.o(.text)
    DMA2_Stream3_IRQHandler                  0x08000283   Thumb Code     0  startup_stm32f401xe.o(.text)
    DMA2_Stream4_IRQHandler                  0x08000283   Thumb Code     0  startup_stm32f401xe.o(.text)
    DMA2_Stream5_IRQHandler                  0x08000283   Thumb Code     0  startup_stm32f401xe.o(.text)
    DMA2_Stream6_IRQHandler                  0x08000283   Thumb Code     0  startup_stm32f401xe.o(.text)
    DMA2_Stream7_IRQHandler                  0x08000283   Thumb Code     0  startup_stm32f401xe.o(.text)
    EXTI0_IRQHandler                         0x08000283   Thumb Code     0  startup_stm32f401xe.o(.text)
    EXTI1_IRQHandler                         0x08000283   Thumb Code     0  startup_stm32f401xe.o(.text)
    EXTI2_IRQHandler                         0x08000283   Thumb Code     0  startup_stm32f401xe.o(.text)
    EXTI3_IRQHandler                         0x08000283   Thumb Code     0  startup_stm32f401xe.o(.text)
    EXTI9_5_IRQHandler                       0x08000283   Thumb Code     0  startup_stm32f401xe.o(.text)
    FLASH_IRQHandler                         0x08000283   Thumb Code     0  startup_stm32f401xe.o(.text)
    FPU_IRQHandler                           0x08000283   Thumb Code     0  startup_stm32f401xe.o(.text)
    I2C1_ER_IRQHandler                       0x08000283   Thumb Code     0  startup_stm32f401xe.o(.text)
    I2C1_EV_IRQHandler                       0x08000283   Thumb Code     0  startup_stm32f401xe.o(.text)
    I2C2_ER_IRQHandler                       0x08000283   Thumb Code     0  startup_stm32f401xe.o(.text)
    I2C2_EV_IRQHandler                       0x08000283   Thumb Code     0  startup_stm32f401xe.o(.text)
    I2C3_ER_IRQHandler                       0x08000283   Thumb Code     0  startup_stm32f401xe.o(.text)
    I2C3_EV_IRQHandler                       0x08000283   Thumb Code     0  startup_stm32f401xe.o(.text)
    OTG_FS_IRQHandler                        0x08000283   Thumb Code     0  startup_stm32f401xe.o(.text)
    OTG_FS_WKUP_IRQHandler                   0x08000283   Thumb Code     0  startup_stm32f401xe.o(.text)
    PVD_IRQHandler                           0x08000283   Thumb Code     0  startup_stm32f401xe.o(.text)
    RCC_IRQHandler                           0x08000283   Thumb Code     0  startup_stm32f401xe.o(.text)
    RTC_Alarm_IRQHandler                     0x08000283   Thumb Code     0  startup_stm32f401xe.o(.text)
    RTC_WKUP_IRQHandler                      0x08000283   Thumb Code     0  startup_stm32f401xe.o(.text)
    SDIO_IRQHandler                          0x08000283   Thumb Code     0  startup_stm32f401xe.o(.text)
    SPI1_IRQHandler                          0x08000283   Thumb Code     0  startup_stm32f401xe.o(.text)
    SPI2_IRQHandler                          0x08000283   Thumb Code     0  startup_stm32f401xe.o(.text)
    SPI3_IRQHandler                          0x08000283   Thumb Code     0  startup_stm32f401xe.o(.text)
    SPI4_IRQHandler                          0x08000283   Thumb Code     0  startup_stm32f401xe.o(.text)
    TAMP_STAMP_IRQHandler                    0x08000283   Thumb Code     0  startup_stm32f401xe.o(.text)
    TIM1_BRK_TIM9_IRQHandler                 0x08000283   Thumb Code     0  startup_stm32f401xe.o(.text)
    TIM1_CC_IRQHandler                       0x08000283   Thumb Code     0  startup_stm32f401xe.o(.text)
    TIM1_TRG_COM_TIM11_IRQHandler            0x08000283   Thumb Code     0  startup_stm32f401xe.o(.text)
    TIM1_UP_TIM10_IRQHandler                 0x08000283   Thumb Code     0  startup_stm32f401xe.o(.text)
    TIM2_IRQHandler                          0x08000283   Thumb Code     0  startup_stm32f401xe.o(.text)
    TIM3_IRQHandler                          0x08000283   Thumb Code     0  startup_stm32f401xe.o(.text)
    TIM4_IRQHandler                          0x08000283   Thumb Code     0  startup_stm32f401xe.o(.text)
    TIM5_IRQHandler                          0x08000283   Thumb Code     0  startup_stm32f401xe.o(.text)
    USART1_IRQHandler                        0x08000283   Thumb Code     0  startup_stm32f401xe.o(.text)
    USART2_IRQHandler                        0x08000283   Thumb Code     0  startup_stm32f401xe.o(.text)
    USART6_IRQHandler                        0x08000283   Thumb Code     0  startup_stm32f401xe.o(.text)
    WWDG_IRQHandler                          0x08000283   Thumb Code     0  startup_stm32f401xe.o(.text)
    __aeabi_uldivmod                         0x0800028d   Thumb Code    98  uldiv.o(.text)
    __aeabi_memcpy                           0x080002ef   Thumb Code    36  memcpya.o(.text)
    __aeabi_memcpy4                          0x080002ef   Thumb Code     0  memcpya.o(.text)
    __aeabi_memcpy8                          0x080002ef   Thumb Code     0  memcpya.o(.text)
    __aeabi_memset                           0x08000313   Thumb Code    14  memseta.o(.text)
    __aeabi_memset4                          0x08000313   Thumb Code     0  memseta.o(.text)
    __aeabi_memset8                          0x08000313   Thumb Code     0  memseta.o(.text)
    __aeabi_memclr                           0x08000321   Thumb Code     4  memseta.o(.text)
    __aeabi_memclr4                          0x08000321   Thumb Code     0  memseta.o(.text)
    __aeabi_memclr8                          0x08000321   Thumb Code     0  memseta.o(.text)
    memset                                   0x08000325   Thumb Code    18  memseta.o(.text)
    strlen                                   0x08000337   Thumb Code    14  strlen.o(.text)
    strcmp                                   0x08000345   Thumb Code    28  strcmp.o(.text)
    strncmp                                  0x08000361   Thumb Code    30  strncmp.o(.text)
    __aeabi_uidiv                            0x0800037f   Thumb Code     0  uidiv.o(.text)
    __aeabi_uidivmod                         0x0800037f   Thumb Code    44  uidiv.o(.text)
    __aeabi_llsl                             0x080003ab   Thumb Code    30  llshl.o(.text)
    _ll_shift_l                              0x080003ab   Thumb Code     0  llshl.o(.text)
    __aeabi_llsr                             0x080003c9   Thumb Code    32  llushr.o(.text)
    _ll_ushift_r                             0x080003c9   Thumb Code     0  llushr.o(.text)
    __I$use$fp                               0x080003e9   Thumb Code     0  iusefp.o(.text)
    __aeabi_dadd                             0x080003e9   Thumb Code   322  dadd.o(.text)
    __aeabi_dsub                             0x0800052b   Thumb Code     6  dadd.o(.text)
    __aeabi_drsub                            0x08000531   Thumb Code     6  dadd.o(.text)
    __aeabi_dmul                             0x08000537   Thumb Code   228  dmul.o(.text)
    __aeabi_ddiv                             0x0800061b   Thumb Code   222  ddiv.o(.text)
    __aeabi_d2ulz                            0x080006f9   Thumb Code    48  dfixul.o(.text)
    __aeabi_cdrcmple                         0x08000729   Thumb Code    48  cdrcmple.o(.text)
    __scatterload                            0x08000759   Thumb Code    28  init.o(.text)
    __scatterload_rt2                        0x08000759   Thumb Code     0  init.o(.text)
    __aeabi_lasr                             0x0800077d   Thumb Code    36  llsshr.o(.text)
    _ll_sshift_r                             0x0800077d   Thumb Code     0  llsshr.o(.text)
    _double_round                            0x080007a1   Thumb Code    30  depilogue.o(.text)
    _double_epilogue                         0x080007bf   Thumb Code   156  depilogue.o(.text)
    BusFault_Handler                         0x0800085b   Thumb Code     2  stm32f4xx_it.o(i.BusFault_Handler)
    DebugMon_Handler                         0x0800085d   Thumb Code     2  stm32f4xx_it.o(i.DebugMon_Handler)
    EXTI15_10_IRQHandler                     0x0800085f   Thumb Code    22  stm32f4xx_it.o(i.EXTI15_10_IRQHandler)
    EXTI4_IRQHandler                         0x08000875   Thumb Code     6  stm32f4xx_it.o(i.EXTI4_IRQHandler)
    Error_Handler                            0x0800087b   Thumb Code     4  main.o(i.Error_Handler)
    HAL_Delay                                0x08000881   Thumb Code    32  stm32f4xx_hal.o(i.HAL_Delay)
    HAL_GPIO_EXTI_Callback                   0x080008a5   Thumb Code    14  main.o(i.HAL_GPIO_EXTI_Callback)
    HAL_GPIO_EXTI_IRQHandler                 0x080008b9   Thumb Code    18  stm32f4xx_hal_gpio.o(i.HAL_GPIO_EXTI_IRQHandler)
    HAL_GPIO_Init                            0x080008d1   Thumb Code   446  stm32f4xx_hal_gpio.o(i.HAL_GPIO_Init)
    HAL_GPIO_WritePin                        0x08000ab1   Thumb Code    10  stm32f4xx_hal_gpio.o(i.HAL_GPIO_WritePin)
    HAL_GetTick                              0x08000abd   Thumb Code     6  stm32f4xx_hal.o(i.HAL_GetTick)
    HAL_I2C_Init                             0x08000ac9   Thumb Code   376  stm32f4xx_hal_i2c.o(i.HAL_I2C_Init)
    HAL_I2C_Master_Receive                   0x08000c51   Thumb Code   482  stm32f4xx_hal_i2c.o(i.HAL_I2C_Master_Receive)
    HAL_I2C_Master_Transmit                  0x08000e41   Thumb Code   290  stm32f4xx_hal_i2c.o(i.HAL_I2C_Master_Transmit)
    HAL_I2C_Mem_Write                        0x08000f6d   Thumb Code   294  stm32f4xx_hal_i2c.o(i.HAL_I2C_Mem_Write)
    HAL_I2C_MspInit                          0x0800109d   Thumb Code   180  i2c.o(i.HAL_I2C_MspInit)
    HAL_IncTick                              0x08001161   Thumb Code    12  stm32f4xx_hal.o(i.HAL_IncTick)
    HAL_Init                                 0x08001171   Thumb Code    48  stm32f4xx_hal.o(i.HAL_Init)
    HAL_InitTick                             0x080011a5   Thumb Code    54  stm32f4xx_hal.o(i.HAL_InitTick)
    HAL_MspInit                              0x080011e5   Thumb Code    52  stm32f4xx_hal_msp.o(i.HAL_MspInit)
    HAL_NVIC_EnableIRQ                       0x0800121d   Thumb Code    26  stm32f4xx_hal_cortex.o(i.HAL_NVIC_EnableIRQ)
    HAL_NVIC_SetPriority                     0x08001239   Thumb Code    60  stm32f4xx_hal_cortex.o(i.HAL_NVIC_SetPriority)
    HAL_NVIC_SetPriorityGrouping             0x08001279   Thumb Code    26  stm32f4xx_hal_cortex.o(i.HAL_NVIC_SetPriorityGrouping)
    HAL_RCC_ClockConfig                      0x0800129d   Thumb Code   288  stm32f4xx_hal_rcc.o(i.HAL_RCC_ClockConfig)
    HAL_RCC_GetPCLK1Freq                     0x080013d1   Thumb Code    20  stm32f4xx_hal_rcc.o(i.HAL_RCC_GetPCLK1Freq)
    HAL_RCC_GetPCLK2Freq                     0x080013f1   Thumb Code    20  stm32f4xx_hal_rcc.o(i.HAL_RCC_GetPCLK2Freq)
    HAL_RCC_GetSysClockFreq                  0x08001411   Thumb Code    88  stm32f4xx_hal_rcc.o(i.HAL_RCC_GetSysClockFreq)
    HAL_RCC_OscConfig                        0x08001471   Thumb Code   856  stm32f4xx_hal_rcc.o(i.HAL_RCC_OscConfig)
    HAL_SPI_Init                             0x080017dd   Thumb Code   188  stm32f4xx_hal_spi.o(i.HAL_SPI_Init)
    HAL_SPI_MspInit                          0x08001899   Thumb Code   128  spi.o(i.HAL_SPI_MspInit)
    HAL_SYSTICK_Config                       0x08001929   Thumb Code    40  stm32f4xx_hal_cortex.o(i.HAL_SYSTICK_Config)
    HAL_UART_Init                            0x08001951   Thumb Code   100  stm32f4xx_hal_uart.o(i.HAL_UART_Init)
    HAL_UART_MspInit                         0x080019b5   Thumb Code   150  usart.o(i.HAL_UART_MspInit)
    HAL_UART_Receive                         0x08001a5d   Thumb Code   176  stm32f4xx_hal_uart.o(i.HAL_UART_Receive)
    HAL_UART_Transmit                        0x08001b0d   Thumb Code   160  stm32f4xx_hal_uart.o(i.HAL_UART_Transmit)
    HardFault_Handler                        0x08001bad   Thumb Code     2  stm32f4xx_it.o(i.HardFault_Handler)
    MX_FREERTOS_Init                         0x08002079   Thumb Code    74  freertos.o(i.MX_FREERTOS_Init)
    MX_GPIO_Init                             0x080020cd   Thumb Code   272  gpio.o(i.MX_GPIO_Init)
    MX_I2C1_Init                             0x080021ed   Thumb Code    50  i2c.o(i.MX_I2C1_Init)
    MX_I2C2_Init                             0x0800222d   Thumb Code    52  i2c.o(i.MX_I2C2_Init)
    MX_SPI2_Init                             0x0800226d   Thumb Code    64  spi.o(i.MX_SPI2_Init)
    MX_USART2_UART_Init                      0x080022b5   Thumb Code    48  usart.o(i.MX_USART2_UART_Init)
    MX_USART6_UART_Init                      0x080022ed   Thumb Code    48  usart.o(i.MX_USART6_UART_Init)
    MemManage_Handler                        0x08002325   Thumb Code     2  stm32f4xx_it.o(i.MemManage_Handler)
    NMI_Handler                              0x08002327   Thumb Code     2  stm32f4xx_it.o(i.NMI_Handler)
    StartDebugTask                           0x08002329   Thumb Code     8  freertos.o(i.StartDebugTask)
    StartDefaultTask                         0x08002331   Thumb Code     8  freertos.o(i.StartDefaultTask)
    StratToFTask                             0x08002339   Thumb Code    44  freertos.o(i.StratToFTask)
    SysTick_Handler                          0x080023b1   Thumb Code    24  stm32f4xx_it.o(i.SysTick_Handler)
    SystemClock_Config                       0x080023c9   Thumb Code   142  main.o(i.SystemClock_Config)
    SystemInit                               0x08002461   Thumb Code    12  system_stm32f4xx.o(i.SystemInit)
    UsageFault_Handler                       0x0800263f   Thumb Code     2  stm32f4xx_it.o(i.UsageFault_Handler)
    VL53L8CX_RdMulti                         0x08002641   Thumb Code    60  platform.o(i.VL53L8CX_RdMulti)
    VL53L8CX_SwapBuffer                      0x08002681   Thumb Code    30  platform.o(i.VL53L8CX_SwapBuffer)
    VL53L8CX_WaitMs                          0x0800269f   Thumb Code    12  platform.o(i.VL53L8CX_WaitMs)
    VL53L8CX_WrByte                          0x080026ad   Thumb Code    34  platform.o(i.VL53L8CX_WrByte)
    VL53L8CX_WrMulti                         0x080026d5   Thumb Code    28  platform.o(i.VL53L8CX_WrMulti)
    __0printf                                0x080026f5   Thumb Code    22  printfa.o(i.__0printf)
    __1printf                                0x080026f5   Thumb Code     0  printfa.o(i.__0printf)
    __2printf                                0x080026f5   Thumb Code     0  printfa.o(i.__0printf)
    __c89printf                              0x080026f5   Thumb Code     0  printfa.o(i.__0printf)
    printf                                   0x080026f5   Thumb Code     0  printfa.o(i.__0printf)
    __0snprintf                              0x08002715   Thumb Code    44  printfa.o(i.__0snprintf)
    __1snprintf                              0x08002715   Thumb Code     0  printfa.o(i.__0snprintf)
    __2snprintf                              0x08002715   Thumb Code     0  printfa.o(i.__0snprintf)
    __c89snprintf                            0x08002715   Thumb Code     0  printfa.o(i.__0snprintf)
    snprintf                                 0x08002715   Thumb Code     0  printfa.o(i.__0snprintf)
    __0sprintf                               0x08002745   Thumb Code    34  printfa.o(i.__0sprintf)
    __1sprintf                               0x08002745   Thumb Code     0  printfa.o(i.__0sprintf)
    __2sprintf                               0x08002745   Thumb Code     0  printfa.o(i.__0sprintf)
    __c89sprintf                             0x08002745   Thumb Code     0  printfa.o(i.__0sprintf)
    sprintf                                  0x08002745   Thumb Code     0  printfa.o(i.__0sprintf)
    __0vsnprintf                             0x0800276d   Thumb Code    40  printfa.o(i.__0vsnprintf)
    __1vsnprintf                             0x0800276d   Thumb Code     0  printfa.o(i.__0vsnprintf)
    __2vsnprintf                             0x0800276d   Thumb Code     0  printfa.o(i.__0vsnprintf)
    __c89vsnprintf                           0x0800276d   Thumb Code     0  printfa.o(i.__0vsnprintf)
    vsnprintf                                0x0800276d   Thumb Code     0  printfa.o(i.__0vsnprintf)
    __scatterload_copy                       0x080027b9   Thumb Code    14  handlers.o(i.__scatterload_copy)
    __scatterload_null                       0x080027c7   Thumb Code     2  handlers.o(i.__scatterload_null)
    __scatterload_zeroinit                   0x080027c9   Thumb Code    14  handlers.o(i.__scatterload_zeroinit)
    fputc                                    0x08003115   Thumb Code    20  usart.o(i.fputc)
    get_data_by_polling                      0x0800312d   Thumb Code   134  freertos.o(i.get_data_by_polling)
    logHexDump                               0x08003261   Thumb Code   306  log.o(i.logHexDump)
    logSetLevel                              0x080033dd   Thumb Code    32  log.o(i.logSetLevel)
    logWrite                                 0x08003451   Thumb Code    48  log.o(i.logWrite)
    main                                     0x080034dd   Thumb Code    46  main.o(i.main)
    osDelay                                  0x08003517   Thumb Code    14  cmsis_os.o(i.osDelay)
    osKernelStart                            0x08003525   Thumb Code    10  cmsis_os.o(i.osKernelStart)
    osThreadCreate                           0x0800352f   Thumb Code    84  cmsis_os.o(i.osThreadCreate)
    pvPortMalloc                             0x080039d5   Thumb Code   216  heap_4.o(i.pvPortMalloc)
    pxPortInitialiseStack                    0x08003ab1   Thumb Code    40  port.o(i.pxPortInitialiseStack)
    shellBackspace                           0x08003add   Thumb Code     6  shell.o(i.shellBackspace)
    shellCheckPermission                     0x08003ae3   Thumb Code    48  shell.o(i.shellCheckPermission)
    shellClear                               0x08003b15   Thumb Code    24  shell.o(i.shellClear)
    shellClearCommandLine                    0x08003b31   Thumb Code    48  shell.o(i.shellClearCommandLine)
    shellCmds                                0x08003b61   Thumb Code    20  shell.o(i.shellCmds)
    shellDelete                              0x08003b75   Thumb Code     8  shell.o(i.shellDelete)
    shellDeleteByte                          0x08003b7d   Thumb Code   214  shell.o(i.shellDeleteByte)
    shellDeleteCommandLine                   0x08003c55   Thumb Code    24  shell.o(i.shellDeleteCommandLine)
    shellDown                                0x08003c71   Thumb Code     8  shell.o(i.shellDown)
    shellEnter                               0x08003c79   Thumb Code    20  shell.o(i.shellEnter)
    shellExec                                0x08003c8d   Thumb Code   150  shell.o(i.shellExec)
    shellExtParsePara                        0x08003e7d   Thumb Code   184  shell_ext.o(i.shellExtParsePara)
    shellExtRun                              0x08003f35   Thumb Code   206  shell_ext.o(i.shellExtRun)
    shellGetCurrent                          0x08004041   Thumb Code    36  shell.o(i.shellGetCurrent)
    shellGetVarValue                         0x08004069   Thumb Code    62  shell.o(i.shellGetVarValue)
    shellHandler                             0x080040a9   Thumb Code   198  shell.o(i.shellHandler)
    shellHelp                                0x08004175   Thumb Code    40  shell.o(i.shellHelp)
    shellInit                                0x0800429d   Thumb Code   140  shell.o(i.shellInit)
    shellInsertByte                          0x0800433d   Thumb Code   230  shell.o(i.shellInsertByte)
    shellKeys                                0x08004429   Thumb Code    20  shell.o(i.shellKeys)
    shellLeft                                0x0800443d   Thumb Code    32  shell.o(i.shellLeft)
    shellListCommand                         0x0800445d   Thumb Code    72  shell.o(i.shellListCommand)
    shellListItem                            0x080044a9   Thumb Code   228  shell.o(i.shellListItem)
    shellListKey                             0x0800459d   Thumb Code    76  shell.o(i.shellListKey)
    shellListUser                            0x080045ed   Thumb Code    76  shell.o(i.shellListUser)
    shellListVar                             0x0800463d   Thumb Code    74  shell.o(i.shellListVar)
    shellNormalInput                         0x0800468d   Thumb Code    16  shell.o(i.shellNormalInput)
    shellRight                               0x0800469d   Thumb Code    32  shell.o(i.shellRight)
    shellRunCommand                          0x080046bd   Thumb Code   186  shell.o(i.shellRunCommand)
    shellSeekCommand                         0x08004779   Thumb Code   110  shell.o(i.shellSeekCommand)
    shellSetUser                             0x080047e9   Thumb Code    90  shell.o(i.shellSetUser)
    shellSetVar                              0x08004849   Thumb Code    82  shell.o(i.shellSetVar)
    shellSetVarValue                         0x080048a1   Thumb Code   108  shell.o(i.shellSetVarValue)
    shellSplit                               0x080049c1   Thumb Code   232  shell.o(i.shellSplit)
    shellTab                                 0x08004ae9   Thumb Code   248  shell.o(i.shellTab)
    shellTask                                0x08004be5   Thumb Code    32  shell.o(i.shellTask)
    shellToDec                               0x08004c05   Thumb Code    76  shell.o(i.shellToDec)
    shellToHex                               0x08004c51   Thumb Code    42  shell.o(i.shellToHex)
    shellUp                                  0x08004c7b   Thumb Code     6  shell.o(i.shellUp)
    shellUsers                               0x08004c81   Thumb Code    20  shell.o(i.shellUsers)
    shellVars                                0x08004c95   Thumb Code    20  shell.o(i.shellVars)
    shellWriteString                         0x08004ddd   Thumb Code    36  shell.o(i.shellWriteString)
    userShellInit                            0x08004e01   Thumb Code    78  shell_port.o(i.userShellInit)
    userShellRead                            0x08004ea1   Thumb Code    26  shell_port.o(i.userShellRead)
    userShellWrite                           0x08004ec1   Thumb Code    22  shell_port.o(i.userShellWrite)
    uxListRemove                             0x08004edd   Thumb Code    38  list.o(i.uxListRemove)
    vApplicationGetIdleTaskMemory            0x08004f05   Thumb Code    16  freertos.o(i.vApplicationGetIdleTaskMemory)
    vListInitialise                          0x08004f19   Thumb Code    22  list.o(i.vListInitialise)
    vListInitialiseItem                      0x08004f2f   Thumb Code     6  list.o(i.vListInitialiseItem)
    vListInsert                              0x08004f35   Thumb Code    48  list.o(i.vListInsert)
    vListInsertEnd                           0x08004f65   Thumb Code    24  list.o(i.vListInsertEnd)
    vPortEnterCritical                       0x08004f7d   Thumb Code    54  port.o(i.vPortEnterCritical)
    vPortExitCritical                        0x08004fbd   Thumb Code    34  port.o(i.vPortExitCritical)
    vPortFree                                0x08004fe5   Thumb Code    94  heap_4.o(i.vPortFree)
    vPortSetupTimerInterrupt                 0x08005049   Thumb Code    32  port.o(i.vPortSetupTimerInterrupt)
    vTaskDelay                               0x0800506d   Thumb Code    66  tasks.o(i.vTaskDelay)
    vTaskInternalSetTimeOutState             0x080050b9   Thumb Code    12  tasks.o(i.vTaskInternalSetTimeOutState)
    vTaskMissedYield                         0x080050c9   Thumb Code     8  tasks.o(i.vTaskMissedYield)
    vTaskPlaceOnEventList                    0x080050d5   Thumb Code    44  tasks.o(i.vTaskPlaceOnEventList)
    vTaskStartScheduler                      0x08005105   Thumb Code    90  tasks.o(i.vTaskStartScheduler)
    vTaskSuspendAll                          0x08005171   Thumb Code    10  tasks.o(i.vTaskSuspendAll)
    vTaskSwitchContext                       0x08005181   Thumb Code    82  tasks.o(i.vTaskSwitchContext)
    vl53l8cx_check_data_ready                0x080051dd   Thumb Code    88  vl53l8cx_api.o(i.vl53l8cx_check_data_ready)
    vl53l8cx_dci_read_data                   0x08005235   Thumb Code   168  vl53l8cx_api.o(i.vl53l8cx_dci_read_data)
    vl53l8cx_dci_write_data                  0x080052e9   Thumb Code   194  vl53l8cx_api.o(i.vl53l8cx_dci_write_data)
    vl53l8cx_get_ranging_data                0x080053b5   Thumb Code   446  vl53l8cx_api.o(i.vl53l8cx_get_ranging_data)
    vl53l8cx_get_resolution                  0x08005573   Thumb Code    36  vl53l8cx_api.o(i.vl53l8cx_get_resolution)
    vl53l8cx_start_ranging                   0x08005599   Thumb Code   370  vl53l8cx_api.o(i.vl53l8cx_start_ranging)
    xPortStartScheduler                      0x08005715   Thumb Code   222  port.o(i.xPortStartScheduler)
    xPortSysTickHandler                      0x08005809   Thumb Code    38  port.o(i.xPortSysTickHandler)
    xQueueCreateMutex                        0x08005835   Thumb Code    22  queue.o(i.xQueueCreateMutex)
    xQueueGenericCreate                      0x0800584b   Thumb Code    66  queue.o(i.xQueueGenericCreate)
    xQueueGenericReset                       0x0800588d   Thumb Code   132  queue.o(i.xQueueGenericReset)
    xQueueGenericSend                        0x08005915   Thumb Code   346  queue.o(i.xQueueGenericSend)
    xTaskCheckForTimeOut                     0x08005a75   Thumb Code   112  tasks.o(i.xTaskCheckForTimeOut)
    xTaskCreate                              0x08005ae9   Thumb Code    90  tasks.o(i.xTaskCreate)
    xTaskCreateStatic                        0x08005b43   Thumb Code    86  tasks.o(i.xTaskCreateStatic)
    xTaskGetSchedulerState                   0x08005b99   Thumb Code    22  tasks.o(i.xTaskGetSchedulerState)
    xTaskIncrementTick                       0x08005bb5   Thumb Code   194  tasks.o(i.xTaskIncrementTick)
    xTaskPriorityDisinherit                  0x08005c81   Thumb Code   144  tasks.o(i.xTaskPriorityDisinherit)
    xTaskRemoveFromEventList                 0x08005d19   Thumb Code   108  tasks.o(i.xTaskRemoveFromEventList)
    xTaskResumeAll                           0x08005d8d   Thumb Code   182  tasks.o(i.xTaskResumeAll)
    VL53L8CX_FIRMWARE                        0x08005ea4   Data       86016  vl53l8cx_api.o(.constdata)
    VL53L8CX_DEFAULT_CONFIGURATION           0x0801aea4   Data         972  vl53l8cx_api.o(.constdata)
    VL53L8CX_DEFAULT_XTALK                   0x0801b270   Data         776  vl53l8cx_api.o(.constdata)
    VL53L8CX_GET_NVM_CMD                     0x0801b578   Data          40  vl53l8cx_api.o(.constdata)
    shellCmdDefaultUser                      0x0801b5e0   Data           7  shell.o(.constdata)
    shellPasswordDefaultUser                 0x0801b5e7   Data           1  shell.o(.constdata)
    shellDesDefaultUser                      0x0801b5e8   Data          13  shell.o(.constdata)
    shellCmdsetVar                           0x0801b5f5   Data           7  shell.o(.constdata)
    shellDescsetVar                          0x0801b5fc   Data           8  shell.o(.constdata)
    shellDesc0x1B5B4100                      0x0801b604   Data           3  shell.o(.constdata)
    shellDesc0x1B5B4200                      0x0801b607   Data           5  shell.o(.constdata)
    shellDesc0x1B5B4300                      0x0801b60c   Data           6  shell.o(.constdata)
    shellDesc0x1B5B4400                      0x0801b612   Data           5  shell.o(.constdata)
    shellDesc0x09000000                      0x0801b617   Data           4  shell.o(.constdata)
    shellDesc0x08000000                      0x0801b61b   Data          10  shell.o(.constdata)
    shellDesc0x7F000000                      0x0801b625   Data          10  shell.o(.constdata)
    shellDesc0x1B5B337E                      0x0801b62f   Data           7  shell.o(.constdata)
    shellDesc0x0A000000                      0x0801b636   Data           6  shell.o(.constdata)
    shellDesc0x0D000000                      0x0801b63c   Data           6  shell.o(.constdata)
    shellCmdhelp                             0x0801b642   Data           5  shell.o(.constdata)
    shellDeschelp                            0x0801b647   Data          30  shell.o(.constdata)
    shellCmdusers                            0x0801b665   Data           6  shell.o(.constdata)
    shellDescusers                           0x0801b66b   Data          14  shell.o(.constdata)
    shellCmdcmds                             0x0801b679   Data           5  shell.o(.constdata)
    shellDesccmds                            0x0801b67e   Data          13  shell.o(.constdata)
    shellCmdvars                             0x0801b68b   Data           5  shell.o(.constdata)
    shellDescvars                            0x0801b690   Data          13  shell.o(.constdata)
    shellCmdkeys                             0x0801b69d   Data           5  shell.o(.constdata)
    shellDesckeys                            0x0801b6a2   Data          13  shell.o(.constdata)
    shellCmdclear                            0x0801b6af   Data           6  shell.o(.constdata)
    shellDescclear                           0x0801b6b5   Data          14  shell.o(.constdata)
    shellCmdlogSetLevel                      0x0801b6d1   Data          12  log.o(.constdata)
    shellDesclogSetLevel                     0x0801b6dd   Data          42  log.o(.constdata)
    shellCmdhexdump                          0x0801b707   Data           8  log.o(.constdata)
    shellDeschexdump                         0x0801b70f   Data          46  log.o(.constdata)
    AHBPrescTable                            0x0801b749   Data          16  system_stm32f4xx.o(.constdata)
    APBPrescTable                            0x0801b759   Data           8  system_stm32f4xx.o(.constdata)
    Region$$Table$$Base                      0x0801ba70   Number         0  anon$$obj.o(Region$$Table)
    Region$$Table$$Limit                     0x0801ba90   Number         0  anon$$obj.o(Region$$Table)
    shellCommand$$Base                       0x0801ba90   Number         0  shell.o(shellCommand)
    shellUserDefault                         0x0801ba90   Data          16  shell.o(shellCommand)
    shellCommandsetVar                       0x0801baa0   Data          16  shell.o(shellCommand)
    shellKey0x1B5B4100                       0x0801bab0   Data          16  shell.o(shellCommand)
    shellKey0x1B5B4200                       0x0801bac0   Data          16  shell.o(shellCommand)
    shellKey0x1B5B4300                       0x0801bad0   Data          16  shell.o(shellCommand)
    shellKey0x1B5B4400                       0x0801bae0   Data          16  shell.o(shellCommand)
    shellKey0x09000000                       0x0801baf0   Data          16  shell.o(shellCommand)
    shellKey0x08000000                       0x0801bb00   Data          16  shell.o(shellCommand)
    shellKey0x7F000000                       0x0801bb10   Data          16  shell.o(shellCommand)
    shellKey0x1B5B337E                       0x0801bb20   Data          16  shell.o(shellCommand)
    shellKey0x0A000000                       0x0801bb30   Data          16  shell.o(shellCommand)
    shellKey0x0D000000                       0x0801bb40   Data          16  shell.o(shellCommand)
    shellCommandhelp                         0x0801bb50   Data          16  shell.o(shellCommand)
    shellCommandusers                        0x0801bb60   Data          16  shell.o(shellCommand)
    shellCommandcmds                         0x0801bb70   Data          16  shell.o(shellCommand)
    shellCommandvars                         0x0801bb80   Data          16  shell.o(shellCommand)
    shellCommandkeys                         0x0801bb90   Data          16  shell.o(shellCommand)
    shellCommandclear                        0x0801bba0   Data          16  shell.o(shellCommand)
    shellCommandlogSetLevel                  0x0801bbb0   Data          16  log.o(shellCommand)
    shellCommandhexdump                      0x0801bbc0   Data          16  log.o(shellCommand)
    shellCommand$$Limit                      0x0801bbd0   Number         0  log.o(shellCommand)
    status                                   0x20000000   Data           1  main.o(.data)
    isAlive                                  0x20000004   Data           1  main.o(.data)
    IntCount                                 0x20000008   Data           4  main.o(.data)
    p_data_ready                             0x2000000c   Data           1  main.o(.data)
    resolution                               0x2000000d   Data           1  main.o(.data)
    i1                                       0x20000010   Data           1  freertos.o(.data)
    defaultTaskHandle                        0x20000014   Data           4  freertos.o(.data)
    ToFTaskHandle                            0x20000018   Data           4  freertos.o(.data)
    DebugTaskHandle                          0x2000001c   Data           4  freertos.o(.data)
    pairedChars                              0x20000020   Data           2  shell.o(.data)
    uwTickFreq                               0x2000007c   Data           1  stm32f4xx_hal.o(.data)
    uwTickPrio                               0x20000080   Data           4  stm32f4xx_hal.o(.data)
    uwTick                                   0x20000084   Data           4  stm32f4xx_hal.o(.data)
    SystemCoreClock                          0x20000088   Data           4  system_stm32f4xx.o(.data)
    pxCurrentTCB                             0x2000008c   Data           4  tasks.o(.data)
    __stdout                                 0x200000f4   Data           4  stdout.o(.data)
    Dev                                      0x200000f8   Data        2736  main.o(.bss)
    Results                                  0x20000ba8   Data        1360  main.o(.bss)
    hi2c1                                    0x2000134c   Data          84  i2c.o(.bss)
    hi2c2                                    0x200013a0   Data          84  i2c.o(.bss)
    hspi2                                    0x200013f4   Data          88  spi.o(.bss)
    huart2                                   0x2000144c   Data          72  usart.o(.bss)
    huart6                                   0x20001494   Data          72  usart.o(.bss)
    shell                                    0x200014fc   Data         108  shell_port.o(.bss)
    shellBuffer                              0x20001568   Data         512  shell_port.o(.bss)
    logList                                  0x20001768   Data          20  log.o(.bss)
    __initial_sp                             0x20005970   Data           0  startup_stm32f401xe.o(STACK)



==============================================================================

Memory Map of the image

  Image Entry point : 0x08000195

  Load Region LR_IROM1 (Base: 0x08000000, Size: 0x0001bcc8, Max: 0x00080000, ABSOLUTE)

    Execution Region ER_IROM1 (Exec base: 0x08000000, Load base: 0x08000000, Size: 0x0001bbd0, Max: 0x00080000, ABSOLUTE)

    Exec Addr    Load Addr    Size         Type   Attr      Idx    E Section Name        Object

    0x08000000   0x08000000   0x00000194   Data   RO            3    RESET               startup_stm32f401xe.o
    0x08000194   0x08000194   0x00000000   Code   RO         5690  * .ARM.Collect$$$$00000000  mc_w.l(entry.o)
    0x08000194   0x08000194   0x00000004   Code   RO         5970    .ARM.Collect$$$$00000001  mc_w.l(entry2.o)
    0x08000198   0x08000198   0x00000004   Code   RO         5973    .ARM.Collect$$$$00000004  mc_w.l(entry5.o)
    0x0800019c   0x0800019c   0x00000000   Code   RO         5975    .ARM.Collect$$$$00000008  mc_w.l(entry7b.o)
    0x0800019c   0x0800019c   0x00000000   Code   RO         5977    .ARM.Collect$$$$0000000A  mc_w.l(entry8b.o)
    0x0800019c   0x0800019c   0x00000008   Code   RO         5978    .ARM.Collect$$$$0000000B  mc_w.l(entry9a.o)
    0x080001a4   0x080001a4   0x00000000   Code   RO         5980    .ARM.Collect$$$$0000000D  mc_w.l(entry10a.o)
    0x080001a4   0x080001a4   0x00000000   Code   RO         5982    .ARM.Collect$$$$0000000F  mc_w.l(entry11a.o)
    0x080001a4   0x080001a4   0x00000004   Code   RO         5971    .ARM.Collect$$$$00002712  mc_w.l(entry2.o)
    0x080001a8   0x080001a8   0x000000be   Code   RO         5613    .emb_text           port.o
    0x08000266   0x08000266   0x00000002   PAD
    0x08000268   0x08000268   0x00000024   Code   RO            4    .text               startup_stm32f401xe.o
    0x0800028c   0x0800028c   0x00000062   Code   RO         5693    .text               mc_w.l(uldiv.o)
    0x080002ee   0x080002ee   0x00000024   Code   RO         5695    .text               mc_w.l(memcpya.o)
    0x08000312   0x08000312   0x00000024   Code   RO         5699    .text               mc_w.l(memseta.o)
    0x08000336   0x08000336   0x0000000e   Code   RO         5701    .text               mc_w.l(strlen.o)
    0x08000344   0x08000344   0x0000001c   Code   RO         5703    .text               mc_w.l(strcmp.o)
    0x08000360   0x08000360   0x0000001e   Code   RO         5705    .text               mc_w.l(strncmp.o)
    0x0800037e   0x0800037e   0x0000002c   Code   RO         5985    .text               mc_w.l(uidiv.o)
    0x080003aa   0x080003aa   0x0000001e   Code   RO         5987    .text               mc_w.l(llshl.o)
    0x080003c8   0x080003c8   0x00000020   Code   RO         5989    .text               mc_w.l(llushr.o)
    0x080003e8   0x080003e8   0x00000000   Code   RO         5991    .text               mc_w.l(iusefp.o)
    0x080003e8   0x080003e8   0x0000014e   Code   RO         5992    .text               mf_w.l(dadd.o)
    0x08000536   0x08000536   0x000000e4   Code   RO         5994    .text               mf_w.l(dmul.o)
    0x0800061a   0x0800061a   0x000000de   Code   RO         5996    .text               mf_w.l(ddiv.o)
    0x080006f8   0x080006f8   0x00000030   Code   RO         5998    .text               mf_w.l(dfixul.o)
    0x08000728   0x08000728   0x00000030   Code   RO         6000    .text               mf_w.l(cdrcmple.o)
    0x08000758   0x08000758   0x00000024   Code   RO         6002    .text               mc_w.l(init.o)
    0x0800077c   0x0800077c   0x00000024   Code   RO         6004    .text               mc_w.l(llsshr.o)
    0x080007a0   0x080007a0   0x000000ba   Code   RO         6006    .text               mf_w.l(depilogue.o)
    0x0800085a   0x0800085a   0x00000002   Code   RO         1040    i.BusFault_Handler  stm32f4xx_it.o
    0x0800085c   0x0800085c   0x00000002   Code   RO         1041    i.DebugMon_Handler  stm32f4xx_it.o
    0x0800085e   0x0800085e   0x00000016   Code   RO         1042    i.EXTI15_10_IRQHandler  stm32f4xx_it.o
    0x08000874   0x08000874   0x00000006   Code   RO         1043    i.EXTI4_IRQHandler  stm32f4xx_it.o
    0x0800087a   0x0800087a   0x00000004   Code   RO          663    i.Error_Handler     main.o
    0x0800087e   0x0800087e   0x00000002   PAD
    0x08000880   0x08000880   0x00000024   Code   RO         2958    i.HAL_Delay         stm32f4xx_hal.o
    0x080008a4   0x080008a4   0x00000014   Code   RO          664    i.HAL_GPIO_EXTI_Callback  main.o
    0x080008b8   0x080008b8   0x00000018   Code   RO         2389    i.HAL_GPIO_EXTI_IRQHandler  stm32f4xx_hal_gpio.o
    0x080008d0   0x080008d0   0x000001e0   Code   RO         2390    i.HAL_GPIO_Init     stm32f4xx_hal_gpio.o
    0x08000ab0   0x08000ab0   0x0000000a   Code   RO         2394    i.HAL_GPIO_WritePin  stm32f4xx_hal_gpio.o
    0x08000aba   0x08000aba   0x00000002   PAD
    0x08000abc   0x08000abc   0x0000000c   Code   RO         2964    i.HAL_GetTick       stm32f4xx_hal.o
    0x08000ac8   0x08000ac8   0x00000188   Code   RO         3220    i.HAL_I2C_Init      stm32f4xx_hal_i2c.o
    0x08000c50   0x08000c50   0x000001f0   Code   RO         3226    i.HAL_I2C_Master_Receive  stm32f4xx_hal_i2c.o
    0x08000e40   0x08000e40   0x0000012c   Code   RO         3233    i.HAL_I2C_Master_Transmit  stm32f4xx_hal_i2c.o
    0x08000f6c   0x08000f6c   0x00000130   Code   RO         3241    i.HAL_I2C_Mem_Write  stm32f4xx_hal_i2c.o
    0x0800109c   0x0800109c   0x000000c4   Code   RO          897    i.HAL_I2C_MspInit   i2c.o
    0x08001160   0x08001160   0x00000010   Code   RO         2970    i.HAL_IncTick       stm32f4xx_hal.o
    0x08001170   0x08001170   0x00000034   Code   RO         2971    i.HAL_Init          stm32f4xx_hal.o
    0x080011a4   0x080011a4   0x00000040   Code   RO         2972    i.HAL_InitTick      stm32f4xx_hal.o
    0x080011e4   0x080011e4   0x00000038   Code   RO         1115    i.HAL_MspInit       stm32f4xx_hal_msp.o
    0x0800121c   0x0800121c   0x0000001a   Code   RO         2806    i.HAL_NVIC_EnableIRQ  stm32f4xx_hal_cortex.o
    0x08001236   0x08001236   0x00000002   PAD
    0x08001238   0x08001238   0x00000040   Code   RO         2812    i.HAL_NVIC_SetPriority  stm32f4xx_hal_cortex.o
    0x08001278   0x08001278   0x00000024   Code   RO         2813    i.HAL_NVIC_SetPriorityGrouping  stm32f4xx_hal_cortex.o
    0x0800129c   0x0800129c   0x00000134   Code   RO         2012    i.HAL_RCC_ClockConfig  stm32f4xx_hal_rcc.o
    0x080013d0   0x080013d0   0x00000020   Code   RO         2019    i.HAL_RCC_GetPCLK1Freq  stm32f4xx_hal_rcc.o
    0x080013f0   0x080013f0   0x00000020   Code   RO         2020    i.HAL_RCC_GetPCLK2Freq  stm32f4xx_hal_rcc.o
    0x08001410   0x08001410   0x00000060   Code   RO         2021    i.HAL_RCC_GetSysClockFreq  stm32f4xx_hal_rcc.o
    0x08001470   0x08001470   0x0000036c   Code   RO         2024    i.HAL_RCC_OscConfig  stm32f4xx_hal_rcc.o
    0x080017dc   0x080017dc   0x000000bc   Code   RO         3687    i.HAL_SPI_Init      stm32f4xx_hal_spi.o
    0x08001898   0x08001898   0x00000090   Code   RO          945    i.HAL_SPI_MspInit   spi.o
    0x08001928   0x08001928   0x00000028   Code   RO         2817    i.HAL_SYSTICK_Config  stm32f4xx_hal_cortex.o
    0x08001950   0x08001950   0x00000064   Code   RO         4028    i.HAL_UART_Init     stm32f4xx_hal_uart.o
    0x080019b4   0x080019b4   0x000000a8   Code   RO          987    i.HAL_UART_MspInit  usart.o
    0x08001a5c   0x08001a5c   0x000000b0   Code   RO         4031    i.HAL_UART_Receive  stm32f4xx_hal_uart.o
    0x08001b0c   0x08001b0c   0x000000a0   Code   RO         4036    i.HAL_UART_Transmit  stm32f4xx_hal_uart.o
    0x08001bac   0x08001bac   0x00000002   Code   RO         1044    i.HardFault_Handler  stm32f4xx_it.o
    0x08001bae   0x08001bae   0x0000002e   Code   RO         3263    i.I2C_IsAcknowledgeFailed  stm32f4xx_hal_i2c.o
    0x08001bdc   0x08001bdc   0x000000ec   Code   RO         3266    i.I2C_MasterRequestRead  stm32f4xx_hal_i2c.o
    0x08001cc8   0x08001cc8   0x0000009c   Code   RO         3267    i.I2C_MasterRequestWrite  stm32f4xx_hal_i2c.o
    0x08001d64   0x08001d64   0x000000a8   Code   RO         3274    i.I2C_RequestMemoryWrite  stm32f4xx_hal_i2c.o
    0x08001e0c   0x08001e0c   0x00000056   Code   RO         3278    i.I2C_WaitOnBTFFlagUntilTimeout  stm32f4xx_hal_i2c.o
    0x08001e62   0x08001e62   0x00000002   PAD
    0x08001e64   0x08001e64   0x00000090   Code   RO         3279    i.I2C_WaitOnFlagUntilTimeout  stm32f4xx_hal_i2c.o
    0x08001ef4   0x08001ef4   0x000000bc   Code   RO         3280    i.I2C_WaitOnMasterAddressFlagUntilTimeout  stm32f4xx_hal_i2c.o
    0x08001fb0   0x08001fb0   0x00000070   Code   RO         3281    i.I2C_WaitOnRXNEFlagUntilTimeout  stm32f4xx_hal_i2c.o
    0x08002020   0x08002020   0x00000056   Code   RO         3282    i.I2C_WaitOnTXEFlagUntilTimeout  stm32f4xx_hal_i2c.o
    0x08002076   0x08002076   0x00000002   PAD
    0x08002078   0x08002078   0x00000054   Code   RO          815    i.MX_FREERTOS_Init  freertos.o
    0x080020cc   0x080020cc   0x00000120   Code   RO          791    i.MX_GPIO_Init      gpio.o
    0x080021ec   0x080021ec   0x00000040   Code   RO          898    i.MX_I2C1_Init      i2c.o
    0x0800222c   0x0800222c   0x00000040   Code   RO          899    i.MX_I2C2_Init      i2c.o
    0x0800226c   0x0800226c   0x00000048   Code   RO          946    i.MX_SPI2_Init      spi.o
    0x080022b4   0x080022b4   0x00000038   Code   RO          988    i.MX_USART2_UART_Init  usart.o
    0x080022ec   0x080022ec   0x00000038   Code   RO          989    i.MX_USART6_UART_Init  usart.o
    0x08002324   0x08002324   0x00000002   Code   RO         1045    i.MemManage_Handler  stm32f4xx_it.o
    0x08002326   0x08002326   0x00000002   Code   RO         1046    i.NMI_Handler       stm32f4xx_it.o
    0x08002328   0x08002328   0x00000008   Code   RO          816    i.StartDebugTask    freertos.o
    0x08002330   0x08002330   0x00000008   Code   RO          817    i.StartDefaultTask  freertos.o
    0x08002338   0x08002338   0x00000078   Code   RO          819    i.StratToFTask      freertos.o
    0x080023b0   0x080023b0   0x00000018   Code   RO         1047    i.SysTick_Handler   stm32f4xx_it.o
    0x080023c8   0x080023c8   0x00000098   Code   RO          665    i.SystemClock_Config  main.o
    0x08002460   0x08002460   0x00000010   Code   RO         4362    i.SystemInit        system_stm32f4xx.o
    0x08002470   0x08002470   0x0000004e   Code   RO         4051    i.UART_EndRxTransfer  stm32f4xx_hal_uart.o
    0x080024be   0x080024be   0x00000002   PAD
    0x080024c0   0x080024c0   0x0000010c   Code   RO         4054    i.UART_SetConfig    stm32f4xx_hal_uart.o
    0x080025cc   0x080025cc   0x00000072   Code   RO         4057    i.UART_WaitOnFlagUntilTimeout  stm32f4xx_hal_uart.o
    0x0800263e   0x0800263e   0x00000002   Code   RO         1048    i.UsageFault_Handler  stm32f4xx_it.o
    0x08002640   0x08002640   0x00000040   Code   RO          494    i.VL53L8CX_RdMulti  platform.o
    0x08002680   0x08002680   0x0000001e   Code   RO          496    i.VL53L8CX_SwapBuffer  platform.o
    0x0800269e   0x0800269e   0x0000000c   Code   RO          497    i.VL53L8CX_WaitMs   platform.o
    0x080026aa   0x080026aa   0x00000002   PAD
    0x080026ac   0x080026ac   0x00000028   Code   RO          498    i.VL53L8CX_WrByte   platform.o
    0x080026d4   0x080026d4   0x00000020   Code   RO          499    i.VL53L8CX_WrMulti  platform.o
    0x080026f4   0x080026f4   0x00000020   Code   RO         5942    i.__0printf         mc_w.l(printfa.o)
    0x08002714   0x08002714   0x00000030   Code   RO         5943    i.__0snprintf       mc_w.l(printfa.o)
    0x08002744   0x08002744   0x00000028   Code   RO         5944    i.__0sprintf        mc_w.l(printfa.o)
    0x0800276c   0x0800276c   0x0000002c   Code   RO         5947    i.__0vsnprintf      mc_w.l(printfa.o)
    0x08002798   0x08002798   0x00000020   Code   RO         2819    i.__NVIC_SetPriority  stm32f4xx_hal_cortex.o
    0x080027b8   0x080027b8   0x0000000e   Code   RO         6010    i.__scatterload_copy  mc_w.l(handlers.o)
    0x080027c6   0x080027c6   0x00000002   Code   RO         6011    i.__scatterload_null  mc_w.l(handlers.o)
    0x080027c8   0x080027c8   0x0000000e   Code   RO         6012    i.__scatterload_zeroinit  mc_w.l(handlers.o)
    0x080027d6   0x080027d6   0x00000002   PAD
    0x080027d8   0x080027d8   0x00000184   Code   RO         5949    i._fp_digits        mc_w.l(printfa.o)
    0x0800295c   0x0800295c   0x000006dc   Code   RO         5950    i._printf_core      mc_w.l(printfa.o)
    0x08003038   0x08003038   0x00000024   Code   RO         5951    i._printf_post_padding  mc_w.l(printfa.o)
    0x0800305c   0x0800305c   0x0000002e   Code   RO         5952    i._printf_pre_padding  mc_w.l(printfa.o)
    0x0800308a   0x0800308a   0x00000016   Code   RO         5953    i._snputc           mc_w.l(printfa.o)
    0x080030a0   0x080030a0   0x0000000a   Code   RO         5954    i._sputc            mc_w.l(printfa.o)
    0x080030aa   0x080030aa   0x0000006a   Code   RO         1139    i._vl53l8cx_poll_for_answer  vl53l8cx_api.o
    0x08003114   0x08003114   0x00000018   Code   RO          990    i.fputc             usart.o
    0x0800312c   0x0800312c   0x00000134   Code   RO          820    i.get_data_by_polling  freertos.o
    0x08003260   0x08003260   0x0000017c   Code   RO         1957    i.logHexDump        log.o
    0x080033dc   0x080033dc   0x00000074   Code   RO         1959    i.logSetLevel       log.o
    0x08003450   0x08003450   0x00000034   Code   RO         1961    i.logWrite          log.o
    0x08003484   0x08003484   0x00000058   Code   RO         1962    i.logWriteBuffer    log.o
    0x080034dc   0x080034dc   0x0000002e   Code   RO          667    i.main              main.o
    0x0800350a   0x0800350a   0x0000000c   Code   RO         5179    i.makeFreeRtosPriority  cmsis_os.o
    0x08003516   0x08003516   0x0000000e   Code   RO         5181    i.osDelay           cmsis_os.o
    0x08003524   0x08003524   0x0000000a   Code   RO         5184    i.osKernelStart     cmsis_os.o
    0x0800352e   0x0800352e   0x00000054   Code   RO         5218    i.osThreadCreate    cmsis_os.o
    0x08003582   0x08003582   0x00000002   PAD
    0x08003584   0x08003584   0x00000070   Code   RO         4861    i.prvAddCurrentTaskToDelayedList  tasks.o
    0x080035f4   0x080035f4   0x000000d0   Code   RO         4862    i.prvAddNewTaskToReadyList  tasks.o
    0x080036c4   0x080036c4   0x0000006c   Code   RO         4535    i.prvCopyDataToQueue  queue.o
    0x08003730   0x08003730   0x00000034   Code   RO         4863    i.prvDeleteTCB      tasks.o
    0x08003764   0x08003764   0x0000004c   Code   RO         5546    i.prvHeapInit       heap_4.o
    0x080037b0   0x080037b0   0x00000060   Code   RO         4864    i.prvIdleTask       tasks.o
    0x08003810   0x08003810   0x00000016   Code   RO         4536    i.prvInitialiseMutex  queue.o
    0x08003826   0x08003826   0x00000016   Code   RO         4537    i.prvInitialiseNewQueue  queue.o
    0x0800383c   0x0800383c   0x00000098   Code   RO         4865    i.prvInitialiseNewTask  tasks.o
    0x080038d4   0x080038d4   0x0000004c   Code   RO         5547    i.prvInsertBlockIntoFreeList  heap_4.o
    0x08003920   0x08003920   0x00000020   Code   RO         4866    i.prvResetNextTaskUnblockTime  tasks.o
    0x08003940   0x08003940   0x00000028   Code   RO         5614    i.prvTaskExitError  port.o
    0x08003968   0x08003968   0x0000006a   Code   RO         4539    i.prvUnlockQueue    queue.o
    0x080039d2   0x080039d2   0x00000002   PAD
    0x080039d4   0x080039d4   0x000000dc   Code   RO         5548    i.pvPortMalloc      heap_4.o
    0x08003ab0   0x08003ab0   0x0000002c   Code   RO         5615    i.pxPortInitialiseStack  port.o
    0x08003adc   0x08003adc   0x00000006   Code   RO         1502    i.shellBackspace    shell.o
    0x08003ae2   0x08003ae2   0x00000030   Code   RO         1503    i.shellCheckPermission  shell.o
    0x08003b12   0x08003b12   0x00000002   PAD
    0x08003b14   0x08003b14   0x0000001c   Code   RO         1504    i.shellClear        shell.o
    0x08003b30   0x08003b30   0x00000030   Code   RO         1505    i.shellClearCommandLine  shell.o
    0x08003b60   0x08003b60   0x00000014   Code   RO         1506    i.shellCmds         shell.o
    0x08003b74   0x08003b74   0x00000008   Code   RO         1507    i.shellDelete       shell.o
    0x08003b7c   0x08003b7c   0x000000d6   Code   RO         1508    i.shellDeleteByte   shell.o
    0x08003c52   0x08003c52   0x00000002   PAD
    0x08003c54   0x08003c54   0x0000001c   Code   RO         1509    i.shellDeleteCommandLine  shell.o
    0x08003c70   0x08003c70   0x00000008   Code   RO         1510    i.shellDown         shell.o
    0x08003c78   0x08003c78   0x00000014   Code   RO         1511    i.shellEnter        shell.o
    0x08003c8c   0x08003c8c   0x000000a0   Code   RO         1512    i.shellExec         shell.o
    0x08003d2c   0x08003d2c   0x00000046   Code   RO         1873    i.shellExtParseChar  shell_ext.o
    0x08003d72   0x08003d72   0x0000010a   Code   RO         1874    i.shellExtParseNumber  shell_ext.o
    0x08003e7c   0x08003e7c   0x000000b8   Code   RO         1875    i.shellExtParsePara  shell_ext.o
    0x08003f34   0x08003f34   0x000000ce   Code   RO         1876    i.shellExtRun       shell_ext.o
    0x08004002   0x08004002   0x00000004   Code   RO         1513    i.shellGetCommandDesc  shell.o
    0x08004006   0x08004006   0x00000002   PAD
    0x08004008   0x08004008   0x00000038   Code   RO         1514    i.shellGetCommandName  shell.o
    0x08004040   0x08004040   0x00000028   Code   RO         1515    i.shellGetCurrent   shell.o
    0x08004068   0x08004068   0x0000003e   Code   RO         1516    i.shellGetVarValue  shell.o
    0x080040a6   0x080040a6   0x00000002   PAD
    0x080040a8   0x080040a8   0x000000cc   Code   RO         1517    i.shellHandler      shell.o
    0x08004174   0x08004174   0x00000028   Code   RO         1518    i.shellHelp         shell.o
    0x0800419c   0x0800419c   0x00000098   Code   RO         1519    i.shellHistory      shell.o
    0x08004234   0x08004234   0x00000068   Code   RO         1520    i.shellHistoryAdd   shell.o
    0x0800429c   0x0800429c   0x000000a0   Code   RO         1521    i.shellInit         shell.o
    0x0800433c   0x0800433c   0x000000ec   Code   RO         1522    i.shellInsertByte   shell.o
    0x08004428   0x08004428   0x00000014   Code   RO         1523    i.shellKeys         shell.o
    0x0800443c   0x0800443c   0x00000020   Code   RO         1524    i.shellLeft         shell.o
    0x0800445c   0x0800445c   0x0000004c   Code   RO         1526    i.shellListCommand  shell.o
    0x080044a8   0x080044a8   0x000000f4   Code   RO         1527    i.shellListItem     shell.o
    0x0800459c   0x0800459c   0x00000050   Code   RO         1528    i.shellListKey      shell.o
    0x080045ec   0x080045ec   0x00000050   Code   RO         1529    i.shellListUser     shell.o
    0x0800463c   0x0800463c   0x00000050   Code   RO         1530    i.shellListVar      shell.o
    0x0800468c   0x0800468c   0x00000010   Code   RO         1531    i.shellNormalInput  shell.o
    0x0800469c   0x0800469c   0x00000020   Code   RO         1534    i.shellRight        shell.o
    0x080046bc   0x080046bc   0x000000ba   Code   RO         1536    i.shellRunCommand   shell.o
    0x08004776   0x08004776   0x00000002   PAD
    0x08004778   0x08004778   0x0000006e   Code   RO         1537    i.shellSeekCommand  shell.o
    0x080047e6   0x080047e6   0x00000002   PAD
    0x080047e8   0x080047e8   0x00000060   Code   RO         1538    i.shellSetUser      shell.o
    0x08004848   0x08004848   0x00000058   Code   RO         1539    i.shellSetVar       shell.o
    0x080048a0   0x080048a0   0x00000070   Code   RO         1540    i.shellSetVarValue  shell.o
    0x08004910   0x08004910   0x000000b0   Code   RO         1541    i.shellShowVar      shell.o
    0x080049c0   0x080049c0   0x000000ec   Code   RO         1542    i.shellSplit        shell.o
    0x08004aac   0x08004aac   0x00000024   Code   RO         1543    i.shellStringCompare  shell.o
    0x08004ad0   0x08004ad0   0x00000018   Code   RO         1544    i.shellStringCopy   shell.o
    0x08004ae8   0x08004ae8   0x000000fc   Code   RO         1545    i.shellTab          shell.o
    0x08004be4   0x08004be4   0x00000020   Code   RO         1546    i.shellTask         shell.o
    0x08004c04   0x08004c04   0x0000004c   Code   RO         1547    i.shellToDec        shell.o
    0x08004c50   0x08004c50   0x0000002a   Code   RO         1548    i.shellToHex        shell.o
    0x08004c7a   0x08004c7a   0x00000006   Code   RO         1549    i.shellUp           shell.o
    0x08004c80   0x08004c80   0x00000014   Code   RO         1550    i.shellUsers        shell.o
    0x08004c94   0x08004c94   0x00000014   Code   RO         1551    i.shellVars         shell.o
    0x08004ca8   0x08004ca8   0x00000058   Code   RO         1552    i.shellWriteCommandHelp  shell.o
    0x08004d00   0x08004d00   0x0000005c   Code   RO         1553    i.shellWritePrompt  shell.o
    0x08004d5c   0x08004d5c   0x00000080   Code   RO         1554    i.shellWriteReturnValue  shell.o
    0x08004ddc   0x08004ddc   0x00000024   Code   RO         1555    i.shellWriteString  shell.o
    0x08004e00   0x08004e00   0x000000a0   Code   RO         1904    i.userShellInit     shell_port.o
    0x08004ea0   0x08004ea0   0x00000020   Code   RO         1906    i.userShellRead     shell_port.o
    0x08004ec0   0x08004ec0   0x0000001c   Code   RO         1908    i.userShellWrite    shell_port.o
    0x08004edc   0x08004edc   0x00000026   Code   RO         4494    i.uxListRemove      list.o
    0x08004f02   0x08004f02   0x00000002   PAD
    0x08004f04   0x08004f04   0x00000014   Code   RO          821    i.vApplicationGetIdleTaskMemory  freertos.o
    0x08004f18   0x08004f18   0x00000016   Code   RO         4495    i.vListInitialise   list.o
    0x08004f2e   0x08004f2e   0x00000006   Code   RO         4496    i.vListInitialiseItem  list.o
    0x08004f34   0x08004f34   0x00000030   Code   RO         4497    i.vListInsert       list.o
    0x08004f64   0x08004f64   0x00000018   Code   RO         4498    i.vListInsertEnd    list.o
    0x08004f7c   0x08004f7c   0x00000040   Code   RO         5617    i.vPortEnterCritical  port.o
    0x08004fbc   0x08004fbc   0x00000028   Code   RO         5618    i.vPortExitCritical  port.o
    0x08004fe4   0x08004fe4   0x00000064   Code   RO         5549    i.vPortFree         heap_4.o
    0x08005048   0x08005048   0x00000024   Code   RO         5619    i.vPortSetupTimerInterrupt  port.o
    0x0800506c   0x0800506c   0x0000004c   Code   RO         4875    i.vTaskDelay        tasks.o
    0x080050b8   0x080050b8   0x00000010   Code   RO         4878    i.vTaskInternalSetTimeOutState  tasks.o
    0x080050c8   0x080050c8   0x0000000c   Code   RO         4879    i.vTaskMissedYield  tasks.o
    0x080050d4   0x080050d4   0x00000030   Code   RO         4881    i.vTaskPlaceOnEventList  tasks.o
    0x08005104   0x08005104   0x0000006c   Code   RO         4888    i.vTaskStartScheduler  tasks.o
    0x08005170   0x08005170   0x00000010   Code   RO         4890    i.vTaskSuspendAll   tasks.o
    0x08005180   0x08005180   0x0000005c   Code   RO         4891    i.vTaskSwitchContext  tasks.o
    0x080051dc   0x080051dc   0x00000058   Code   RO         1142    i.vl53l8cx_check_data_ready  vl53l8cx_api.o
    0x08005234   0x08005234   0x000000b4   Code   RO         1143    i.vl53l8cx_dci_read_data  vl53l8cx_api.o
    0x080052e8   0x080052e8   0x000000cc   Code   RO         1145    i.vl53l8cx_dci_write_data  vl53l8cx_api.o
    0x080053b4   0x080053b4   0x000001be   Code   RO         1150    i.vl53l8cx_get_ranging_data  vl53l8cx_api.o
    0x08005572   0x08005572   0x00000024   Code   RO         1153    i.vl53l8cx_get_resolution  vl53l8cx_api.o
    0x08005596   0x08005596   0x00000002   PAD
    0x08005598   0x08005598   0x0000017c   Code   RO         1168    i.vl53l8cx_start_ranging  vl53l8cx_api.o
    0x08005714   0x08005714   0x000000f4   Code   RO         5621    i.xPortStartScheduler  port.o
    0x08005808   0x08005808   0x0000002c   Code   RO         5622    i.xPortSysTickHandler  port.o
    0x08005834   0x08005834   0x00000016   Code   RO         4546    i.xQueueCreateMutex  queue.o
    0x0800584a   0x0800584a   0x00000042   Code   RO         4548    i.xQueueGenericCreate  queue.o
    0x0800588c   0x0800588c   0x00000088   Code   RO         4550    i.xQueueGenericReset  queue.o
    0x08005914   0x08005914   0x00000160   Code   RO         4551    i.xQueueGenericSend  queue.o
    0x08005a74   0x08005a74   0x00000074   Code   RO         4893    i.xTaskCheckForTimeOut  tasks.o
    0x08005ae8   0x08005ae8   0x0000005a   Code   RO         4894    i.xTaskCreate       tasks.o
    0x08005b42   0x08005b42   0x00000056   Code   RO         4895    i.xTaskCreateStatic  tasks.o
    0x08005b98   0x08005b98   0x0000001c   Code   RO         4899    i.xTaskGetSchedulerState  tasks.o
    0x08005bb4   0x08005bb4   0x000000cc   Code   RO         4902    i.xTaskIncrementTick  tasks.o
    0x08005c80   0x08005c80   0x00000098   Code   RO         4905    i.xTaskPriorityDisinherit  tasks.o
    0x08005d18   0x08005d18   0x00000074   Code   RO         4907    i.xTaskRemoveFromEventList  tasks.o
    0x08005d8c   0x08005d8c   0x000000c4   Code   RO         4908    i.xTaskResumeAll    tasks.o
    0x08005e50   0x08005e50   0x00000054   Data   RO          823    .constdata          freertos.o
    0x08005ea4   0x08005ea4   0x0001573c   Data   RO         1170    .constdata          vl53l8cx_api.o
    0x0801b5e0   0x0801b5e0   0x00000007   Data   RO         1557    .constdata          shell.o
    0x0801b5e7   0x0801b5e7   0x00000001   Data   RO         1558    .constdata          shell.o
    0x0801b5e8   0x0801b5e8   0x0000000d   Data   RO         1559    .constdata          shell.o
    0x0801b5f5   0x0801b5f5   0x00000007   Data   RO         1560    .constdata          shell.o
    0x0801b5fc   0x0801b5fc   0x00000008   Data   RO         1561    .constdata          shell.o
    0x0801b604   0x0801b604   0x00000003   Data   RO         1562    .constdata          shell.o
    0x0801b607   0x0801b607   0x00000005   Data   RO         1563    .constdata          shell.o
    0x0801b60c   0x0801b60c   0x00000006   Data   RO         1564    .constdata          shell.o
    0x0801b612   0x0801b612   0x00000005   Data   RO         1565    .constdata          shell.o
    0x0801b617   0x0801b617   0x00000004   Data   RO         1566    .constdata          shell.o
    0x0801b61b   0x0801b61b   0x0000000a   Data   RO         1567    .constdata          shell.o
    0x0801b625   0x0801b625   0x0000000a   Data   RO         1568    .constdata          shell.o
    0x0801b62f   0x0801b62f   0x00000007   Data   RO         1569    .constdata          shell.o
    0x0801b636   0x0801b636   0x00000006   Data   RO         1570    .constdata          shell.o
    0x0801b63c   0x0801b63c   0x00000006   Data   RO         1571    .constdata          shell.o
    0x0801b642   0x0801b642   0x00000005   Data   RO         1572    .constdata          shell.o
    0x0801b647   0x0801b647   0x0000001e   Data   RO         1573    .constdata          shell.o
    0x0801b665   0x0801b665   0x00000006   Data   RO         1574    .constdata          shell.o
    0x0801b66b   0x0801b66b   0x0000000e   Data   RO         1575    .constdata          shell.o
    0x0801b679   0x0801b679   0x00000005   Data   RO         1576    .constdata          shell.o
    0x0801b67e   0x0801b67e   0x0000000d   Data   RO         1577    .constdata          shell.o
    0x0801b68b   0x0801b68b   0x00000005   Data   RO         1578    .constdata          shell.o
    0x0801b690   0x0801b690   0x0000000d   Data   RO         1579    .constdata          shell.o
    0x0801b69d   0x0801b69d   0x00000005   Data   RO         1580    .constdata          shell.o
    0x0801b6a2   0x0801b6a2   0x0000000d   Data   RO         1581    .constdata          shell.o
    0x0801b6af   0x0801b6af   0x00000006   Data   RO         1582    .constdata          shell.o
    0x0801b6b5   0x0801b6b5   0x0000000e   Data   RO         1583    .constdata          shell.o
    0x0801b6c3   0x0801b6c3   0x0000000e   Data   RO         1910    .constdata          shell_port.o
    0x0801b6d1   0x0801b6d1   0x0000000c   Data   RO         1964    .constdata          log.o
    0x0801b6dd   0x0801b6dd   0x0000002a   Data   RO         1965    .constdata          log.o
    0x0801b707   0x0801b707   0x00000008   Data   RO         1966    .constdata          log.o
    0x0801b70f   0x0801b70f   0x0000002e   Data   RO         1967    .constdata          log.o
    0x0801b73d   0x0801b73d   0x0000000c   Data   RO         1968    .constdata          log.o
    0x0801b749   0x0801b749   0x00000010   Data   RO         4363    .constdata          system_stm32f4xx.o
    0x0801b759   0x0801b759   0x00000008   Data   RO         4364    .constdata          system_stm32f4xx.o
    0x0801b761   0x0801b761   0x00000003   PAD
    0x0801b764   0x0801b764   0x00000020   Data   RO          824    .conststring        freertos.o
    0x0801b784   0x0801b784   0x000002a1   Data   RO         1584    .conststring        shell.o
    0x0801ba25   0x0801ba25   0x00000003   PAD
    0x0801ba28   0x0801ba28   0x00000048   Data   RO         1969    .conststring        log.o
    0x0801ba70   0x0801ba70   0x00000020   Data   RO         6008    Region$$Table       anon$$obj.o
    0x0801ba90   0x0801ba90   0x00000120   Data   RO         1586    shellCommand        shell.o
    0x0801bbb0   0x0801bbb0   0x00000020   Data   RO         1970    shellCommand        log.o


    Execution Region RW_IRAM1 (Exec base: 0x20000000, Load base: 0x0801bbd0, Size: 0x00005970, Max: 0x00018000, ABSOLUTE)

    Exec Addr    Load Addr    Size         Type   Attr      Idx    E Section Name        Object

    0x20000000   0x0801bbd0   0x00000001   Data   RW          670    .data               main.o
    0x20000001   0x0801bbd1   0x00000003   PAD
    0x20000004   0x0801bbd4   0x00000008   Data   RW          672    .data               main.o
    0x2000000c   0x0801bbdc   0x00000001   Data   RW          674    .data               main.o
    0x2000000d   0x0801bbdd   0x00000001   Data   RW          675    .data               main.o
    0x2000000e   0x0801bbde   0x00000002   PAD
    0x20000010   0x0801bbe0   0x00000010   Data   RW          827    .data               freertos.o
    0x20000020   0x0801bbf0   0x00000058   Data   RW         1585    .data               shell.o
    0x20000078   0x0801bc48   0x00000004   Data   RW         1911    .data               shell_port.o
    0x2000007c   0x0801bc4c   0x0000000c   Data   RW         2978    .data               stm32f4xx_hal.o
    0x20000088   0x0801bc58   0x00000004   Data   RW         4365    .data               system_stm32f4xx.o
    0x2000008c   0x0801bc5c   0x0000003c   Data   RW         4911    .data               tasks.o
    0x200000c8   0x0801bc98   0x00000020   Data   RW         5555    .data               heap_4.o
    0x200000e8   0x0801bcb8   0x0000000c   Data   RW         5623    .data               port.o
    0x200000f4   0x0801bcc4   0x00000004   Data   RW         5984    .data               mc_w.l(stdout.o)
    0x200000f8        -       0x00000ab0   Zero   RW          668    .bss                main.o
    0x20000ba8        -       0x00000550   Zero   RW          669    .bss                main.o
    0x200010f8        -       0x00000254   Zero   RW          822    .bss                freertos.o
    0x2000134c        -       0x000000a8   Zero   RW          900    .bss                i2c.o
    0x200013f4        -       0x00000058   Zero   RW          947    .bss                spi.o
    0x2000144c        -       0x00000090   Zero   RW          991    .bss                usart.o
    0x200014dc        -       0x0000001d   Zero   RW         1556    .bss                shell.o
    0x200014f9   0x0801bcc8   0x00000003   PAD
    0x200014fc        -       0x0000026c   Zero   RW         1909    .bss                shell_port.o
    0x20001768        -       0x00000114   Zero   RW         1963    .bss                log.o
    0x2000187c        -       0x000000f0   Zero   RW         4910    .bss                tasks.o
    0x2000196c        -       0x00003c00   Zero   RW         5554    .bss                heap_4.o
    0x2000556c   0x0801bcc8   0x00000004   PAD
    0x20005570        -       0x00000400   Zero   RW            1    STACK               startup_stm32f401xe.o


==============================================================================

Image component sizes


      Code (inc. data)   RO Data    RW Data    ZI Data      Debug   Object Name

       120          0          0          0          0      23189   cmsis_os.o
         0          0          0          0          0      18436   event_groups.o
       548        264        116         16        596       4835   freertos.o
       288         16          0          0          0       1023   gpio.o
       472         24          0         32      15360       7359   heap_4.o
       324         42          0          0        168       2330   i2c.o
       138          0          0          0          0       3498   list.o
       636        166        224          0        276       4342   log.o
       222         16          0         11       4096      45920   main.o
       178         14          0          0          0       3678   platform.o
       702         72          0         12          0      10912   port.o
         0          0          0          0          0        524   ps2.o
       834         10          0          0          0      11995   queue.o
      4162        230       1188         88         29      40339   shell.o
       726          8          0          0          0       5626   shell_ext.o
       220         94         14          4        620       4737   shell_port.o
       216         24          0          0         88       1713   spi.o
        36          8        404          0       1024        828   startup_stm32f401xe.o
       180         28          0         12          0       9205   stm32f4xx_hal.o
       198         14          0          0          0      33775   stm32f4xx_hal_cortex.o
       514         40          0          0          0       2763   stm32f4xx_hal_gpio.o
      2714         68          0          0          0      15034   stm32f4xx_hal_i2c.o
        56          4          0          0          0        850   stm32f4xx_hal_msp.o
      1344         72          0          0          0       5212   stm32f4xx_hal_rcc.o
       188          0          0          0          0       1199   stm32f4xx_hal_spi.o
       896         10          0          0          0       5943   stm32f4xx_hal_uart.o
        64          0          0          0          0       4237   stm32f4xx_it.o
        16          4         24          4          0       1103   system_stm32f4xx.o
      2008        150          0         60        240      24918   tasks.o
       304         38          0          0        144       2927   usart.o
         0          0          0          0          0     405488   vl53l7cx_api.o
         0          0          0          0          0        392   vl53l7cx_plugin_detection_thresholds.o
      1440         32      87868          0          0       8257   vl53l8cx_api.o

    ----------------------------------------------------------------------
     19780       1448      89876        244      22648     712587   Object Totals
         0          0         32          0          0          0   (incl. Generated)
        36          0          6          5          7          0   (incl. Padding)

    ----------------------------------------------------------------------

      Code (inc. data)   RO Data    RW Data    ZI Data      Debug   Library Member Name

         0          0          0          0          0          0   entry.o
         0          0          0          0          0          0   entry10a.o
         0          0          0          0          0          0   entry11a.o
         8          4          0          0          0          0   entry2.o
         4          0          0          0          0          0   entry5.o
         0          0          0          0          0          0   entry7b.o
         0          0          0          0          0          0   entry8b.o
         8          4          0          0          0          0   entry9a.o
        30          0          0          0          0          0   handlers.o
        36          8          0          0          0         68   init.o
         0          0          0          0          0          0   iusefp.o
        30          0          0          0          0         68   llshl.o
        36          0          0          0          0         68   llsshr.o
        32          0          0          0          0         68   llushr.o
        36          0          0          0          0         68   memcpya.o
        36          0          0          0          0        108   memseta.o
      2422        104          0          0          0        836   printfa.o
         0          0          0          4          0          0   stdout.o
        28          0          0          0          0         76   strcmp.o
        14          0          0          0          0         68   strlen.o
        30          0          0          0          0         80   strncmp.o
        44          0          0          0          0         80   uidiv.o
        98          0          0          0          0         92   uldiv.o
        48          0          0          0          0         68   cdrcmple.o
       334          0          0          0          0        148   dadd.o
       222          0          0          0          0        100   ddiv.o
       186          0          0          0          0        176   depilogue.o
        48          0          0          0          0         68   dfixul.o
       228          0          0          0          0         96   dmul.o

    ----------------------------------------------------------------------
      3960        120          0          4          0       2336   Library Totals
         2          0          0          0          0          0   (incl. Padding)

    ----------------------------------------------------------------------

      Code (inc. data)   RO Data    RW Data    ZI Data      Debug   Library Name

      2892        120          0          4          0       1680   mc_w.l
      1066          0          0          0          0        656   mf_w.l

    ----------------------------------------------------------------------
      3960        120          0          4          0       2336   Library Totals

    ----------------------------------------------------------------------

==============================================================================


      Code (inc. data)   RO Data    RW Data    ZI Data      Debug   

     23740       1568      89876        248      22648     695279   Grand Totals
     23740       1568      89876        248      22648     695279   ELF Image Totals
     23740       1568      89876        248          0          0   ROM Totals

==============================================================================

    Total RO  Size (Code + RO Data)               113616 ( 110.95kB)
    Total RW  Size (RW Data + ZI Data)             22896 (  22.36kB)
    Total ROM Size (Code + RO Data + RW Data)     113864 ( 111.20kB)

==============================================================================

