<html>
<body>
<pre>
<h1>µVision Build Log</h1>
<h2>Tool Versions:</h2>
IDE-Version: ¦ÌVision V5.24.2.0
Copyright (C) 2017 ARM Ltd and ARM Germany GmbH. All rights reserved.
License Information: xiaobird dubin, HP Inc., LIC=47GU5-G0B5J-DYBV3-A7L8B-70GQN-QHNA0
 
Tool Versions:
Toolchain:       MDK-ARM Plus  Version: 5.24.1
Toolchain Path:  C:\Keil_v5\ARM\ARMCC\Bin
C Compiler:      Armcc.exe V5.06 update 5 (build 528)
Assembler:       Armasm.exe V5.06 update 5 (build 528)
Linker/Locator:  ArmLink.exe V5.06 update 5 (build 528)
Library Manager: ArmAr.exe V5.06 update 5 (build 528)
Hex Converter:   FromElf.exe V5.06 update 5 (build 528)
CPU DLL:         SARMCM3.DLL V5.24.1
Dialog DLL:      DCM.DLL V1.16.0.0
Target DLL:      STLink\ST-LINKIII-KEIL_SWO.dll V3.0.1.0
Dialog DLL:      TCM.DLL V1.32.0.0
 
<h2>Project:</h2>
C:\Projects\F401\F401_L7Test\MDK-ARM\F401_L7Test.uvprojx
Project File Date:  04/04/2026

<h2>Output:</h2>
*** Using Compiler 'V5.06 update 5 (build 528)', folder: 'C:\Keil_v5\ARM\ARMCC\Bin'
Rebuild target 'F401_L7Test'
assembling startup_stm32f401xe.s...
compiling PS2.c...
..\PS2\Crtl\PS2.c(110): warning:  #177-D: variable "but"  was declared but never referenced
  	uint8_t but = PS2data[3];
..\PS2\Crtl\PS2.c: 1 warning, 0 errors
compiling stm32f4xx_hal_msp.c...
compiling spi.c...
compiling vl53l7cx_plugin_detection_thresholds.c...
../Core/Inc/platform.h(273): warning:  #1-D: last line of file ends without a newline
  #endif	// _PLATFORM_H_
..\VL53L7CX_ULD_API\src\vl53l7cx_plugin_detection_thresholds.c: 1 warning, 0 errors
compiling platform.c...
../Core/Inc/platform.h(273): warning:  #1-D: last line of file ends without a newline
  #endif	// _PLATFORM_H_
..\Core\Src\platform.c(205): warning:  #1-D: last line of file ends without a newline
  }
..\Core\Src\platform.c: 2 warnings, 0 errors
compiling vl53l7cx_plugin_motion_indicator.c...
../Core/Inc/platform.h(273): warning:  #1-D: last line of file ends without a newline
  #endif	// _PLATFORM_H_
..\VL53L7CX_ULD_API\src\vl53l7cx_plugin_motion_indicator.c: 1 warning, 0 errors
compiling gpio.c...
compiling usart.c...
compiling main.c...
../Core/Inc/platform.h(273): warning:  #1-D: last line of file ends without a newline
  #endif	// _PLATFORM_H_
../Core/Src/main.c(191): warning:  #177-D: variable "set_Value"  was declared but never referenced
    int set_Value = 0;
../Core/Src/main.c(289): warning:  #1-D: last line of file ends without a newline
  #endif /* USE_FULL_ASSERT */
../Core/Src/main.c: 3 warnings, 0 errors
compiling freertos.c...
../Core/Inc/platform.h(273): warning:  #1-D: last line of file ends without a newline
  #endif	// _PLATFORM_H_
../Core/Src/freertos.c(242): warning:  #223-D: function "vl53l8cx_start_ranging" declared implicitly
    status = vl53l8cx_start_ranging(&Dev);
../Core/Src/freertos.c(293): warning:  #223-D: function "vl53l8cx_check_data_ready" declared implicitly
      status = vl53l8cx_check_data_ready(&Dev, &p_data_ready);
../Core/Src/freertos.c(302): warning:  #223-D: function "vl53l8cx_get_resolution" declared implicitly
        status = vl53l8cx_get_resolution(&Dev, &resolution);
../Core/Src/freertos.c(303): warning:  #223-D: function "vl53l8cx_get_ranging_data" declared implicitly
        status = vl53l8cx_get_ranging_data(&Dev, &Results);
../Core/Src/freertos.c: 5 warnings, 0 errors
compiling vl53l7cx_plugin_xtalk.c...
../Core/Inc/platform.h(273): warning:  #1-D: last line of file ends without a newline
  #endif	// _PLATFORM_H_
..\VL53L7CX_ULD_API\src\vl53l7cx_plugin_xtalk.c: 1 warning, 0 errors
compiling i2c.c...
compiling vl53l7cx_api.c...
../Core/Inc/platform.h(273): warning:  #1-D: last line of file ends without a newline
  #endif	// _PLATFORM_H_
..\VL53L7CX_ULD_API\src\vl53l7cx_api.c: 1 warning, 0 errors
compiling vl53l8cx_api.c...
../Core/Inc/platform.h(273): warning:  #1-D: last line of file ends without a newline
  #endif	// _PLATFORM_H_
..\VL53L8CX_ULD_API\src\vl53l8cx_api.c: 1 warning, 0 errors
compiling stm32f4xx_it.c...
compiling vl53l8cx_plugin_detection_thresholds.c...
../Core/Inc/platform.h(273): warning:  #1-D: last line of file ends without a newline
  #endif	// _PLATFORM_H_
..\VL53L8CX_ULD_API\src\vl53l8cx_plugin_detection_thresholds.c: 1 warning, 0 errors
compiling vl53l8cx_plugin_xtalk.c...
../Core/Inc/platform.h(273): warning:  #1-D: last line of file ends without a newline
  #endif	// _PLATFORM_H_
..\VL53L8CX_ULD_API\src\vl53l8cx_plugin_xtalk.c: 1 warning, 0 errors
compiling stm32f4xx_hal_rcc_ex.c...
compiling vl53l8cx_plugin_motion_indicator.c...
../Core/Inc/platform.h(273): warning:  #1-D: last line of file ends without a newline
  #endif	// _PLATFORM_H_
..\VL53L8CX_ULD_API\src\vl53l8cx_plugin_motion_indicator.c: 1 warning, 0 errors
compiling stm32f4xx_hal_flash_ex.c...
compiling stm32f4xx_hal_rcc.c...
compiling stm32f4xx_hal_flash.c...
compiling stm32f4xx_hal_flash_ramfunc.c...
compiling croutine.c...
compiling stm32f4xx_hal_gpio.c...
compiling stm32f4xx_hal_pwr_ex.c...
compiling stm32f4xx_hal_dma_ex.c...
compiling list.c...
compiling stm32f4xx_hal_pwr.c...
compiling queue.c...
compiling event_groups.c...
compiling stm32f4xx_hal.c...
compiling stm32f4xx_hal_dma.c...
compiling heap_4.c...
compiling stm32f4xx_hal_i2c_ex.c...
compiling tasks.c...
compiling stream_buffer.c...
compiling timers.c...
compiling stm32f4xx_hal_cortex.c...
compiling stm32f4xx_hal_exti.c...
compiling system_stm32f4xx.c...
compiling stm32f4xx_hal_uart.c...
compiling stm32f4xx_hal_spi.c...
compiling port.c...
compiling cmsis_os.c...
compiling stm32f4xx_hal_i2c.c...
linking...
Program Size: Code=16876 RO-data=88444 RW-data=156 ZI-data=21716  
FromELF: creating hex file...
"F401_L7Test\F401_L7Test.axf" - 0 Error(s), 19 Warning(s).

<h2>Software Packages used:</h2>

Package Vendor: ARM
                http://www.keil.com/pack/ARM.CMSIS.5.0.1.pack
                ARM.CMSIS.5.0.1
                CMSIS (Cortex Microcontroller Software Interface Standard)
   * Component: CORE Version: 5.0.1

Package Vendor: Keil
                https://www.keil.com/pack/Keil.STM32F4xx_DFP.2.17.1.pack
                Keil.STM32F4xx_DFP.2.17.1
                STMicroelectronics STM32F4 Series Device Support, Drivers and Examples

<h2>Collection of Component include folders:</h2>
  .\RTE\_F401_L7Test
  C:\Keil_v5\ARM\PACK\ARM\CMSIS\5.0.1\CMSIS\Include
  C:\Keil_v5\ARM\PACK\Keil\STM32F4xx_DFP\2.17.1\Drivers\CMSIS\Device\ST\STM32F4xx\Include

<h2>Collection of Component Files used:</h2>

   * Component: ARM::CMSIS:CORE:5.0.1
Build Time Elapsed:  00:00:07
</pre>
</body>
</html>
