Component: ARM Compiler 5.06 update 5 (build 528) Tool: armlink [4d35e2]

==============================================================================

Section Cross References

    startup_stm32f401xe.o(RESET) refers to startup_stm32f401xe.o(STACK) for __initial_sp
    startup_stm32f401xe.o(RESET) refers to startup_stm32f401xe.o(.text) for Reset_Handler
    startup_stm32f401xe.o(RESET) refers to stm32f4xx_it.o(i.NMI_Handler) for NMI_Handler
    startup_stm32f401xe.o(RESET) refers to stm32f4xx_it.o(i.HardFault_Handler) for HardFault_Handler
    startup_stm32f401xe.o(RESET) refers to stm32f4xx_it.o(i.MemManage_Handler) for MemManage_Handler
    startup_stm32f401xe.o(RESET) refers to stm32f4xx_it.o(i.BusFault_Handler) for BusFault_Handler
    startup_stm32f401xe.o(RESET) refers to stm32f4xx_it.o(i.UsageFault_Handler) for UsageFault_Handler
    startup_stm32f401xe.o(RESET) refers to port.o(.emb_text) for SVC_Handler
    startup_stm32f401xe.o(RESET) refers to stm32f4xx_it.o(i.DebugMon_Handler) for DebugMon_Handler
    startup_stm32f401xe.o(RESET) refers to stm32f4xx_it.o(i.SysTick_Handler) for SysTick_Handler
    startup_stm32f401xe.o(RESET) refers to stm32f4xx_it.o(i.EXTI4_IRQHandler) for EXTI4_IRQHandler
    startup_stm32f401xe.o(RESET) refers to stm32f4xx_it.o(i.EXTI15_10_IRQHandler) for EXTI15_10_IRQHandler
    startup_stm32f401xe.o(RESET) refers to stm32f4xx_it.o(i.USART6_IRQHandler) for USART6_IRQHandler
    startup_stm32f401xe.o(.text) refers to system_stm32f4xx.o(i.SystemInit) for SystemInit
    startup_stm32f401xe.o(.text) refers to entry.o(.ARM.Collect$$$$00000000) for __main
    vl53l7cx_api.o(i._vl53l7cx_poll_for_answer) refers to platform.o(i.VL53L7CX_RdMulti) for VL53L7CX_RdMulti
    vl53l7cx_api.o(i._vl53l7cx_poll_for_answer) refers to platform.o(i.VL53L7CX_WaitMs) for VL53L7CX_WaitMs
    vl53l7cx_api.o(i._vl53l7cx_send_offset_data) refers to memcpya.o(.text) for __aeabi_memcpy4
    vl53l7cx_api.o(i._vl53l7cx_send_offset_data) refers to platform.o(i.VL53L7CX_SwapBuffer) for VL53L7CX_SwapBuffer
    vl53l7cx_api.o(i._vl53l7cx_send_offset_data) refers to memseta.o(.text) for __aeabi_memclr4
    vl53l7cx_api.o(i._vl53l7cx_send_offset_data) refers to platform.o(i.VL53L7CX_WrMulti) for VL53L7CX_WrMulti
    vl53l7cx_api.o(i._vl53l7cx_send_offset_data) refers to vl53l7cx_api.o(i._vl53l7cx_poll_for_answer) for _vl53l7cx_poll_for_answer
    vl53l7cx_api.o(i._vl53l7cx_send_xtalk_data) refers to memcpya.o(.text) for __aeabi_memcpy4
    vl53l7cx_api.o(i._vl53l7cx_send_xtalk_data) refers to platform.o(i.VL53L7CX_SwapBuffer) for VL53L7CX_SwapBuffer
    vl53l7cx_api.o(i._vl53l7cx_send_xtalk_data) refers to memseta.o(.text) for __aeabi_memclr4
    vl53l7cx_api.o(i._vl53l7cx_send_xtalk_data) refers to platform.o(i.VL53L7CX_WrMulti) for VL53L7CX_WrMulti
    vl53l7cx_api.o(i._vl53l7cx_send_xtalk_data) refers to vl53l7cx_api.o(i._vl53l7cx_poll_for_answer) for _vl53l7cx_poll_for_answer
    vl53l7cx_api.o(i.vl53l7cx_check_data_ready) refers to platform.o(i.VL53L7CX_RdMulti) for VL53L7CX_RdMulti
    vl53l7cx_api.o(i.vl53l7cx_dci_read_data) refers to platform.o(i.VL53L7CX_WrMulti) for VL53L7CX_WrMulti
    vl53l7cx_api.o(i.vl53l7cx_dci_read_data) refers to vl53l7cx_api.o(i._vl53l7cx_poll_for_answer) for _vl53l7cx_poll_for_answer
    vl53l7cx_api.o(i.vl53l7cx_dci_read_data) refers to platform.o(i.VL53L7CX_RdMulti) for VL53L7CX_RdMulti
    vl53l7cx_api.o(i.vl53l7cx_dci_read_data) refers to platform.o(i.VL53L7CX_SwapBuffer) for VL53L7CX_SwapBuffer
    vl53l7cx_api.o(i.vl53l7cx_dci_replace_data) refers to vl53l7cx_api.o(i.vl53l7cx_dci_read_data) for vl53l7cx_dci_read_data
    vl53l7cx_api.o(i.vl53l7cx_dci_replace_data) refers to memcpya.o(.text) for __aeabi_memcpy
    vl53l7cx_api.o(i.vl53l7cx_dci_replace_data) refers to vl53l7cx_api.o(i.vl53l7cx_dci_write_data) for vl53l7cx_dci_write_data
    vl53l7cx_api.o(i.vl53l7cx_dci_write_data) refers to platform.o(i.VL53L7CX_SwapBuffer) for VL53L7CX_SwapBuffer
    vl53l7cx_api.o(i.vl53l7cx_dci_write_data) refers to platform.o(i.VL53L7CX_WrMulti) for VL53L7CX_WrMulti
    vl53l7cx_api.o(i.vl53l7cx_dci_write_data) refers to vl53l7cx_api.o(i._vl53l7cx_poll_for_answer) for _vl53l7cx_poll_for_answer
    vl53l7cx_api.o(i.vl53l7cx_disable_internal_cp) refers to vl53l7cx_api.o(i.vl53l7cx_dci_replace_data) for vl53l7cx_dci_replace_data
    vl53l7cx_api.o(i.vl53l7cx_enable_internal_cp) refers to vl53l7cx_api.o(i.vl53l7cx_dci_replace_data) for vl53l7cx_dci_replace_data
    vl53l7cx_api.o(i.vl53l7cx_get_VHV_repeat_count) refers to vl53l7cx_api.o(i.vl53l7cx_dci_read_data) for vl53l7cx_dci_read_data
    vl53l7cx_api.o(i.vl53l7cx_get_integration_time_ms) refers to vl53l7cx_api.o(i.vl53l7cx_dci_read_data) for vl53l7cx_dci_read_data
    vl53l7cx_api.o(i.vl53l7cx_get_power_mode) refers to platform.o(i.VL53L7CX_WrByte) for VL53L7CX_WrByte
    vl53l7cx_api.o(i.vl53l7cx_get_power_mode) refers to platform.o(i.VL53L7CX_RdByte) for VL53L7CX_RdByte
[...]
    i.shellHelp                              0x08003874   Section        0  shell.o(i.shellHelp)
    i.shellHistory                           0x0800389c   Section        0  shell.o(i.shellHistory)
    shellHistory                             0x0800389d   Thumb Code   152  shell.o(i.shellHistory)
    i.shellHistoryAdd                        0x08003934   Section        0  shell.o(i.shellHistoryAdd)
    shellHistoryAdd                          0x08003935   Thumb Code   104  shell.o(i.shellHistoryAdd)
    i.shellInit                              0x0800399c   Section        0  shell.o(i.shellInit)
    i.shellInsertByte                        0x08003a3c   Section        0  shell.o(i.shellInsertByte)
    i.shellKeys                              0x08003b28   Section        0  shell.o(i.shellKeys)
    i.shellLeft                              0x08003b3c   Section        0  shell.o(i.shellLeft)
    i.shellListCommand                       0x08003b5c   Section        0  shell.o(i.shellListCommand)
    i.shellListItem                          0x08003ba8   Section        0  shell.o(i.shellListItem)
    i.shellListKey                           0x08003c9c   Section        0  shell.o(i.shellListKey)
    i.shellListUser                          0x08003cec   Section        0  shell.o(i.shellListUser)
    i.shellListVar                           0x08003d3c   Section        0  shell.o(i.shellListVar)
    i.shellNormalInput                       0x08003d8c   Section        0  shell.o(i.shellNormalInput)
    i.shellRight                             0x08003d9c   Section        0  shell.o(i.shellRight)
    i.shellRunCommand                        0x08003dbc   Section        0  shell.o(i.shellRunCommand)
    i.shellSeekCommand                       0x08003e78   Section        0  shell.o(i.shellSeekCommand)
    i.shellSetUser                           0x08003ee8   Section        0  shell.o(i.shellSetUser)
    i.shellSetVar                            0x08003f48   Section        0  shell.o(i.shellSetVar)
    i.shellSetVarValue                       0x08003fa0   Section        0  shell.o(i.shellSetVarValue)
    i.shellShowVar                           0x08004010   Section        0  shell.o(i.shellShowVar)
    shellShowVar                             0x08004011   Thumb Code   142  shell.o(i.shellShowVar)
    i.shellSplit                             0x080040c0   Section        0  shell.o(i.shellSplit)
    i.shellStringCompare                     0x080041ac   Section        0  shell.o(i.shellStringCompare)
    shellStringCompare                       0x080041ad   Thumb Code    36  shell.o(i.shellStringCompare)
    i.shellStringCopy                        0x080041d0   Section        0  shell.o(i.shellStringCopy)
    shellStringCopy                          0x080041d1   Thumb Code    24  shell.o(i.shellStringCopy)
    i.shellTab                               0x080041e8   Section        0  shell.o(i.shellTab)
    i.shellTask                              0x080042e4   Section        0  shell.o(i.shellTask)
    i.shellToDec                             0x08004304   Section        0  shell.o(i.shellToDec)
    i.shellToHex                             0x08004350   Section        0  shell.o(i.shellToHex)
    i.shellUp                                0x0800437a   Section        0  shell.o(i.shellUp)
    i.shellUsers                             0x08004380   Section        0  shell.o(i.shellUsers)
    i.shellVars                              0x08004394   Section        0  shell.o(i.shellVars)
    i.shellWriteCommandHelp                  0x080043a8   Section        0  shell.o(i.shellWriteCommandHelp)
    shellWriteCommandHelp                    0x080043a9   Thumb Code    78  shell.o(i.shellWriteCommandHelp)
    i.shellWritePrompt                       0x08004400   Section        0  shell.o(i.shellWritePrompt)
    shellWritePrompt                         0x08004401   Thumb Code    70  shell.o(i.shellWritePrompt)
    i.shellWriteReturnValue                  0x0800445c   Section        0  shell.o(i.shellWriteReturnValue)
    shellWriteReturnValue                    0x0800445d   Thumb Code    92  shell.o(i.shellWriteReturnValue)
    i.shellWriteString                       0x080044dc   Section        0  shell.o(i.shellWriteString)
    i.userShellInit                          0x08004500   Section        0  shell_port.o(i.userShellInit)
    i.userShellRead                          0x080045f0   Section        0  shell_port.o(i.userShellRead)
    i.userShellWrite                         0x08004624   Section        0  shell_port.o(i.userShellWrite)
    i.uxListRemove                           0x08004640   Section        0  list.o(i.uxListRemove)
    i.vApplicationGetIdleTaskMemory          0x08004668   Section        0  freertos.o(i.vApplicationGetIdleTaskMemory)
    i.vListInitialise                        0x0800467c   Section        0  list.o(i.vListInitialise)
    i.vListInitialiseItem                    0x08004692   Section        0  list.o(i.vListInitialiseItem)
    i.vListInsert                            0x08004698   Section        0  list.o(i.vListInsert)
    i.vListInsertEnd                         0x080046c8   Section        0  list.o(i.vListInsertEnd)
    i.vPortEnterCritical                     0x080046e0   Section        0  port.o(i.vPortEnterCritical)
    i.vPortExitCritical                      0x08004720   Section        0  port.o(i.vPortExitCritical)
    i.vPortFree                              0x08004748   Section        0  heap_4.o(i.vPortFree)
    i.vPortSetupTimerInterrupt               0x080047ac   Section        0  port.o(i.vPortSetupTimerInterrupt)
    i.vTaskDelay                             0x080047d0   Section        0  tasks.o(i.vTaskDelay)
    i.vTaskInternalSetTimeOutState           0x0800481c   Section        0  tasks.o(i.vTaskInternalSetTimeOutState)
    i.vTaskMissedYield                       0x0800482c   Section        0  tasks.o(i.vTaskMissedYield)
    i.vTaskPlaceOnEventList                  0x08004838   Section        0  tasks.o(i.vTaskPlaceOnEventList)
    i.vTaskStartScheduler                    0x08004868   Section        0  tasks.o(i.vTaskStartScheduler)
    i.vTaskSuspendAll                        0x080048d4   Section        0  tasks.o(i.vTaskSuspendAll)
    i.vTaskSwitchContext                     0x080048e4   Section        0  tasks.o(i.vTaskSwitchContext)
    i.xPortStartScheduler                    0x08004940   Section        0  port.o(i.xPortStartScheduler)
    i.xPortSysTickHandler                    0x08004a34   Section        0  port.o(i.xPortSysTickHandler)
    i.xQueueCreateMutex                      0x08004a60   Section        0  queue.o(i.xQueueCreateMutex)
    i.xQueueGenericCreate                    0x08004a76   Section        0  queue.o(i.xQueueGenericCreate)
    i.xQueueGenericReset                     0x08004ab8   Section        0  queue.o(i.xQueueGenericReset)
    i.xQueueGenericSend                      0x08004b40   Section        0  queue.o(i.xQueueGenericSend)
    i.xTaskCheckForTimeOut                   0x08004ca0   Section        0  tasks.o(i.xTaskCheckForTimeOut)
    i.xTaskCreate                            0x08004d14   Section        0  tasks.o(i.xTaskCreate)
    i.xTaskCreateStatic                      0x08004d6e   Section        0  tasks.o(i.xTaskCreateStatic)
    i.xTaskGetSchedulerState                 0x08004dc4   Section        0  tasks.o(i.xTaskGetSchedulerState)
    i.xTaskIncrementTick                     0x08004de0   Section        0  tasks.o(i.xTaskIncrementTick)
    i.xTaskPriorityDisinherit                0x08004eac   Section        0  tasks.o(i.xTaskPriorityDisinherit)
    i.xTaskRemoveFromEventList               0x08004f44   Section        0  tasks.o(i.xTaskRemoveFromEventList)
    i.xTaskResumeAll                         0x08004fb8   Section        0  tasks.o(i.xTaskResumeAll)
    .constdata                               0x0800507c   Section        7  shell.o(.constdata)
    .constdata                               0x08005083   Section        1  shell.o(.constdata)
    .constdata                               0x08005084   Section       13  shell.o(.constdata)
    .constdata                               0x08005091   Section        7  shell.o(.constdata)
    .constdata                               0x08005098   Section        8  shell.o(.constdata)
    .constdata                               0x080050a0   Section        3  shell.o(.constdata)
    .constdata                               0x080050a3   Section        5  shell.o(.constdata)
    .constdata                               0x080050a8   Section        6  shell.o(.constdata)
    .constdata                               0x080050ae   Section        5  shell.o(.constdata)
    .constdata                               0x080050b3   Section        4  shell.o(.constdata)
    .constdata                               0x080050b7   Section       10  shell.o(.constdata)
    .constdata                               0x080050c1   Section       10  shell.o(.constdata)
    .constdata                               0x080050cb   Section        7  shell.o(.constdata)
    .constdata                               0x080050d2   Section        6  shell.o(.constdata)
    .constdata                               0x080050d8   Section        6  shell.o(.constdata)
    .constdata                               0x080050de   Section        5  shell.o(.constdata)
    .constdata                               0x080050e3   Section       30  shell.o(.constdata)
    .constdata                               0x08005101   Section        6  shell.o(.constdata)
    .constdata                               0x08005107   Section       14  shell.o(.constdata)
    .constdata                               0x08005115   Section        5  shell.o(.constdata)
    .constdata                               0x0800511a   Section       13  shell.o(.constdata)
    .constdata                               0x08005127   Section        5  shell.o(.constdata)
    .constdata                               0x0800512c   Section       13  shell.o(.constdata)
    .constdata                               0x08005139   Section        5  shell.o(.constdata)
    .constdata                               0x0800513e   Section       13  shell.o(.constdata)
    .constdata                               0x0800514b   Section        6  shell.o(.constdata)
    .constdata                               0x08005151   Section       14  shell.o(.constdata)
    .constdata                               0x0800515f   Section       14  shell_port.o(.constdata)
    __FUNCTION__                             0x0800515f   Data          14  shell_port.o(.constdata)
    .constdata                               0x0800516d   Section       12  log.o(.constdata)
    .constdata                               0x08005179   Section       42  log.o(.constdata)
    .constdata                               0x080051a3   Section        8  log.o(.constdata)
    .constdata                               0x080051ab   Section       46  log.o(.constdata)
    .constdata                               0x080051d9   Section       12  log.o(.constdata)
    __FUNCTION__                             0x080051d9   Data          12  log.o(.constdata)
    .constdata                               0x080051e5   Section       16  system_stm32f4xx.o(.constdata)
    .constdata                               0x080051f5   Section        8  system_stm32f4xx.o(.constdata)
    .conststring                             0x08005200   Section      673  shell.o(.conststring)
    .conststring                             0x080054a4   Section       72  log.o(.conststring)
    shellCommand                             0x0800550c   Section      288  shell.o(shellCommand)
    __tagsym$$used                           0x0800550c   Number         0  shell.o(shellCommand)
    __tagsym$$used                           0x0800551c   Number         0  shell.o(shellCommand)
    __tagsym$$used                           0x0800552c   Number         0  shell.o(shellCommand)
    __tagsym$$used                           0x0800553c   Number         0  shell.o(shellCommand)
    __tagsym$$used                           0x0800554c   Number         0  shell.o(shellCommand)
    __tagsym$$used                           0x0800555c   Number         0  shell.o(shellCommand)
    __tagsym$$used                           0x0800556c   Number         0  shell.o(shellCommand)
    __tagsym$$used                           0x0800557c   Number         0  shell.o(shellCommand)
    __tagsym$$used                           0x0800558c   Number         0  shell.o(shellCommand)
    __tagsym$$used                           0x0800559c   Number         0  shell.o(shellCommand)
    __tagsym$$used                           0x080055ac   Number         0  shell.o(shellCommand)
    __tagsym$$used                           0x080055bc   Number         0  shell.o(shellCommand)
    __tagsym$$used                           0x080055cc   Number         0  shell.o(shellCommand)
    __tagsym$$used                           0x080055dc   Number         0  shell.o(shellCommand)
    __tagsym$$used                           0x080055ec   Number         0  shell.o(shellCommand)
    __tagsym$$used                           0x080055fc   Number         0  shell.o(shellCommand)
    __tagsym$$used                           0x0800560c   Number         0  shell.o(shellCommand)
    __tagsym$$used                           0x0800561c   Number         0  shell.o(shellCommand)
    shellCommand                             0x0800562c   Section       32  log.o(shellCommand)
    __tagsym$$used                           0x0800562c   Number         0  log.o(shellCommand)
    __tagsym$$used                           0x0800563c   Number         0  log.o(shellCommand)
    .data                                    0x20000000   Section       88  shell.o(.data)
    shellText                                0x20000004   Data          84  shell.o(.data)
    .data                                    0x20000058   Section       12  shell_port.o(.data)
    uartRxByte                               0x20000058   Data           1  shell_port.o(.data)
    uartRxWriteIndex                         0x2000005a   Data           2  shell_port.o(.data)
    uartRxReadIndex                          0x2000005c   Data           2  shell_port.o(.data)
    shellMutex                               0x20000060   Data           4  shell_port.o(.data)
    .data                                    0x20000064   Section        8  main.o(.data)
    .data                                    0x2000006c   Section       12  stm32f4xx_hal.o(.data)
    .data                                    0x20000078   Section        4  system_stm32f4xx.o(.data)
    .data                                    0x2000007c   Section       60  tasks.o(.data)
    uxDeletedTasksWaitingCleanUp             0x20000080   Data           4  tasks.o(.data)
    uxCurrentNumberOfTasks                   0x20000084   Data           4  tasks.o(.data)
    xTickCount                               0x20000088   Data           4  tasks.o(.data)
    uxTopReadyPriority                       0x2000008c   Data           4  tasks.o(.data)
    xSchedulerRunning                        0x20000090   Data           4  tasks.o(.data)
    xPendedTicks                             0x20000094   Data           4  tasks.o(.data)
    xYieldPending                            0x20000098   Data           4  tasks.o(.data)
    xNumOfOverflows                          0x2000009c   Data           4  tasks.o(.data)
    uxTaskNumber                             0x200000a0   Data           4  tasks.o(.data)
    xNextTaskUnblockTime                     0x200000a4   Data           4  tasks.o(.data)
    xIdleTaskHandle                          0x200000a8   Data           4  tasks.o(.data)
    uxSchedulerSuspended                     0x200000ac   Data           4  tasks.o(.data)
    pxDelayedTaskList                        0x200000b0   Data           4  tasks.o(.data)
    pxOverflowDelayedTaskList                0x200000b4   Data           4  tasks.o(.data)
    .data                                    0x200000b8   Section       32  heap_4.o(.data)
    pxEnd                                    0x200000b8   Data           4  heap_4.o(.data)
    xFreeBytesRemaining                      0x200000bc   Data           4  heap_4.o(.data)
    xMinimumEverFreeBytesRemaining           0x200000c0   Data           4  heap_4.o(.data)
    xNumberOfSuccessfulAllocations           0x200000c4   Data           4  heap_4.o(.data)
    xNumberOfSuccessfulFrees                 0x200000c8   Data           4  heap_4.o(.data)
    xBlockAllocatedBit                       0x200000cc   Data           4  heap_4.o(.data)
    xStart                                   0x200000d0   Data           8  heap_4.o(.data)
    .data                                    0x200000d8   Section       12  port.o(.data)
    ucMaxSysCallPriority                     0x200000d8   Data           1  port.o(.data)
    uxCriticalNesting                        0x200000dc   Data           4  port.o(.data)
    ulMaxPRIGROUPValue                       0x200000e0   Data           4  port.o(.data)
    .bss                                     0x200000e4   Section       29  shell.o(.bss)
    shellList                                0x200000e4   Data          20  shell.o(.bss)
    buffer                                   0x200000f8   Data           9  shell.o(.bss)
    .bss                                     0x20000104   Section      748  shell_port.o(.bss)
    uartRxBuffer                             0x20000104   Data         128  shell_port.o(.bss)
    .bss                                     0x200003f0   Section      276  log.o(.bss)
    logBuffer                                0x20000404   Data         256  log.o(.bss)
    .bss                                     0x20000504   Section      596  freertos.o(.bss)
    xIdleTaskTCBBuffer                       0x20000504   Data          84  freertos.o(.bss)
    xIdleStack                               0x20000558   Data         512  freertos.o(.bss)
    .bss                                     0x20000758   Section      168  i2c.o(.bss)
    .bss                                     0x20000800   Section       88  spi.o(.bss)
    .bss                                     0x20000858   Section      144  usart.o(.bss)
    .bss                                     0x200008e8   Section      240  tasks.o(.bss)
    pxReadyTasksLists                        0x200008e8   Data         140  tasks.o(.bss)
    xDelayedTaskList1                        0x20000974   Data          20  tasks.o(.bss)
    xDelayedTaskList2                        0x20000988   Data          20  tasks.o(.bss)
    xPendingReadyList                        0x2000099c   Data          20  tasks.o(.bss)
    xTasksWaitingTermination                 0x200009b0   Data          20  tasks.o(.bss)
    xSuspendedTaskList                       0x200009c4   Data          20  tasks.o(.bss)
    .bss                                     0x200009d8   Section    15360  heap_4.o(.bss)
    ucHeap                                   0x200009d8   Data       15360  heap_4.o(.bss)
    STACK                                    0x200045d8   Section     1024  startup_stm32f401xe.o(STACK)

    Global Symbols

    Symbol Name                              Value     Ov Type        Size  Object(Section)

    BuildAttributes$$THM_ISAv4$E$P$D$K$B$S$7EM$VFPi3$EXTD16$VFPS$VFMA$PE$A:L22UL41UL21$X:L11$S22US41US21$IEEE1$IW$USESV6$~STKCKD$USESV7$~SHL$OSPACE$ROPI$EBA8$MICROLIB$REQ8$PRES8$EABIv2 0x00000000   Number         0  anon$$obj.o ABSOLUTE
    __ARM_use_no_argv                        0x00000000   Number         0  main.o ABSOLUTE
    _printf_a                                0x00000000   Number         0  stubs.o ABSOLUTE
    _printf_c                                0x00000000   Number         0  stubs.o ABSOLUTE
    _printf_charcount                        0x00000000   Number         0  stubs.o ABSOLUTE
    _printf_d                                0x00000000   Number         0  stubs.o ABSOLUTE
    _printf_e                                0x00000000   Number         0  stubs.o ABSOLUTE
    _printf_f                                0x00000000   Number         0  stubs.o ABSOLUTE
    _printf_flags                            0x00000000   Number         0  stubs.o ABSOLUTE
    _printf_fp_dec                           0x00000000   Number         0  stubs.o ABSOLUTE
    _printf_fp_hex                           0x00000000   Number         0  stubs.o ABSOLUTE
    _printf_g                                0x00000000   Number         0  stubs.o ABSOLUTE
    _printf_i                                0x00000000   Number         0  stubs.o ABSOLUTE
    _printf_int_dec                          0x00000000   Number         0  stubs.o ABSOLUTE
    _printf_l                                0x00000000   Number         0  stubs.o ABSOLUTE
    _printf_lc                               0x00000000   Number         0  stubs.o ABSOLUTE
    _printf_ll                               0x00000000   Number         0  stubs.o ABSOLUTE
    _printf_lld                              0x00000000   Number         0  stubs.o ABSOLUTE
    _printf_lli                              0x00000000   Number         0  stubs.o ABSOLUTE
    _printf_llo                              0x00000000   Number         0  stubs.o ABSOLUTE
    _printf_llu                              0x00000000   Number         0  stubs.o ABSOLUTE
    _printf_llx                              0x00000000   Number         0  stubs.o ABSOLUTE
    _printf_longlong_dec                     0x00000000   Number         0  stubs.o ABSOLUTE
    _printf_longlong_hex                     0x00000000   Number         0  stubs.o ABSOLUTE
    _printf_longlong_oct                     0x00000000   Number         0  stubs.o ABSOLUTE
    _printf_ls                               0x00000000   Number         0  stubs.o ABSOLUTE
    _printf_mbtowc                           0x00000000   Number         0  stubs.o ABSOLUTE
    _printf_n                                0x00000000   Number         0  stubs.o ABSOLUTE
    _printf_o                                0x00000000   Number         0  stubs.o ABSOLUTE
    _printf_p                                0x00000000   Number         0  stubs.o ABSOLUTE
    _printf_percent                          0x00000000   Number         0  stubs.o ABSOLUTE
    _printf_pre_padding                      0x00000000   Number         0  stubs.o ABSOLUTE
    _printf_return_value                     0x00000000   Number         0  stubs.o ABSOLUTE
    _printf_s                                0x00000000   Number         0  stubs.o ABSOLUTE
    _printf_sizespec                         0x00000000   Number         0  stubs.o ABSOLUTE
    _printf_str                              0x00000000   Number         0  stubs.o ABSOLUTE
    _printf_truncate_signed                  0x00000000   Number         0  stubs.o ABSOLUTE
    _printf_truncate_unsigned                0x00000000   Number         0  stubs.o ABSOLUTE
    _printf_u                                0x00000000   Number         0  stubs.o ABSOLUTE
    _printf_wc                               0x00000000   Number         0  stubs.o ABSOLUTE
    _printf_wctomb                           0x00000000   Number         0  stubs.o ABSOLUTE
    _printf_widthprec                        0x00000000   Number         0  stubs.o ABSOLUTE
    _printf_x                                0x00000000   Number         0  stubs.o ABSOLUTE
    __cpp_initialize__aeabi_                  - Undefined Weak Reference
    __cxa_finalize                            - Undefined Weak Reference
    __decompress                              - Undefined Weak Reference
    _clock_init                               - Undefined Weak Reference
    _microlib_exit                            - Undefined Weak Reference
    __Vectors_Size                           0x00000194   Number         0  startup_stm32f401xe.o ABSOLUTE
    __Vectors                                0x08000000   Data           4  startup_stm32f401xe.o(RESET)
    __Vectors_End                            0x08000194   Data           0  startup_stm32f401xe.o(RESET)
    __main                                   0x08000195   Thumb Code     0  entry.o(.ARM.Collect$$$$00000000)
    _main_stk                                0x08000195   Thumb Code     0  entry2.o(.ARM.Collect$$$$00000001)
    _main_scatterload                        0x08000199   Thumb Code     0  entry5.o(.ARM.Collect$$$$00000004)
    __main_after_scatterload                 0x0800019d   Thumb Code     0  entry5.o(.ARM.Collect$$$$00000004)
    _main_clock                              0x0800019d   Thumb Code     0  entry7b.o(.ARM.Collect$$$$00000008)
    _main_cpp_init                           0x0800019d   Thumb Code     0  entry8b.o(.ARM.Collect$$$$0000000A)
    _main_init                               0x0800019d   Thumb Code     0  entry9a.o(.ARM.Collect$$$$0000000B)
    __rt_final_cpp                           0x080001a5   Thumb Code     0  entry10a.o(.ARM.Collect$$$$0000000D)
    __rt_final_exit                          0x080001a5   Thumb Code     0  entry11a.o(.ARM.Collect$$$$0000000F)
    SVC_Handler                              0x080001a9   Thumb Code    28  port.o(.emb_text)
    __asm___6_port_c_39a90d8d__prvStartFirstTask 0x080001c9   Thumb Code    36  port.o(.emb_text)
    __asm___6_port_c_39a90d8d__prvEnableVFP  0x080001f1   Thumb Code    16  port.o(.emb_text)
    PendSV_Handler                           0x08000205   Thumb Code    88  port.o(.emb_text)
    vPortGetIPSR                             0x08000261   Thumb Code     6  port.o(.emb_text)
    Reset_Handler                            0x08000269   Thumb Code     8  startup_stm32f401xe.o(.text)
    ADC_IRQHandler                           0x08000283   Thumb Code     0  startup_stm32f401xe.o(.text)
    DMA1_Stream0_IRQHandler                  0x08000283   Thumb Code     0  startup_stm32f401xe.o(.text)
    DMA1_Stream1_IRQHandler                  0x08000283   Thumb Code     0  startup_stm32f401xe.o(.text)
    DMA1_Stream2_IRQHandler                  0x08000283   Thumb Code     0  startup_stm32f401xe.o(.text)
    DMA1_Stream3_IRQHandler                  0x08000283   Thumb Code     0  startup_stm32f401xe.o(.text)
    DMA1_Stream4_IRQHandler                  0x08000283   Thumb Code     0  startup_stm32f401xe.o(.text)
    DMA1_Stream5_IRQHandler                  0x08000283   Thumb Code     0  startup_stm32f401xe.o(.text)
    DMA1_Stream6_IRQHandler                  0x08000283   Thumb Code     0  startup_stm32f401xe.o(.text)
    DMA1_Stream7_IRQHandler                  0x08000283   Thumb Code     0  startup_stm32f401xe.o(.text)
    DMA2_Stream0_IRQHandler                  0x08000283   Thumb Code     0  startup_stm32f401xe.o(.text)
    DMA2_Stream1_IRQHandler                  0x08000283   Thumb Code     0  startup_stm32f401xe.o(.text)
    DMA2_Stream2_IRQHandler                  0x08000283   Thumb Code     0  startup_stm32f401xe.o(.text)
    DMA2_Stream3_IRQHandler                  0x08000283   Thumb Code     0  startup_stm32f401xe.o(.text)
    DMA2_Stream4_IRQHandler                  0x08000283   Thumb Code     0  startup_stm32f401xe.o(.text)
    DMA2_Stream5_IRQHandler                  0x08000283   Thumb Code     0  startup_stm32f401xe.o(.text)
    DMA2_Stream6_IRQHandler                  0x08000283   Thumb Code     0  startup_stm32f401xe.o(.text)
    DMA2_Stream7_IRQHandler                  0x08000283   Thumb Code     0  startup_stm32f401xe.o(.text)
    EXTI0_IRQHandler                         0x08000283   Thumb Code     0  startup_stm32f401xe.o(.text)
    EXTI1_IRQHandler                         0x08000283   Thumb Code     0  startup_stm32f401xe.o(.text)
    EXTI2_IRQHandler                         0x08000283   Thumb Code     0  startup_stm32f401xe.o(.text)
    EXTI3_IRQHandler                         0x08000283   Thumb Code     0  startup_stm32f401xe.o(.text)
    EXTI9_5_IRQHandler                       0x08000283   Thumb Code     0  startup_stm32f401xe.o(.text)
    FLASH_IRQHandler                         0x08000283   Thumb Code     0  startup_stm32f401xe.o(.text)
    FPU_IRQHandler                           0x08000283   Thumb Code     0  startup_stm32f401xe.o(.text)
    I2C1_ER_IRQHandler                       0x08000283   Thumb Code     0  startup_stm32f401xe.o(.text)
    I2C1_EV_IRQHandler                       0x08000283   Thumb Code     0  startup_stm32f401xe.o(.text)
    I2C2_ER_IRQHandler                       0x08000283   Thumb Code     0  startup_stm32f401xe.o(.text)
    I2C2_EV_IRQHandler                       0x08000283   Thumb Code     0  startup_stm32f401xe.o(.text)
    I2C3_ER_IRQHandler                       0x08000283   Thumb Code     0  startup_stm32f401xe.o(.text)
    I2C3_EV_IRQHandler                       0x08000283   Thumb Code     0  startup_stm32f401xe.o(.text)
    OTG_FS_IRQHandler                        0x08000283   Thumb Code     0  startup_stm32f401xe.o(.text)
    OTG_FS_WKUP_IRQHandler                   0x08000283   Thumb Code     0  startup_stm32f401xe.o(.text)
    PVD_IRQHandler                           0x08000283   Thumb Code     0  startup_stm32f401xe.o(.text)
    RCC_IRQHandler                           0x08000283   Thumb Code     0  startup_stm32f401xe.o(.text)
    RTC_Alarm_IRQHandler                     0x08000283   Thumb Code     0  startup_stm32f401xe.o(.text)
    RTC_WKUP_IRQHandler                      0x08000283   Thumb Code     0  startup_stm32f401xe.o(.text)
    SDIO_IRQHandler                          0x08000283   Thumb Code     0  startup_stm32f401xe.o(.text)
    SPI1_IRQHandler                          0x08000283   Thumb Code     0  startup_stm32f401xe.o(.text)
    SPI2_IRQHandler                          0x08000283   Thumb Code     0  startup_stm32f401xe.o(.text)
    SPI3_IRQHandler                          0x08000283   Thumb Code     0  startup_stm32f401xe.o(.text)
    SPI4_IRQHandler                          0x08000283   Thumb Code     0  startup_stm32f401xe.o(.text)
    TAMP_STAMP_IRQHandler                    0x08000283   Thumb Code     0  startup_stm32f401xe.o(.text)
    TIM1_BRK_TIM9_IRQHandler                 0x08000283   Thumb Code     0  startup_stm32f401xe.o(.text)
    TIM1_CC_IRQHandler                       0x08000283   Thumb Code     0  startup_stm32f401xe.o(.text)
    TIM1_TRG_COM_TIM11_IRQHandler            0x08000283   Thumb Code     0  startup_stm32f401xe.o(.text)
    TIM1_UP_TIM10_IRQHandler                 0x08000283   Thumb Code     0  startup_stm32f401xe.o(.text)
    TIM2_IRQHandler                          0x08000283   Thumb Code     0  startup_stm32f401xe.o(.text)
    TIM3_IRQHandler                          0x08000283   Thumb Code     0  startup_stm32f401xe.o(.text)
    TIM4_IRQHandler                          0x08000283   Thumb Code     0  startup_stm32f401xe.o(.text)
    TIM5_IRQHandler                          0x08000283   Thumb Code     0  startup_stm32f401xe.o(.text)
    USART1_IRQHandler                        0x08000283   Thumb Code     0  startup_stm32f401xe.o(.text)
    USART2_IRQHandler                        0x08000283   Thumb Code     0  startup_stm32f401xe.o(.text)
    WWDG_IRQHandler                          0x08000283   Thumb Code     0  startup_stm32f401xe.o(.text)
    __aeabi_uldivmod                         0x0800028d   Thumb Code    98  uldiv.o(.text)
    __aeabi_memcpy                           0x080002ef   Thumb Code    36  memcpya.o(.text)
    __aeabi_memcpy4                          0x080002ef   Thumb Code     0  memcpya.o(.text)
    __aeabi_memcpy8                          0x080002ef   Thumb Code     0  memcpya.o(.text)
    __aeabi_memset                           0x08000313   Thumb Code    14  memseta.o(.text)
    __aeabi_memset4                          0x08000313   Thumb Code     0  memseta.o(.text)
    __aeabi_memset8                          0x08000313   Thumb Code     0  memseta.o(.text)
    __aeabi_memclr                           0x08000321   Thumb Code     4  memseta.o(.text)
    __aeabi_memclr4                          0x08000321   Thumb Code     0  memseta.o(.text)
    __aeabi_memclr8                          0x08000321   Thumb Code     0  memseta.o(.text)
    memset                                   0x08000325   Thumb Code    18  memseta.o(.text)
    strlen                                   0x08000337   Thumb Code    14  strlen.o(.text)
    strcmp                                   0x08000345   Thumb Code    28  strcmp.o(.text)
    strncmp                                  0x08000361   Thumb Code    30  strncmp.o(.text)
    __aeabi_uidiv                            0x0800037f   Thumb Code     0  uidiv.o(.text)
    __aeabi_uidivmod                         0x0800037f   Thumb Code    44  uidiv.o(.text)
    __aeabi_llsl                             0x080003ab   Thumb Code    30  llshl.o(.text)
    _ll_shift_l                              0x080003ab   Thumb Code     0  llshl.o(.text)
    __aeabi_llsr                             0x080003c9   Thumb Code    32  llushr.o(.text)
    _ll_ushift_r                             0x080003c9   Thumb Code     0  llushr.o(.text)
    __I$use$fp                               0x080003e9   Thumb Code     0  iusefp.o(.text)
    __aeabi_dadd                             0x080003e9   Thumb Code   322  dadd.o(.text)
    __aeabi_dsub                             0x0800052b   Thumb Code     6  dadd.o(.text)
    __aeabi_drsub                            0x08000531   Thumb Code     6  dadd.o(.text)
    __aeabi_dmul                             0x08000537   Thumb Code   228  dmul.o(.text)
    __aeabi_ddiv                             0x0800061b   Thumb Code   222  ddiv.o(.text)
    __aeabi_d2ulz                            0x080006f9   Thumb Code    48  dfixul.o(.text)
    __aeabi_cdrcmple                         0x08000729   Thumb Code    48  cdrcmple.o(.text)
    __scatterload                            0x08000759   Thumb Code    28  init.o(.text)
    __scatterload_rt2                        0x08000759   Thumb Code     0  init.o(.text)
    __aeabi_lasr                             0x0800077d   Thumb Code    36  llsshr.o(.text)
    _ll_sshift_r                             0x0800077d   Thumb Code     0  llsshr.o(.text)
    _double_round                            0x080007a1   Thumb Code    30  depilogue.o(.text)
    _double_epilogue                         0x080007bf   Thumb Code   156  depilogue.o(.text)
    BusFault_Handler                         0x0800085b   Thumb Code     2  stm32f4xx_it.o(i.BusFault_Handler)
    DebugMon_Handler                         0x0800085d   Thumb Code     2  stm32f4xx_it.o(i.DebugMon_Handler)
    EXTI15_10_IRQHandler                     0x0800085f   Thumb Code    22  stm32f4xx_it.o(i.EXTI15_10_IRQHandler)
    EXTI4_IRQHandler                         0x08000875   Thumb Code     6  stm32f4xx_it.o(i.EXTI4_IRQHandler)
    Error_Handler                            0x0800087b   Thumb Code     4  main.o(i.Error_Handler)
    HAL_DMA_Abort                            0x0800087f   Thumb Code   146  stm32f4xx_hal_dma.o(i.HAL_DMA_Abort)
    HAL_DMA_Abort_IT                         0x08000911   Thumb Code    36  stm32f4xx_hal_dma.o(i.HAL_DMA_Abort_IT)
    HAL_GPIO_EXTI_Callback                   0x08000935   Thumb Code    14  main.o(i.HAL_GPIO_EXTI_Callback)
    HAL_GPIO_EXTI_IRQHandler                 0x08000949   Thumb Code    18  stm32f4xx_hal_gpio.o(i.HAL_GPIO_EXTI_IRQHandler)
    HAL_GPIO_Init                            0x08000961   Thumb Code   446  stm32f4xx_hal_gpio.o(i.HAL_GPIO_Init)
    HAL_GPIO_WritePin                        0x08000b41   Thumb Code    10  stm32f4xx_hal_gpio.o(i.HAL_GPIO_WritePin)
    HAL_GetTick                              0x08000b4d   Thumb Code     6  stm32f4xx_hal.o(i.HAL_GetTick)
    HAL_I2C_Init                             0x08000b59   Thumb Code   376  stm32f4xx_hal_i2c.o(i.HAL_I2C_Init)
    HAL_I2C_MspInit                          0x08000ce1   Thumb Code   180  i2c.o(i.HAL_I2C_MspInit)
    HAL_IncTick                              0x08000da5   Thumb Code    12  stm32f4xx_hal.o(i.HAL_IncTick)
    HAL_Init                                 0x08000db5   Thumb Code    48  stm32f4xx_hal.o(i.HAL_Init)
    HAL_InitTick                             0x08000de9   Thumb Code    54  stm32f4xx_hal.o(i.HAL_InitTick)
    HAL_MspInit                              0x08000e29   Thumb Code    52  stm32f4xx_hal_msp.o(i.HAL_MspInit)
    HAL_NVIC_EnableIRQ                       0x08000e61   Thumb Code    26  stm32f4xx_hal_cortex.o(i.HAL_NVIC_EnableIRQ)
    HAL_NVIC_SetPriority                     0x08000e7d   Thumb Code    60  stm32f4xx_hal_cortex.o(i.HAL_NVIC_SetPriority)
    HAL_NVIC_SetPriorityGrouping             0x08000ebd   Thumb Code    26  stm32f4xx_hal_cortex.o(i.HAL_NVIC_SetPriorityGrouping)
    HAL_RCC_ClockConfig                      0x08000ee1   Thumb Code   288  stm32f4xx_hal_rcc.o(i.HAL_RCC_ClockConfig)
    HAL_RCC_GetPCLK1Freq                     0x08001015   Thumb Code    20  stm32f4xx_hal_rcc.o(i.HAL_RCC_GetPCLK1Freq)
    HAL_RCC_GetPCLK2Freq                     0x08001035   Thumb Code    20  stm32f4xx_hal_rcc.o(i.HAL_RCC_GetPCLK2Freq)
    HAL_RCC_GetSysClockFreq                  0x08001055   Thumb Code    88  stm32f4xx_hal_rcc.o(i.HAL_RCC_GetSysClockFreq)
    HAL_RCC_OscConfig                        0x080010b5   Thumb Code   856  stm32f4xx_hal_rcc.o(i.HAL_RCC_OscConfig)
    HAL_SPI_Init                             0x08001421   Thumb Code   188  stm32f4xx_hal_spi.o(i.HAL_SPI_Init)
    HAL_SPI_MspInit                          0x080014dd   Thumb Code   128  spi.o(i.HAL_SPI_MspInit)
    HAL_SYSTICK_Config                       0x0800156d   Thumb Code    40  stm32f4xx_hal_cortex.o(i.HAL_SYSTICK_Config)
    HAL_UARTEx_RxEventCallback               0x08001595   Thumb Code     2  stm32f4xx_hal_uart.o(i.HAL_UARTEx_RxEventCallback)
    HAL_UART_ErrorCallback                   0x08001597   Thumb Code     2  stm32f4xx_hal_uart.o(i.HAL_UART_ErrorCallback)
    HAL_UART_IRQHandler                      0x08001599   Thumb Code   636  stm32f4xx_hal_uart.o(i.HAL_UART_IRQHandler)
    HAL_UART_Init                            0x08001819   Thumb Code   100  stm32f4xx_hal_uart.o(i.HAL_UART_Init)
    HAL_UART_MspInit                         0x0800187d   Thumb Code   174  usart.o(i.HAL_UART_MspInit)
    HAL_UART_Receive_IT                      0x0800193d   Thumb Code    28  stm32f4xx_hal_uart.o(i.HAL_UART_Receive_IT)
    HAL_UART_RxCpltCallback                  0x08001959   Thumb Code    50  shell_port.o(i.HAL_UART_RxCpltCallback)
    HAL_UART_Transmit                        0x08001999   Thumb Code   160  stm32f4xx_hal_uart.o(i.HAL_UART_Transmit)
    HAL_UART_TxCpltCallback                  0x08001a39   Thumb Code     2  stm32f4xx_hal_uart.o(i.HAL_UART_TxCpltCallback)
    HardFault_Handler                        0x08001a3b   Thumb Code     2  stm32f4xx_it.o(i.HardFault_Handler)
    MX_GPIO_Init                             0x08001a3d   Thumb Code   272  gpio.o(i.MX_GPIO_Init)
    MX_I2C1_Init                             0x08001b5d   Thumb Code    50  i2c.o(i.MX_I2C1_Init)
    MX_I2C2_Init                             0x08001b9d   Thumb Code    52  i2c.o(i.MX_I2C2_Init)
    MX_SPI2_Init                             0x08001bdd   Thumb Code    64  spi.o(i.MX_SPI2_Init)
    MX_USART2_UART_Init                      0x08001c25   Thumb Code    48  usart.o(i.MX_USART2_UART_Init)
    MX_USART6_UART_Init                      0x08001c5d   Thumb Code    48  usart.o(i.MX_USART6_UART_Init)
    MemManage_Handler                        0x08001c95   Thumb Code     2  stm32f4xx_it.o(i.MemManage_Handler)
    NMI_Handler                              0x08001c97   Thumb Code     2  stm32f4xx_it.o(i.NMI_Handler)
    SysTick_Handler                          0x08001c99   Thumb Code    24  stm32f4xx_it.o(i.SysTick_Handler)
    SystemClock_Config                       0x08001cb1   Thumb Code   142  main.o(i.SystemClock_Config)
    SystemInit                               0x08001d49   Thumb Code    12  system_stm32f4xx.o(i.SystemInit)
    UART_Start_Receive_IT                    0x08001f85   Thumb Code    54  stm32f4xx_hal_uart.o(i.UART_Start_Receive_IT)
    USART6_IRQHandler                        0x0800202d   Thumb Code     6  stm32f4xx_it.o(i.USART6_IRQHandler)
    UsageFault_Handler                       0x08002039   Thumb Code     2  stm32f4xx_it.o(i.UsageFault_Handler)
    __0snprintf                              0x0800203d   Thumb Code    44  printfa.o(i.__0snprintf)
    __1snprintf                              0x0800203d   Thumb Code     0  printfa.o(i.__0snprintf)
    __2snprintf                              0x0800203d   Thumb Code     0  printfa.o(i.__0snprintf)
    __c89snprintf                            0x0800203d   Thumb Code     0  printfa.o(i.__0snprintf)
    snprintf                                 0x0800203d   Thumb Code     0  printfa.o(i.__0snprintf)
    __0sprintf                               0x0800206d   Thumb Code    34  printfa.o(i.__0sprintf)
    __1sprintf                               0x0800206d   Thumb Code     0  printfa.o(i.__0sprintf)
    __2sprintf                               0x0800206d   Thumb Code     0  printfa.o(i.__0sprintf)
    __c89sprintf                             0x0800206d   Thumb Code     0  printfa.o(i.__0sprintf)
    sprintf                                  0x0800206d   Thumb Code     0  printfa.o(i.__0sprintf)
    __0vsnprintf                             0x08002095   Thumb Code    40  printfa.o(i.__0vsnprintf)
    __1vsnprintf                             0x08002095   Thumb Code     0  printfa.o(i.__0vsnprintf)
    __2vsnprintf                             0x08002095   Thumb Code     0  printfa.o(i.__0vsnprintf)
    __c89vsnprintf                           0x08002095   Thumb Code     0  printfa.o(i.__0vsnprintf)
    vsnprintf                                0x08002095   Thumb Code     0  printfa.o(i.__0vsnprintf)
    __scatterload_copy                       0x080020e1   Thumb Code    14  handlers.o(i.__scatterload_copy)
    __scatterload_null                       0x080020ef   Thumb Code     2  handlers.o(i.__scatterload_null)
    __scatterload_zeroinit                   0x080020f1   Thumb Code    14  handlers.o(i.__scatterload_zeroinit)
    logHexDump                               0x080029d5   Thumb Code   306  log.o(i.logHexDump)
    logSetLevel                              0x08002b51   Thumb Code    32  log.o(i.logSetLevel)
    logWrite                                 0x08002bc5   Thumb Code    48  log.o(i.logWrite)
    main                                     0x08002c51   Thumb Code    42  main.o(i.main)
    osKernelStart                            0x08002c7b   Thumb Code    10  cmsis_os.o(i.osKernelStart)
    pvPortMalloc                             0x080030d5   Thumb Code   216  heap_4.o(i.pvPortMalloc)
    pxPortInitialiseStack                    0x080031b1   Thumb Code    40  port.o(i.pxPortInitialiseStack)
    shellBackspace                           0x080031dd   Thumb Code     6  shell.o(i.shellBackspace)
    shellCheckPermission                     0x080031e3   Thumb Code    48  shell.o(i.shellCheckPermission)
    shellClear                               0x08003215   Thumb Code    24  shell.o(i.shellClear)
    shellClearCommandLine                    0x08003231   Thumb Code    48  shell.o(i.shellClearCommandLine)
    shellCmds                                0x08003261   Thumb Code    20  shell.o(i.shellCmds)
    shellDelete                              0x08003275   Thumb Code     8  shell.o(i.shellDelete)
    shellDeleteByte                          0x0800327d   Thumb Code   214  shell.o(i.shellDeleteByte)
    shellDeleteCommandLine                   0x08003355   Thumb Code    24  shell.o(i.shellDeleteCommandLine)
    shellDown                                0x08003371   Thumb Code     8  shell.o(i.shellDown)
    shellEnter                               0x08003379   Thumb Code    20  shell.o(i.shellEnter)
    shellExec                                0x0800338d   Thumb Code   150  shell.o(i.shellExec)
    shellExtParsePara                        0x0800357d   Thumb Code   184  shell_ext.o(i.shellExtParsePara)
    shellExtRun                              0x08003635   Thumb Code   206  shell_ext.o(i.shellExtRun)
    shellGetCurrent                          0x08003741   Thumb Code    36  shell.o(i.shellGetCurrent)
    shellGetVarValue                         0x08003769   Thumb Code    62  shell.o(i.shellGetVarValue)
    shellHandler                             0x080037a9   Thumb Code   198  shell.o(i.shellHandler)
    shellHelp                                0x08003875   Thumb Code    40  shell.o(i.shellHelp)
    shellInit                                0x0800399d   Thumb Code   140  shell.o(i.shellInit)
    shellInsertByte                          0x08003a3d   Thumb Code   230  shell.o(i.shellInsertByte)
    shellKeys                                0x08003b29   Thumb Code    20  shell.o(i.shellKeys)
    shellLeft                                0x08003b3d   Thumb Code    32  shell.o(i.shellLeft)
    shellListCommand                         0x08003b5d   Thumb Code    72  shell.o(i.shellListCommand)
    shellListItem                            0x08003ba9   Thumb Code   228  shell.o(i.shellListItem)
    shellListKey                             0x08003c9d   Thumb Code    76  shell.o(i.shellListKey)
    shellListUser                            0x08003ced   Thumb Code    76  shell.o(i.shellListUser)
    shellListVar                             0x08003d3d   Thumb Code    74  shell.o(i.shellListVar)
    shellNormalInput                         0x08003d8d   Thumb Code    16  shell.o(i.shellNormalInput)
    shellRight                               0x08003d9d   Thumb Code    32  shell.o(i.shellRight)
    shellRunCommand                          0x08003dbd   Thumb Code   186  shell.o(i.shellRunCommand)
    shellSeekCommand                         0x08003e79   Thumb Code   110  shell.o(i.shellSeekCommand)
    shellSetUser                             0x08003ee9   Thumb Code    90  shell.o(i.shellSetUser)
    shellSetVar                              0x08003f49   Thumb Code    82  shell.o(i.shellSetVar)
    shellSetVarValue                         0x08003fa1   Thumb Code   108  shell.o(i.shellSetVarValue)
    shellSplit                               0x080040c1   Thumb Code   232  shell.o(i.shellSplit)
    shellTab                                 0x080041e9   Thumb Code   248  shell.o(i.shellTab)
    shellTask                                0x080042e5   Thumb Code    32  shell.o(i.shellTask)
    shellToDec                               0x08004305   Thumb Code    76  shell.o(i.shellToDec)
    shellToHex                               0x08004351   Thumb Code    42  shell.o(i.shellToHex)
    shellUp                                  0x0800437b   Thumb Code     6  shell.o(i.shellUp)
    shellUsers                               0x08004381   Thumb Code    20  shell.o(i.shellUsers)
    shellVars                                0x08004395   Thumb Code    20  shell.o(i.shellVars)
    shellWriteString                         0x080044dd   Thumb Code    36  shell.o(i.shellWriteString)
    userShellInit                            0x08004501   Thumb Code   104  shell_port.o(i.userShellInit)
    userShellRead                            0x080045f1   Thumb Code    44  shell_port.o(i.userShellRead)
    userShellWrite                           0x08004625   Thumb Code    22  shell_port.o(i.userShellWrite)
    uxListRemove                             0x08004641   Thumb Code    38  list.o(i.uxListRemove)
    vApplicationGetIdleTaskMemory            0x08004669   Thumb Code    16  freertos.o(i.vApplicationGetIdleTaskMemory)
    vListInitialise                          0x0800467d   Thumb Code    22  list.o(i.vListInitialise)
    vListInitialiseItem                      0x08004693   Thumb Code     6  list.o(i.vListInitialiseItem)
    vListInsert                              0x08004699   Thumb Code    48  list.o(i.vListInsert)
    vListInsertEnd                           0x080046c9   Thumb Code    24  list.o(i.vListInsertEnd)
    vPortEnterCritical                       0x080046e1   Thumb Code    54  port.o(i.vPortEnterCritical)
    vPortExitCritical                        0x08004721   Thumb Code    34  port.o(i.vPortExitCritical)
    vPortFree                                0x08004749   Thumb Code    94  heap_4.o(i.vPortFree)
    vPortSetupTimerInterrupt                 0x080047ad   Thumb Code    32  port.o(i.vPortSetupTimerInterrupt)
    vTaskDelay                               0x080047d1   Thumb Code    66  tasks.o(i.vTaskDelay)
    vTaskInternalSetTimeOutState             0x0800481d   Thumb Code    12  tasks.o(i.vTaskInternalSetTimeOutState)
    vTaskMissedYield                         0x0800482d   Thumb Code     8  tasks.o(i.vTaskMissedYield)
    vTaskPlaceOnEventList                    0x08004839   Thumb Code    44  tasks.o(i.vTaskPlaceOnEventList)
    vTaskStartScheduler                      0x08004869   Thumb Code    90  tasks.o(i.vTaskStartScheduler)
    vTaskSuspendAll                          0x080048d5   Thumb Code    10  tasks.o(i.vTaskSuspendAll)
    vTaskSwitchContext                       0x080048e5   Thumb Code    82  tasks.o(i.vTaskSwitchContext)
    xPortStartScheduler                      0x08004941   Thumb Code   222  port.o(i.xPortStartScheduler)
    xPortSysTickHandler                      0x08004a35   Thumb Code    38  port.o(i.xPortSysTickHandler)
    xQueueCreateMutex                        0x08004a61   Thumb Code    22  queue.o(i.xQueueCreateMutex)
    xQueueGenericCreate                      0x08004a77   Thumb Code    66  queue.o(i.xQueueGenericCreate)
    xQueueGenericReset                       0x08004ab9   Thumb Code   132  queue.o(i.xQueueGenericReset)
    xQueueGenericSend                        0x08004b41   Thumb Code   346  queue.o(i.xQueueGenericSend)
    xTaskCheckForTimeOut                     0x08004ca1   Thumb Code   112  tasks.o(i.xTaskCheckForTimeOut)
    xTaskCreate                              0x08004d15   Thumb Code    90  tasks.o(i.xTaskCreate)
    xTaskCreateStatic                        0x08004d6f   Thumb Code    86  tasks.o(i.xTaskCreateStatic)
    xTaskGetSchedulerState                   0x08004dc5   Thumb Code    22  tasks.o(i.xTaskGetSchedulerState)
    xTaskIncrementTick                       0x08004de1   Thumb Code   194  tasks.o(i.xTaskIncrementTick)
    xTaskPriorityDisinherit                  0x08004ead   Thumb Code   144  tasks.o(i.xTaskPriorityDisinherit)
    xTaskRemoveFromEventList                 0x08004f45   Thumb Code   108  tasks.o(i.xTaskRemoveFromEventList)
    xTaskResumeAll                           0x08004fb9   Thumb Code   182  tasks.o(i.xTaskResumeAll)
    shellCmdDefaultUser                      0x0800507c   Data           7  shell.o(.constdata)
    shellPasswordDefaultUser                 0x08005083   Data           1  shell.o(.constdata)
    shellDesDefaultUser                      0x08005084   Data          13  shell.o(.constdata)
    shellCmdsetVar                           0x08005091   Data           7  shell.o(.constdata)
    shellDescsetVar                          0x08005098   Data           8  shell.o(.constdata)
    shellDesc0x1B5B4100                      0x080050a0   Data           3  shell.o(.constdata)
    shellDesc0x1B5B4200                      0x080050a3   Data           5  shell.o(.constdata)
    shellDesc0x1B5B4300                      0x080050a8   Data           6  shell.o(.constdata)
    shellDesc0x1B5B4400                      0x080050ae   Data           5  shell.o(.constdata)
    shellDesc0x09000000                      0x080050b3   Data           4  shell.o(.constdata)
    shellDesc0x08000000                      0x080050b7   Data          10  shell.o(.constdata)
    shellDesc0x7F000000                      0x080050c1   Data          10  shell.o(.constdata)
    shellDesc0x1B5B337E                      0x080050cb   Data           7  shell.o(.constdata)
    shellDesc0x0A000000                      0x080050d2   Data           6  shell.o(.constdata)
    shellDesc0x0D000000                      0x080050d8   Data           6  shell.o(.constdata)
    shellCmdhelp                             0x080050de   Data           5  shell.o(.constdata)
    shellDeschelp                            0x080050e3   Data          30  shell.o(.constdata)
    shellCmdusers                            0x08005101   Data           6  shell.o(.constdata)
    shellDescusers                           0x08005107   Data          14  shell.o(.constdata)
    shellCmdcmds                             0x08005115   Data           5  shell.o(.constdata)
    shellDesccmds                            0x0800511a   Data          13  shell.o(.constdata)
    shellCmdvars                             0x08005127   Data           5  shell.o(.constdata)
    shellDescvars                            0x0800512c   Data          13  shell.o(.constdata)
    shellCmdkeys                             0x08005139   Data           5  shell.o(.constdata)
    shellDesckeys                            0x0800513e   Data          13  shell.o(.constdata)
    shellCmdclear                            0x0800514b   Data           6  shell.o(.constdata)
    shellDescclear                           0x08005151   Data          14  shell.o(.constdata)
    shellCmdlogSetLevel                      0x0800516d   Data          12  log.o(.constdata)
    shellDesclogSetLevel                     0x08005179   Data          42  log.o(.constdata)
    shellCmdhexdump                          0x080051a3   Data           8  log.o(.constdata)
    shellDeschexdump                         0x080051ab   Data          46  log.o(.constdata)
    AHBPrescTable                            0x080051e5   Data          16  system_stm32f4xx.o(.constdata)
    APBPrescTable                            0x080051f5   Data           8  system_stm32f4xx.o(.constdata)
    Region$$Table$$Base                      0x080054ec   Number         0  anon$$obj.o(Region$$Table)
    Region$$Table$$Limit                     0x0800550c   Number         0  anon$$obj.o(Region$$Table)
    shellCommand$$Base                       0x0800550c   Number         0  shell.o(shellCommand)
    shellUserDefault                         0x0800550c   Data          16  shell.o(shellCommand)
    shellCommandsetVar                       0x0800551c   Data          16  shell.o(shellCommand)
    shellKey0x1B5B4100                       0x0800552c   Data          16  shell.o(shellCommand)
    shellKey0x1B5B4200                       0x0800553c   Data          16  shell.o(shellCommand)
    shellKey0x1B5B4300                       0x0800554c   Data          16  shell.o(shellCommand)
    shellKey0x1B5B4400                       0x0800555c   Data          16  shell.o(shellCommand)
    shellKey0x09000000                       0x0800556c   Data          16  shell.o(shellCommand)
    shellKey0x08000000                       0x0800557c   Data          16  shell.o(shellCommand)
    shellKey0x7F000000                       0x0800558c   Data          16  shell.o(shellCommand)
    shellKey0x1B5B337E                       0x0800559c   Data          16  shell.o(shellCommand)
    shellKey0x0A000000                       0x080055ac   Data          16  shell.o(shellCommand)
    shellKey0x0D000000                       0x080055bc   Data          16  shell.o(shellCommand)
    shellCommandhelp                         0x080055cc   Data          16  shell.o(shellCommand)
    shellCommandusers                        0x080055dc   Data          16  shell.o(shellCommand)
    shellCommandcmds                         0x080055ec   Data          16  shell.o(shellCommand)
    shellCommandvars                         0x080055fc   Data          16  shell.o(shellCommand)
    shellCommandkeys                         0x0800560c   Data          16  shell.o(shellCommand)
    shellCommandclear                        0x0800561c   Data          16  shell.o(shellCommand)
    shellCommandlogSetLevel                  0x0800562c   Data          16  log.o(shellCommand)
    shellCommandhexdump                      0x0800563c   Data          16  log.o(shellCommand)
    shellCommand$$Limit                      0x0800564c   Number         0  log.o(shellCommand)
    pairedChars                              0x20000000   Data           2  shell.o(.data)
    isAlive                                  0x20000064   Data           1  main.o(.data)
    IntCount                                 0x20000068   Data           4  main.o(.data)
    uwTickFreq                               0x2000006c   Data           1  stm32f4xx_hal.o(.data)
    uwTickPrio                               0x20000070   Data           4  stm32f4xx_hal.o(.data)
    uwTick                                   0x20000074   Data           4  stm32f4xx_hal.o(.data)
    SystemCoreClock                          0x20000078   Data           4  system_stm32f4xx.o(.data)
    pxCurrentTCB                             0x2000007c   Data           4  tasks.o(.data)
    shell                                    0x20000184   Data         108  shell_port.o(.bss)
    shellBuffer                              0x200001f0   Data         512  shell_port.o(.bss)
    logList                                  0x200003f0   Data          20  log.o(.bss)
    hi2c1                                    0x20000758   Data          84  i2c.o(.bss)
    hi2c2                                    0x200007ac   Data          84  i2c.o(.bss)
    hspi2                                    0x20000800   Data          88  spi.o(.bss)
    huart2                                   0x20000858   Data          72  usart.o(.bss)
    huart6                                   0x200008a0   Data          72  usart.o(.bss)
    __initial_sp                             0x200049d8   Data           0  startup_stm32f401xe.o(STACK)



==============================================================================

Memory Map of the image

  Image Entry point : 0x08000195

  Load Region LR_IROM1 (Base: 0x08000000, Size: 0x00005730, Max: 0x00080000, ABSOLUTE)

    Execution Region ER_IROM1 (Exec base: 0x08000000, Load base: 0x08000000, Size: 0x0000564c, Max: 0x00080000, ABSOLUTE)

    Exec Addr    Load Addr    Size         Type   Attr      Idx    E Section Name        Object

    0x08000000   0x08000000   0x00000194   Data   RO            3    RESET               startup_stm32f401xe.o
    0x08000194   0x08000194   0x00000000   Code   RO         5708  * .ARM.Collect$$$$00000000  mc_w.l(entry.o)
    0x08000194   0x08000194   0x00000004   Code   RO         5988    .ARM.Collect$$$$00000001  mc_w.l(entry2.o)
    0x08000198   0x08000198   0x00000004   Code   RO         5991    .ARM.Collect$$$$00000004  mc_w.l(entry5.o)
    0x0800019c   0x0800019c   0x00000000   Code   RO         5993    .ARM.Collect$$$$00000008  mc_w.l(entry7b.o)
    0x0800019c   0x0800019c   0x00000000   Code   RO         5995    .ARM.Collect$$$$0000000A  mc_w.l(entry8b.o)
    0x0800019c   0x0800019c   0x00000008   Code   RO         5996    .ARM.Collect$$$$0000000B  mc_w.l(entry9a.o)
    0x080001a4   0x080001a4   0x00000000   Code   RO         5998    .ARM.Collect$$$$0000000D  mc_w.l(entry10a.o)
    0x080001a4   0x080001a4   0x00000000   Code   RO         6000    .ARM.Collect$$$$0000000F  mc_w.l(entry11a.o)
    0x080001a4   0x080001a4   0x00000004   Code   RO         5989    .ARM.Collect$$$$00002712  mc_w.l(entry2.o)
    0x080001a8   0x080001a8   0x000000be   Code   RO         5631    .emb_text           port.o
    0x08000266   0x08000266   0x00000002   PAD
    0x08000268   0x08000268   0x00000024   Code   RO            4    .text               startup_stm32f401xe.o
    0x0800028c   0x0800028c   0x00000062   Code   RO         5711    .text               mc_w.l(uldiv.o)
    0x080002ee   0x080002ee   0x00000024   Code   RO         5713    .text               mc_w.l(memcpya.o)
    0x08000312   0x08000312   0x00000024   Code   RO         5717    .text               mc_w.l(memseta.o)
    0x08000336   0x08000336   0x0000000e   Code   RO         5719    .text               mc_w.l(strlen.o)
    0x08000344   0x08000344   0x0000001c   Code   RO         5721    .text               mc_w.l(strcmp.o)
    0x08000360   0x08000360   0x0000001e   Code   RO         5723    .text               mc_w.l(strncmp.o)
    0x0800037e   0x0800037e   0x0000002c   Code   RO         6003    .text               mc_w.l(uidiv.o)
    0x080003aa   0x080003aa   0x0000001e   Code   RO         6005    .text               mc_w.l(llshl.o)
    0x080003c8   0x080003c8   0x00000020   Code   RO         6007    .text               mc_w.l(llushr.o)
    0x080003e8   0x080003e8   0x00000000   Code   RO         6009    .text               mc_w.l(iusefp.o)
    0x080003e8   0x080003e8   0x0000014e   Code   RO         6010    .text               mf_w.l(dadd.o)
    0x08000536   0x08000536   0x000000e4   Code   RO         6012    .text               mf_w.l(dmul.o)
    0x0800061a   0x0800061a   0x000000de   Code   RO         6014    .text               mf_w.l(ddiv.o)
    0x080006f8   0x080006f8   0x00000030   Code   RO         6016    .text               mf_w.l(dfixul.o)
    0x08000728   0x08000728   0x00000030   Code   RO         6018    .text               mf_w.l(cdrcmple.o)
    0x08000758   0x08000758   0x00000024   Code   RO         6020    .text               mc_w.l(init.o)
    0x0800077c   0x0800077c   0x00000024   Code   RO         6022    .text               mc_w.l(llsshr.o)
    0x080007a0   0x080007a0   0x000000ba   Code   RO         6024    .text               mf_w.l(depilogue.o)
    0x0800085a   0x0800085a   0x00000002   Code   RO         1923    i.BusFault_Handler  stm32f4xx_it.o
    0x0800085c   0x0800085c   0x00000002   Code   RO         1924    i.DebugMon_Handler  stm32f4xx_it.o
    0x0800085e   0x0800085e   0x00000016   Code   RO         1925    i.EXTI15_10_IRQHandler  stm32f4xx_it.o
    0x08000874   0x08000874   0x00000006   Code   RO         1926    i.EXTI4_IRQHandler  stm32f4xx_it.o
    0x0800087a   0x0800087a   0x00000004   Code   RO         1595    i.Error_Handler     main.o
    0x0800087e   0x0800087e   0x00000092   Code   RO         2515    i.HAL_DMA_Abort     stm32f4xx_hal_dma.o
    0x08000910   0x08000910   0x00000024   Code   RO         2516    i.HAL_DMA_Abort_IT  stm32f4xx_hal_dma.o
    0x08000934   0x08000934   0x00000014   Code   RO         1596    i.HAL_GPIO_EXTI_Callback  main.o
    0x08000948   0x08000948   0x00000018   Code   RO         2407    i.HAL_GPIO_EXTI_IRQHandler  stm32f4xx_hal_gpio.o
    0x08000960   0x08000960   0x000001e0   Code   RO         2408    i.HAL_GPIO_Init     stm32f4xx_hal_gpio.o
    0x08000b40   0x08000b40   0x0000000a   Code   RO         2412    i.HAL_GPIO_WritePin  stm32f4xx_hal_gpio.o
    0x08000b4a   0x08000b4a   0x00000002   PAD
    0x08000b4c   0x08000b4c   0x0000000c   Code   RO         2982    i.HAL_GetTick       stm32f4xx_hal.o
    0x08000b58   0x08000b58   0x00000188   Code   RO         3238    i.HAL_I2C_Init      stm32f4xx_hal_i2c.o
    0x08000ce0   0x08000ce0   0x000000c4   Code   RO         1780    i.HAL_I2C_MspInit   i2c.o
    0x08000da4   0x08000da4   0x00000010   Code   RO         2988    i.HAL_IncTick       stm32f4xx_hal.o
    0x08000db4   0x08000db4   0x00000034   Code   RO         2989    i.HAL_Init          stm32f4xx_hal.o
    0x08000de8   0x08000de8   0x00000040   Code   RO         2990    i.HAL_InitTick      stm32f4xx_hal.o
    0x08000e28   0x08000e28   0x00000038   Code   RO         2005    i.HAL_MspInit       stm32f4xx_hal_msp.o
    0x08000e60   0x08000e60   0x0000001a   Code   RO         2824    i.HAL_NVIC_EnableIRQ  stm32f4xx_hal_cortex.o
    0x08000e7a   0x08000e7a   0x00000002   PAD
    0x08000e7c   0x08000e7c   0x00000040   Code   RO         2830    i.HAL_NVIC_SetPriority  stm32f4xx_hal_cortex.o
    0x08000ebc   0x08000ebc   0x00000024   Code   RO         2831    i.HAL_NVIC_SetPriorityGrouping  stm32f4xx_hal_cortex.o
    0x08000ee0   0x08000ee0   0x00000134   Code   RO         2030    i.HAL_RCC_ClockConfig  stm32f4xx_hal_rcc.o
    0x08001014   0x08001014   0x00000020   Code   RO         2037    i.HAL_RCC_GetPCLK1Freq  stm32f4xx_hal_rcc.o
    0x08001034   0x08001034   0x00000020   Code   RO         2038    i.HAL_RCC_GetPCLK2Freq  stm32f4xx_hal_rcc.o
    0x08001054   0x08001054   0x00000060   Code   RO         2039    i.HAL_RCC_GetSysClockFreq  stm32f4xx_hal_rcc.o
    0x080010b4   0x080010b4   0x0000036c   Code   RO         2042    i.HAL_RCC_OscConfig  stm32f4xx_hal_rcc.o
    0x08001420   0x08001420   0x000000bc   Code   RO         3705    i.HAL_SPI_Init      stm32f4xx_hal_spi.o
    0x080014dc   0x080014dc   0x00000090   Code   RO         1828    i.HAL_SPI_MspInit   spi.o
    0x0800156c   0x0800156c   0x00000028   Code   RO         2835    i.HAL_SYSTICK_Config  stm32f4xx_hal_cortex.o
    0x08001594   0x08001594   0x00000002   Code   RO         4028    i.HAL_UARTEx_RxEventCallback  stm32f4xx_hal_uart.o
    0x08001596   0x08001596   0x00000002   Code   RO         4042    i.HAL_UART_ErrorCallback  stm32f4xx_hal_uart.o
    0x08001598   0x08001598   0x00000280   Code   RO         4045    i.HAL_UART_IRQHandler  stm32f4xx_hal_uart.o
    0x08001818   0x08001818   0x00000064   Code   RO         4046    i.HAL_UART_Init     stm32f4xx_hal_uart.o
    0x0800187c   0x0800187c   0x000000c0   Code   RO         1870    i.HAL_UART_MspInit  usart.o
    0x0800193c   0x0800193c   0x0000001c   Code   RO         4051    i.HAL_UART_Receive_IT  stm32f4xx_hal_uart.o
    0x08001958   0x08001958   0x00000040   Code   RO         1440    i.HAL_UART_RxCpltCallback  shell_port.o
    0x08001998   0x08001998   0x000000a0   Code   RO         4054    i.HAL_UART_Transmit  stm32f4xx_hal_uart.o
    0x08001a38   0x08001a38   0x00000002   Code   RO         4057    i.HAL_UART_TxCpltCallback  stm32f4xx_hal_uart.o
    0x08001a3a   0x08001a3a   0x00000002   Code   RO         1927    i.HardFault_Handler  stm32f4xx_it.o
    0x08001a3c   0x08001a3c   0x00000120   Code   RO         1683    i.MX_GPIO_Init      gpio.o
    0x08001b5c   0x08001b5c   0x00000040   Code   RO         1781    i.MX_I2C1_Init      i2c.o
    0x08001b9c   0x08001b9c   0x00000040   Code   RO         1782    i.MX_I2C2_Init      i2c.o
    0x08001bdc   0x08001bdc   0x00000048   Code   RO         1829    i.MX_SPI2_Init      spi.o
    0x08001c24   0x08001c24   0x00000038   Code   RO         1871    i.MX_USART2_UART_Init  usart.o
    0x08001c5c   0x08001c5c   0x00000038   Code   RO         1872    i.MX_USART6_UART_Init  usart.o
    0x08001c94   0x08001c94   0x00000002   Code   RO         1928    i.MemManage_Handler  stm32f4xx_it.o
    0x08001c96   0x08001c96   0x00000002   Code   RO         1929    i.NMI_Handler       stm32f4xx_it.o
    0x08001c98   0x08001c98   0x00000018   Code   RO         1930    i.SysTick_Handler   stm32f4xx_it.o
    0x08001cb0   0x08001cb0   0x00000098   Code   RO         1597    i.SystemClock_Config  main.o
    0x08001d48   0x08001d48   0x00000010   Code   RO         4380    i.SystemInit        system_stm32f4xx.o
    0x08001d58   0x08001d58   0x0000000e   Code   RO         4059    i.UART_DMAAbortOnError  stm32f4xx_hal_uart.o
    0x08001d66   0x08001d66   0x0000004e   Code   RO         4069    i.UART_EndRxTransfer  stm32f4xx_hal_uart.o
    0x08001db4   0x08001db4   0x000000c2   Code   RO         4071    i.UART_Receive_IT   stm32f4xx_hal_uart.o
    0x08001e76   0x08001e76   0x00000002   PAD
    0x08001e78   0x08001e78   0x0000010c   Code   RO         4072    i.UART_SetConfig    stm32f4xx_hal_uart.o
    0x08001f84   0x08001f84   0x00000036   Code   RO         4074    i.UART_Start_Receive_IT  stm32f4xx_hal_uart.o
    0x08001fba   0x08001fba   0x00000072   Code   RO         4075    i.UART_WaitOnFlagUntilTimeout  stm32f4xx_hal_uart.o
    0x0800202c   0x0800202c   0x0000000c   Code   RO         1931    i.USART6_IRQHandler  stm32f4xx_it.o
    0x08002038   0x08002038   0x00000002   Code   RO         1932    i.UsageFault_Handler  stm32f4xx_it.o
    0x0800203a   0x0800203a   0x00000002   PAD
    0x0800203c   0x0800203c   0x00000030   Code   RO         5961    i.__0snprintf       mc_w.l(printfa.o)
    0x0800206c   0x0800206c   0x00000028   Code   RO         5962    i.__0sprintf        mc_w.l(printfa.o)
    0x08002094   0x08002094   0x0000002c   Code   RO         5965    i.__0vsnprintf      mc_w.l(printfa.o)
    0x080020c0   0x080020c0   0x00000020   Code   RO         2837    i.__NVIC_SetPriority  stm32f4xx_hal_cortex.o
    0x080020e0   0x080020e0   0x0000000e   Code   RO         6028    i.__scatterload_copy  mc_w.l(handlers.o)
    0x080020ee   0x080020ee   0x00000002   Code   RO         6029    i.__scatterload_null  mc_w.l(handlers.o)
    0x080020f0   0x080020f0   0x0000000e   Code   RO         6030    i.__scatterload_zeroinit  mc_w.l(handlers.o)
    0x080020fe   0x080020fe   0x00000002   PAD
    0x08002100   0x08002100   0x00000184   Code   RO         5967    i._fp_digits        mc_w.l(printfa.o)
    0x08002284   0x08002284   0x000006dc   Code   RO         5968    i._printf_core      mc_w.l(printfa.o)
    0x08002960   0x08002960   0x00000024   Code   RO         5969    i._printf_post_padding  mc_w.l(printfa.o)
    0x08002984   0x08002984   0x0000002e   Code   RO         5970    i._printf_pre_padding  mc_w.l(printfa.o)
    0x080029b2   0x080029b2   0x00000016   Code   RO         5971    i._snputc           mc_w.l(printfa.o)
    0x080029c8   0x080029c8   0x0000000a   Code   RO         5972    i._sputc            mc_w.l(printfa.o)
    0x080029d2   0x080029d2   0x00000002   PAD
    0x080029d4   0x080029d4   0x0000017c   Code   RO         1541    i.logHexDump        log.o
    0x08002b50   0x08002b50   0x00000074   Code   RO         1543    i.logSetLevel       log.o
    0x08002bc4   0x08002bc4   0x00000034   Code   RO         1545    i.logWrite          log.o
    0x08002bf8   0x08002bf8   0x00000058   Code   RO         1546    i.logWriteBuffer    log.o
    0x08002c50   0x08002c50   0x0000002a   Code   RO         1599    i.main              main.o
    0x08002c7a   0x08002c7a   0x0000000a   Code   RO         5202    i.osKernelStart     cmsis_os.o
    0x08002c84   0x08002c84   0x00000070   Code   RO         4879    i.prvAddCurrentTaskToDelayedList  tasks.o
    0x08002cf4   0x08002cf4   0x000000d0   Code   RO         4880    i.prvAddNewTaskToReadyList  tasks.o
    0x08002dc4   0x08002dc4   0x0000006c   Code   RO         4553    i.prvCopyDataToQueue  queue.o
    0x08002e30   0x08002e30   0x00000034   Code   RO         4881    i.prvDeleteTCB      tasks.o
    0x08002e64   0x08002e64   0x0000004c   Code   RO         5564    i.prvHeapInit       heap_4.o
    0x08002eb0   0x08002eb0   0x00000060   Code   RO         4882    i.prvIdleTask       tasks.o
    0x08002f10   0x08002f10   0x00000016   Code   RO         4554    i.prvInitialiseMutex  queue.o
    0x08002f26   0x08002f26   0x00000016   Code   RO         4555    i.prvInitialiseNewQueue  queue.o
    0x08002f3c   0x08002f3c   0x00000098   Code   RO         4883    i.prvInitialiseNewTask  tasks.o
    0x08002fd4   0x08002fd4   0x0000004c   Code   RO         5565    i.prvInsertBlockIntoFreeList  heap_4.o
    0x08003020   0x08003020   0x00000020   Code   RO         4884    i.prvResetNextTaskUnblockTime  tasks.o
    0x08003040   0x08003040   0x00000028   Code   RO         5632    i.prvTaskExitError  port.o
    0x08003068   0x08003068   0x0000006a   Code   RO         4557    i.prvUnlockQueue    queue.o
    0x080030d2   0x080030d2   0x00000002   PAD
    0x080030d4   0x080030d4   0x000000dc   Code   RO         5566    i.pvPortMalloc      heap_4.o
    0x080031b0   0x080031b0   0x0000002c   Code   RO         5633    i.pxPortInitialiseStack  port.o
    0x080031dc   0x080031dc   0x00000006   Code   RO         1029    i.shellBackspace    shell.o
    0x080031e2   0x080031e2   0x00000030   Code   RO         1030    i.shellCheckPermission  shell.o
    0x08003212   0x08003212   0x00000002   PAD
    0x08003214   0x08003214   0x0000001c   Code   RO         1031    i.shellClear        shell.o
    0x08003230   0x08003230   0x00000030   Code   RO         1032    i.shellClearCommandLine  shell.o
    0x08003260   0x08003260   0x00000014   Code   RO         1033    i.shellCmds         shell.o
    0x08003274   0x08003274   0x00000008   Code   RO         1034    i.shellDelete       shell.o
    0x0800327c   0x0800327c   0x000000d6   Code   RO         1035    i.shellDeleteByte   shell.o
    0x08003352   0x08003352   0x00000002   PAD
    0x08003354   0x08003354   0x0000001c   Code   RO         1036    i.shellDeleteCommandLine  shell.o
    0x08003370   0x08003370   0x00000008   Code   RO         1037    i.shellDown         shell.o
    0x08003378   0x08003378   0x00000014   Code   RO         1038    i.shellEnter        shell.o
    0x0800338c   0x0800338c   0x000000a0   Code   RO         1039    i.shellExec         shell.o
    0x0800342c   0x0800342c   0x00000046   Code   RO         1409    i.shellExtParseChar  shell_ext.o
    0x08003472   0x08003472   0x0000010a   Code   RO         1410    i.shellExtParseNumber  shell_ext.o
    0x0800357c   0x0800357c   0x000000b8   Code   RO         1411    i.shellExtParsePara  shell_ext.o
    0x08003634   0x08003634   0x000000ce   Code   RO         1412    i.shellExtRun       shell_ext.o
    0x08003702   0x08003702   0x00000004   Code   RO         1040    i.shellGetCommandDesc  shell.o
    0x08003706   0x08003706   0x00000002   PAD
    0x08003708   0x08003708   0x00000038   Code   RO         1041    i.shellGetCommandName  shell.o
    0x08003740   0x08003740   0x00000028   Code   RO         1042    i.shellGetCurrent   shell.o
    0x08003768   0x08003768   0x0000003e   Code   RO         1043    i.shellGetVarValue  shell.o
    0x080037a6   0x080037a6   0x00000002   PAD
    0x080037a8   0x080037a8   0x000000cc   Code   RO         1044    i.shellHandler      shell.o
    0x08003874   0x08003874   0x00000028   Code   RO         1045    i.shellHelp         shell.o
    0x0800389c   0x0800389c   0x00000098   Code   RO         1046    i.shellHistory      shell.o
    0x08003934   0x08003934   0x00000068   Code   RO         1047    i.shellHistoryAdd   shell.o
    0x0800399c   0x0800399c   0x000000a0   Code   RO         1048    i.shellInit         shell.o
    0x08003a3c   0x08003a3c   0x000000ec   Code   RO         1049    i.shellInsertByte   shell.o
    0x08003b28   0x08003b28   0x00000014   Code   RO         1050    i.shellKeys         shell.o
    0x08003b3c   0x08003b3c   0x00000020   Code   RO         1051    i.shellLeft         shell.o
    0x08003b5c   0x08003b5c   0x0000004c   Code   RO         1053    i.shellListCommand  shell.o
    0x08003ba8   0x08003ba8   0x000000f4   Code   RO         1054    i.shellListItem     shell.o
    0x08003c9c   0x08003c9c   0x00000050   Code   RO         1055    i.shellListKey      shell.o
    0x08003cec   0x08003cec   0x00000050   Code   RO         1056    i.shellListUser     shell.o
    0x08003d3c   0x08003d3c   0x00000050   Code   RO         1057    i.shellListVar      shell.o
    0x08003d8c   0x08003d8c   0x00000010   Code   RO         1058    i.shellNormalInput  shell.o
    0x08003d9c   0x08003d9c   0x00000020   Code   RO         1061    i.shellRight        shell.o
    0x08003dbc   0x08003dbc   0x000000ba   Code   RO         1063    i.shellRunCommand   shell.o
    0x08003e76   0x08003e76   0x00000002   PAD
    0x08003e78   0x08003e78   0x0000006e   Code   RO         1064    i.shellSeekCommand  shell.o
    0x08003ee6   0x08003ee6   0x00000002   PAD
    0x08003ee8   0x08003ee8   0x00000060   Code   RO         1065    i.shellSetUser      shell.o
    0x08003f48   0x08003f48   0x00000058   Code   RO         1066    i.shellSetVar       shell.o
    0x08003fa0   0x08003fa0   0x00000070   Code   RO         1067    i.shellSetVarValue  shell.o
    0x08004010   0x08004010   0x000000b0   Code   RO         1068    i.shellShowVar      shell.o
    0x080040c0   0x080040c0   0x000000ec   Code   RO         1069    i.shellSplit        shell.o
    0x080041ac   0x080041ac   0x00000024   Code   RO         1070    i.shellStringCompare  shell.o
    0x080041d0   0x080041d0   0x00000018   Code   RO         1071    i.shellStringCopy   shell.o
    0x080041e8   0x080041e8   0x000000fc   Code   RO         1072    i.shellTab          shell.o
    0x080042e4   0x080042e4   0x00000020   Code   RO         1073    i.shellTask         shell.o
    0x08004304   0x08004304   0x0000004c   Code   RO         1074    i.shellToDec        shell.o
    0x08004350   0x08004350   0x0000002a   Code   RO         1075    i.shellToHex        shell.o
    0x0800437a   0x0800437a   0x00000006   Code   RO         1076    i.shellUp           shell.o
    0x08004380   0x08004380   0x00000014   Code   RO         1077    i.shellUsers        shell.o
    0x08004394   0x08004394   0x00000014   Code   RO         1078    i.shellVars         shell.o
    0x080043a8   0x080043a8   0x00000058   Code   RO         1079    i.shellWriteCommandHelp  shell.o
    0x08004400   0x08004400   0x0000005c   Code   RO         1080    i.shellWritePrompt  shell.o
    0x0800445c   0x0800445c   0x00000080   Code   RO         1081    i.shellWriteReturnValue  shell.o
    0x080044dc   0x080044dc   0x00000024   Code   RO         1082    i.shellWriteString  shell.o
    0x08004500   0x08004500   0x000000f0   Code   RO         1441    i.userShellInit     shell_port.o
    0x080045f0   0x080045f0   0x00000034   Code   RO         1443    i.userShellRead     shell_port.o
    0x08004624   0x08004624   0x0000001c   Code   RO         1445    i.userShellWrite    shell_port.o
    0x08004640   0x08004640   0x00000026   Code   RO         4512    i.uxListRemove      list.o
    0x08004666   0x08004666   0x00000002   PAD
    0x08004668   0x08004668   0x00000014   Code   RO         1713    i.vApplicationGetIdleTaskMemory  freertos.o
    0x0800467c   0x0800467c   0x00000016   Code   RO         4513    i.vListInitialise   list.o
    0x08004692   0x08004692   0x00000006   Code   RO         4514    i.vListInitialiseItem  list.o
    0x08004698   0x08004698   0x00000030   Code   RO         4515    i.vListInsert       list.o
    0x080046c8   0x080046c8   0x00000018   Code   RO         4516    i.vListInsertEnd    list.o
    0x080046e0   0x080046e0   0x00000040   Code   RO         5635    i.vPortEnterCritical  port.o
    0x08004720   0x08004720   0x00000028   Code   RO         5636    i.vPortExitCritical  port.o
    0x08004748   0x08004748   0x00000064   Code   RO         5567    i.vPortFree         heap_4.o
    0x080047ac   0x080047ac   0x00000024   Code   RO         5637    i.vPortSetupTimerInterrupt  port.o
    0x080047d0   0x080047d0   0x0000004c   Code   RO         4893    i.vTaskDelay        tasks.o
    0x0800481c   0x0800481c   0x00000010   Code   RO         4896    i.vTaskInternalSetTimeOutState  tasks.o
    0x0800482c   0x0800482c   0x0000000c   Code   RO         4897    i.vTaskMissedYield  tasks.o
    0x08004838   0x08004838   0x00000030   Code   RO         4899    i.vTaskPlaceOnEventList  tasks.o
    0x08004868   0x08004868   0x0000006c   Code   RO         4906    i.vTaskStartScheduler  tasks.o
    0x080048d4   0x080048d4   0x00000010   Code   RO         4908    i.vTaskSuspendAll   tasks.o
    0x080048e4   0x080048e4   0x0000005c   Code   RO         4909    i.vTaskSwitchContext  tasks.o
    0x08004940   0x08004940   0x000000f4   Code   RO         5639    i.xPortStartScheduler  port.o
    0x08004a34   0x08004a34   0x0000002c   Code   RO         5640    i.xPortSysTickHandler  port.o
    0x08004a60   0x08004a60   0x00000016   Code   RO         4564    i.xQueueCreateMutex  queue.o
    0x08004a76   0x08004a76   0x00000042   Code   RO         4566    i.xQueueGenericCreate  queue.o
    0x08004ab8   0x08004ab8   0x00000088   Code   RO         4568    i.xQueueGenericReset  queue.o
    0x08004b40   0x08004b40   0x00000160   Code   RO         4569    i.xQueueGenericSend  queue.o
    0x08004ca0   0x08004ca0   0x00000074   Code   RO         4911    i.xTaskCheckForTimeOut  tasks.o
    0x08004d14   0x08004d14   0x0000005a   Code   RO         4912    i.xTaskCreate       tasks.o
    0x08004d6e   0x08004d6e   0x00000056   Code   RO         4913    i.xTaskCreateStatic  tasks.o
    0x08004dc4   0x08004dc4   0x0000001c   Code   RO         4917    i.xTaskGetSchedulerState  tasks.o
    0x08004de0   0x08004de0   0x000000cc   Code   RO         4920    i.xTaskIncrementTick  tasks.o
    0x08004eac   0x08004eac   0x00000098   Code   RO         4923    i.xTaskPriorityDisinherit  tasks.o
    0x08004f44   0x08004f44   0x00000074   Code   RO         4925    i.xTaskRemoveFromEventList  tasks.o
    0x08004fb8   0x08004fb8   0x000000c4   Code   RO         4926    i.xTaskResumeAll    tasks.o
    0x0800507c   0x0800507c   0x00000007   Data   RO         1084    .constdata          shell.o
    0x08005083   0x08005083   0x00000001   Data   RO         1085    .constdata          shell.o
    0x08005084   0x08005084   0x0000000d   Data   RO         1086    .constdata          shell.o
    0x08005091   0x08005091   0x00000007   Data   RO         1087    .constdata          shell.o
    0x08005098   0x08005098   0x00000008   Data   RO         1088    .constdata          shell.o
    0x080050a0   0x080050a0   0x00000003   Data   RO         1089    .constdata          shell.o
    0x080050a3   0x080050a3   0x00000005   Data   RO         1090    .constdata          shell.o
    0x080050a8   0x080050a8   0x00000006   Data   RO         1091    .constdata          shell.o
    0x080050ae   0x080050ae   0x00000005   Data   RO         1092    .constdata          shell.o
    0x080050b3   0x080050b3   0x00000004   Data   RO         1093    .constdata          shell.o
    0x080050b7   0x080050b7   0x0000000a   Data   RO         1094    .constdata          shell.o
    0x080050c1   0x080050c1   0x0000000a   Data   RO         1095    .constdata          shell.o
    0x080050cb   0x080050cb   0x00000007   Data   RO         1096    .constdata          shell.o
    0x080050d2   0x080050d2   0x00000006   Data   RO         1097    .constdata          shell.o
    0x080050d8   0x080050d8   0x00000006   Data   RO         1098    .constdata          shell.o
    0x080050de   0x080050de   0x00000005   Data   RO         1099    .constdata          shell.o
    0x080050e3   0x080050e3   0x0000001e   Data   RO         1100    .constdata          shell.o
    0x08005101   0x08005101   0x00000006   Data   RO         1101    .constdata          shell.o
    0x08005107   0x08005107   0x0000000e   Data   RO         1102    .constdata          shell.o
    0x08005115   0x08005115   0x00000005   Data   RO         1103    .constdata          shell.o
    0x0800511a   0x0800511a   0x0000000d   Data   RO         1104    .constdata          shell.o
    0x08005127   0x08005127   0x00000005   Data   RO         1105    .constdata          shell.o
    0x0800512c   0x0800512c   0x0000000d   Data   RO         1106    .constdata          shell.o
    0x08005139   0x08005139   0x00000005   Data   RO         1107    .constdata          shell.o
    0x0800513e   0x0800513e   0x0000000d   Data   RO         1108    .constdata          shell.o
    0x0800514b   0x0800514b   0x00000006   Data   RO         1109    .constdata          shell.o
    0x08005151   0x08005151   0x0000000e   Data   RO         1110    .constdata          shell.o
    0x0800515f   0x0800515f   0x0000000e   Data   RO         1447    .constdata          shell_port.o
    0x0800516d   0x0800516d   0x0000000c   Data   RO         1548    .constdata          log.o
    0x08005179   0x08005179   0x0000002a   Data   RO         1549    .constdata          log.o
    0x080051a3   0x080051a3   0x00000008   Data   RO         1550    .constdata          log.o
    0x080051ab   0x080051ab   0x0000002e   Data   RO         1551    .constdata          log.o
    0x080051d9   0x080051d9   0x0000000c   Data   RO         1552    .constdata          log.o
    0x080051e5   0x080051e5   0x00000010   Data   RO         4381    .constdata          system_stm32f4xx.o
    0x080051f5   0x080051f5   0x00000008   Data   RO         4382    .constdata          system_stm32f4xx.o
    0x080051fd   0x080051fd   0x00000003   PAD
    0x08005200   0x08005200   0x000002a1   Data   RO         1111    .conststring        shell.o
    0x080054a1   0x080054a1   0x00000003   PAD
    0x080054a4   0x080054a4   0x00000048   Data   RO         1553    .conststring        log.o
    0x080054ec   0x080054ec   0x00000020   Data   RO         6026    Region$$Table       anon$$obj.o
    0x0800550c   0x0800550c   0x00000120   Data   RO         1113    shellCommand        shell.o
    0x0800562c   0x0800562c   0x00000020   Data   RO         1554    shellCommand        log.o


    Execution Region RW_IRAM1 (Exec base: 0x20000000, Load base: 0x0800564c, Size: 0x000049d8, Max: 0x00018000, ABSOLUTE)

    Exec Addr    Load Addr    Size         Type   Attr      Idx    E Section Name        Object

    0x20000000   0x0800564c   0x00000058   Data   RW         1112    .data               shell.o
    0x20000058   0x080056a4   0x0000000c   Data   RW         1448    .data               shell_port.o
    0x20000064   0x080056b0   0x00000008   Data   RW         1604    .data               main.o
    0x2000006c   0x080056b8   0x0000000c   Data   RW         2996    .data               stm32f4xx_hal.o
    0x20000078   0x080056c4   0x00000004   Data   RW         4383    .data               system_stm32f4xx.o
    0x2000007c   0x080056c8   0x0000003c   Data   RW         4929    .data               tasks.o
    0x200000b8   0x08005704   0x00000020   Data   RW         5573    .data               heap_4.o
    0x200000d8   0x08005724   0x0000000c   Data   RW         5641    .data               port.o
    0x200000e4        -       0x0000001d   Zero   RW         1083    .bss                shell.o
    0x20000101   0x08005730   0x00000003   PAD
    0x20000104        -       0x000002ec   Zero   RW         1446    .bss                shell_port.o
    0x200003f0        -       0x00000114   Zero   RW         1547    .bss                log.o
    0x20000504        -       0x00000254   Zero   RW         1714    .bss                freertos.o
    0x20000758        -       0x000000a8   Zero   RW         1783    .bss                i2c.o
    0x20000800        -       0x00000058   Zero   RW         1830    .bss                spi.o
    0x20000858        -       0x00000090   Zero   RW         1874    .bss                usart.o
    0x200008e8        -       0x000000f0   Zero   RW         4928    .bss                tasks.o
    0x200009d8        -       0x00003c00   Zero   RW         5572    .bss                heap_4.o
    0x200045d8        -       0x00000400   Zero   RW            1    STACK               startup_stm32f401xe.o


==============================================================================

Image component sizes


      Code (inc. data)   RO Data    RW Data    ZI Data      Debug   Object Name

        10          0          0          0          0      21130   cmsis_os.o
         0          0          0          0          0      18436   event_groups.o
        20          4          0          0        596       2139   freertos.o
       288         16          0          0          0       1023   gpio.o
       472         24          0         32      15360       7359   heap_4.o
       324         42          0          0        168       2330   i2c.o
       138          0          0          0          0       3498   list.o
       636        166        224          0        276       4342   log.o
       218         16          0          8          0      10264   main.o
       702         72          0         12          0      10912   port.o
         0          0          0          0          0        524   ps2.o
       834         10          0          0          0      11995   queue.o
      4162        230       1188         88         29      44771   shell.o
       726          8          0          0          0       5626   shell_ext.o
       384        164         14         12        748      30571   shell_port.o
       216         24          0          0         88       1713   spi.o
        36          8        404          0       1024        828   startup_stm32f401xe.o
       144         24          0         12          0       8577   stm32f4xx_hal.o
       198         14          0          0          0      33775   stm32f4xx_hal_cortex.o
       182          0          0          0          0       2075   stm32f4xx_hal_dma.o
       514         40          0          0          0       2763   stm32f4xx_hal_gpio.o
       392         16          0          0          0       3211   stm32f4xx_hal_i2c.o
        56          4          0          0          0        850   stm32f4xx_hal_msp.o
      1344         72          0          0          0       5212   stm32f4xx_hal_rcc.o
       188          0          0          0          0       1199   stm32f4xx_hal_spi.o
      1656         14          0          0          0      11332   stm32f4xx_hal_uart.o
        76          6          0          0          0       4697   stm32f4xx_it.o
        16          4         24          4          0       1103   system_stm32f4xx.o
      2008        150          0         60        240      24918   tasks.o
       304         34          0          0        144       2455   usart.o
         0          0          0          0          0     405488   vl53l7cx_api.o
         0          0          0          0          0        392   vl53l7cx_plugin_detection_thresholds.o
         0          0          0          0          0       5008   vl53l8cx_api.o

    ----------------------------------------------------------------------
     16270       1162       1892        228      18676     690516   Object Totals
         0          0         32          0          0          0   (incl. Generated)
        26          0          6          0          3          0   (incl. Padding)

    ----------------------------------------------------------------------

      Code (inc. data)   RO Data    RW Data    ZI Data      Debug   Library Member Name

         0          0          0          0          0          0   entry.o
         0          0          0          0          0          0   entry10a.o
         0          0          0          0          0          0   entry11a.o
         8          4          0          0          0          0   entry2.o
         4          0          0          0          0          0   entry5.o
         0          0          0          0          0          0   entry7b.o
         0          0          0          0          0          0   entry8b.o
         8          4          0          0          0          0   entry9a.o
        30          0          0          0          0          0   handlers.o
        36          8          0          0          0         68   init.o
         0          0          0          0          0          0   iusefp.o
        30          0          0          0          0         68   llshl.o
        36          0          0          0          0         68   llsshr.o
        32          0          0          0          0         68   llushr.o
        36          0          0          0          0         68   memcpya.o
        36          0          0          0          0        108   memseta.o
      2390         94          0          0          0        752   printfa.o
        28          0          0          0          0         76   strcmp.o
        14          0          0          0          0         68   strlen.o
        30          0          0          0          0         80   strncmp.o
        44          0          0          0          0         80   uidiv.o
        98          0          0          0          0         92   uldiv.o
        48          0          0          0          0         68   cdrcmple.o
       334          0          0          0          0        148   dadd.o
       222          0          0          0          0        100   ddiv.o
       186          0          0          0          0        176   depilogue.o
        48          0          0          0          0         68   dfixul.o
       228          0          0          0          0         96   dmul.o

    ----------------------------------------------------------------------
      3930        110          0          0          0       2252   Library Totals
         4          0          0          0          0          0   (incl. Padding)

    ----------------------------------------------------------------------

      Code (inc. data)   RO Data    RW Data    ZI Data      Debug   Library Name

      2860        110          0          0          0       1596   mc_w.l
      1066          0          0          0          0        656   mf_w.l

    ----------------------------------------------------------------------
      3930        110          0          0          0       2252   Library Totals

    ----------------------------------------------------------------------

==============================================================================


      Code (inc. data)   RO Data    RW Data    ZI Data      Debug   

     20200       1272       1892        228      18676     675476   Grand Totals
     20200       1272       1892        228      18676     675476   ELF Image Totals
     20200       1272       1892        228          0          0   ROM Totals

==============================================================================

    Total RO  Size (Code + RO Data)                22092 (  21.57kB)
    Total RW  Size (RW Data + ZI Data)             18904 (  18.46kB)
    Total ROM Size (Code + RO Data + RW Data)      22320 (  21.80kB)

==============================================================================

